07-26 15:26:42.996  2309  2309 I notification_enqueue: [10010,2495,com.android.systemui,-284766,NULL,0,Notification(pri=0 contentView=null vibrate=null sound=null defaults=0x0 flags=0x2 color=0x00000000 groupKey=honda_notification_icons_group vis=PRIVATE),1]
07-26 15:26:45.493  2309  2309 I notification_enqueue: [10010,2495,com.android.systemui,-284765,NULL,0,Notification(pri=0 contentView=null vibrate=null sound=null defaults=0x0 flags=0x2 color=0x00000000 groupKey=honda_notification_icons_group vis=PRIVATE),1]
07-26 15:26:45.495  2309  2309 I notification_enqueue: [10010,2495,com.android.systemui,-284766,NULL,0,Notification(pri=0 contentView=null vibrate=null sound=null defaults=0x0 flags=0x2 color=0x00000000 groupKey=honda_notification_icons_group vis=PRIVATE),1]
07-26 15:26:46.461  2633  2633 I auditd  : type=1400 audit(0.0:44): avc: granted { write } for comm="Binder_2" name="presetFMttuner.pref" dev="mmcblk0p20" ino=421982 scontext=u:r:system_app:s0 tcontext=u:object_r:system_data_file:s0 tclass=file
07-26 15:26:46.461  2633  2633 I auditd  : type=1400 audit(0.0:45): avc: granted { write } for comm="Binder_2" path="/data/system/persistence/presetFMttuner.pref" dev="mmcblk0p20" ino=421982 scontext=u:r:system_app:s0 tcontext=u:object_r:system_data_file:s0 tclass=file
07-26 15:26:46.461  2633  2633 I auditd  : type=1400 audit(0.0:46): avc: granted { write } for comm="Binder_2" name="presetFMttuner.pref" dev="mmcblk0p20" ino=421982 scontext=u:r:system_app:s0 tcontext=u:object_r:system_data_file:s0 tclass=file
07-26 15:26:46.859  1837  1837 I sf_frame_dur: [com.honda.tjba.tuner/com.honda.tjba.tuner.ui.activity.FMActivity,0,2,0,0,0,2,0]
07-26 15:26:52.256  4518  4538 I force_gc: Binder
07-26 15:26:53.154  2309  2512 I force_gc: Binder
07-26 15:26:53.850  3313  3342 I force_gc: Binder
07-26 15:26:58.722  2309  2413 I am_home_stack_moved: [0,1,0,0,intentActivityFound]
07-26 15:26:58.722  2309  2413 I wm_task_moved: [1,1,0]
07-26 15:26:58.724  2309  2413 I am_home_stack_moved: [0,1,0,0,bringingFoundTaskToFront]
07-26 15:26:58.724  2309  2413 I wm_task_moved: [1,1,0]
07-26 15:26:58.726  2309  2413 I am_pause_activity: [0,403593641,com.honda.tjba.tuner/.ui.activity.FMActivity]
07-26 15:26:58.727  2309  2413 I am_task_to_front: [0,1]
07-26 15:26:58.727  2309  2413 I am_new_intent: [0,760862268,1,com.honda.tjba.launcher/.ui.HomeActivity,android.intent.action.MAIN,NULL,NULL,274726912]
07-26 15:26:58.729  4619  4619 I am_on_paused_called: [0,com.honda.tjba.tuner.ui.activity.FMActivity]
07-26 15:26:58.736  2309  3177 I am_resume_activity: [0,482506687,1,com.honda.tjba.launcher/.ui.HomeActivity]
07-26 15:26:58.749  2558  2558 I am_on_resume_called: [0,com.honda.tjba.launcher.ui.HomeActivity]
07-26 15:26:59.427  1837  1837 I sf_frame_dur: [com.honda.tjba.tuner/com.honda.tjba.tuner.ui.activity.FMActivity,88,218,48,18,14,10,6]
07-26 15:27:00.287  2309  2616 I am_home_stack_moved: [0,0,1,1,startingNewTask]
07-26 15:27:00.287  2309  2616 I wm_task_moved: [14,1,6]
07-26 15:27:00.291  2309  2616 I am_create_task: [0,15]
07-26 15:27:00.291  2309  2616 I am_create_activity: [0,546331001,15,com.honda.tjba.btaudio/.ui.activity.LandingPageActivity,NULL,NULL,NULL,335544320]
07-26 15:27:00.292  2309  2616 I wm_task_created: [15,1]
07-26 15:27:00.292  2309  2616 I wm_task_moved: [15,1,7]
07-26 15:27:00.299  2309  2616 I am_pause_activity: [0,482506687,com.honda.tjba.launcher/.ui.HomeActivity]
07-26 15:27:00.301  2309  2616 I am_home_stack_moved: [0,0,1,1,startedActivity setFocusedActivity]
07-26 15:27:00.311  2309  2616 I am_focused_activity: [0,com.honda.tjba.btaudio/.ui.activity.LandingPageActivity]
07-26 15:27:00.313  2558  2558 I am_on_paused_called: [0,com.honda.tjba.launcher.ui.HomeActivity]
07-26 15:27:00.316  2309  2623 I am_restart_activity: [0,546331001,15,com.honda.tjba.btaudio/.ui.activity.LandingPageActivity]
07-26 15:27:00.695  4587  4587 I am_on_resume_called: [0,com.honda.tjba.btaudio.ui.activity.LandingPageActivity]
07-26 15:27:00.917  1837  1837 I sf_frame_dur: [com.honda.tjba.launcher/com.honda.tjba.launcher.ui.HomeActivity,0,0,2,2,6,0,0]
07-26 15:27:01.064  2309  2355 I am_activity_launch_time: [0,546331001,com.honda.tjba.btaudio/.ui.activity.LandingPageActivity,752,752]
07-26 15:27:01.211  2309  2309 I notification_enqueue: [10034,4587,com.honda.tjba.btaudio,-406401214,NULL,0,Notification(pri=0 contentView=com.honda.tjba.btaudio/0x109007b vibrate=null sound=null defaults=0x0 flags=0x40 color=0x00000000 vis=PRIVATE),0]
07-26 15:27:01.236  2309  2309 I notification_cancel: [10010,2495,com.honda.tjba.btaudio,-406401214,NULL,0,0,66,2,NULL]
07-26 15:27:01.419  2309  2616 I force_gc: Binder
07-26 15:27:01.545  2309  2309 I notification_cancel: [1000,2309,com.honda.tjba.tuner,-1467554952,NULL,0,0,0,8,NULL]
07-26 15:27:01.545  2309  2309 I notification_canceled: [0|com.honda.tjba.tuner|-1467554952|null|10039,8]
07-26 15:27:01.941  2309  2309 I notification_enqueue: [10010,2495,com.android.systemui,-284765,NULL,0,Notification(pri=0 contentView=null vibrate=null sound=null defaults=0x0 flags=0x2 color=0x00000000 groupKey=honda_notification_icons_group vis=PRIVATE),1]
07-26 15:27:01.946  2309  2309 I notification_enqueue: [10010,2495,com.android.systemui,-284766,NULL,0,Notification(pri=0 contentView=null vibrate=null sound=null defaults=0x0 flags=0x2 color=0x00000000 groupKey=honda_notification_icons_group vis=PRIVATE),1]
07-26 15:27:04.226  2309  2512 I am_proc_start: [0,10603,1000,com.honda.auto.linkmanager.helperservice:lmsrv,service,com.honda.auto.linkmanager.helperservice/uie.linkmanager.LinkManagerService]
07-26 15:27:04.253  2309  3175 I am_proc_bound: [0,10603,com.honda.auto.linkmanager.helperservice:lmsrv]
07-26 15:27:04.683  2309  2539 I am_proc_died: [0,10603,com.honda.auto.linkmanager.helperservice:lmsrv]
07-26 15:27:22.393  2309  2309 I notification_enqueue: [10010,2495,com.android.systemui,-284765,NULL,0,Notification(pri=0 contentView=null vibrate=null sound=null defaults=0x0 flags=0x2 color=0x00000000 groupKey=honda_notification_icons_group vis=PRIVATE),1]
07-26 15:27:22.396  2309  2309 I notification_enqueue: [10010,2495,com.android.systemui,-284766,NULL,0,Notification(pri=0 contentView=null vibrate=null sound=null defaults=0x0 flags=0x2 color=0x00000000 groupKey=honda_notification_icons_group vis=PRIVATE),1]
07-26 15:27:22.618  2309  3175 I force_gc: Binder
07-26 15:27:22.740  3313 10076 I force_gc: Binder
07-26 15:27:34.610  2309 10132 I am_proc_start: [0,10685,1000,com.honda.auto.linkmanager.helperservice:lmsrv,service,com.honda.auto.linkmanager.helperservice/uie.linkmanager.LinkManagerService]
07-26 15:27:34.640  2309  2512 I am_proc_bound: [0,10685,com.honda.auto.linkmanager.helperservice:lmsrv]
07-26 15:27:35.082  2309  9760 I am_proc_died: [0,10685,com.honda.auto.linkmanager.helperservice:lmsrv]
07-26 15:27:39.757  2309  2327 I am_finish_activity: [0,546331001,15,com.honda.tjba.btaudio/.ui.activity.LandingPageActivity,app-request]
07-26 15:27:39.758  2309  2327 I am_home_stack_moved: [0,1,0,0,finishActivity adjustFocus]
07-26 15:27:39.758  2309  2327 I wm_task_moved: [1,1,0]
07-26 15:27:39.760  2309  2327 I am_home_stack_moved: [0,1,0,0,finishActivity adjustTopFocus setFocusedActivity]
07-26 15:27:39.761  2309  2327 I am_focused_activity: [0,com.honda.tjba.launcher/.ui.HomeActivity]
07-26 15:27:39.762  2309  2327 I am_pause_activity: [0,546331001,com.honda.tjba.btaudio/.ui.activity.LandingPageActivity]
07-26 15:27:39.797  4587  4587 I am_on_paused_called: [0,com.honda.tjba.btaudio.ui.activity.LandingPageActivity]
07-26 15:27:39.806  2309  2512 I am_resume_activity: [0,482506687,1,com.honda.tjba.launcher/.ui.HomeActivity]
07-26 15:27:39.823  2558  2558 I am_on_resume_called: [0,com.honda.tjba.launcher.ui.HomeActivity]
07-26 15:27:40.497  2309  2350 I am_destroy_activity: [0,546331001,15,com.honda.tjba.btaudio/.ui.activity.LandingPageActivity,finish-imm]
07-26 15:27:40.501  1837  1837 I sf_frame_dur: [com.honda.tjba.btaudio/com.honda.tjba.btaudio.ui.activity.LandingPageActivity,0,4,0,2,0,2,0]
07-26 15:27:40.505  1837  1837 I sf_frame_dur: [com.honda.tjba.btaudio/com.honda.tjba.btaudio.ui.activity.LandingPageActivity,0,0,2,0,2,0,0]
07-26 15:27:40.511  2309  3177 I wm_task_removed: [15,removeAppToken: last token]
07-26 15:27:40.511  2309  3177 I wm_task_removed: [15,removeTask]
07-26 15:27:46.485  2309  2616 I am_home_stack_moved: [0,0,1,1,startingNewTask]
07-26 15:27:46.485  2309  2616 I wm_task_moved: [14,1,6]
07-26 15:27:46.487  2309  2616 I am_create_task: [0,16]
07-26 15:27:46.487  2309  2616 I am_create_activity: [0,695521449,16,com.honda.tjba.btaudio/.ui.activity.LandingPageActivity,NULL,NULL,NULL,335544320]
07-26 15:27:46.487  2309  2616 I wm_task_created: [16,1]
07-26 15:27:46.487  2309  2616 I wm_task_moved: [16,1,7]
07-26 15:27:46.488  2309  2616 I am_pause_activity: [0,482506687,com.honda.tjba.launcher/.ui.HomeActivity]
07-26 15:27:46.489  2309  2616 I am_home_stack_moved: [0,0,1,1,startedActivity setFocusedActivity]
07-26 15:27:46.489  2309  2616 I am_focused_activity: [0,com.honda.tjba.btaudio/.ui.activity.LandingPageActivity]
07-26 15:27:46.494  2558  2558 I am_on_paused_called: [0,com.honda.tjba.launcher.ui.HomeActivity]
07-26 15:27:46.496  2309  2325 I am_restart_activity: [0,695521449,16,com.honda.tjba.btaudio/.ui.activity.LandingPageActivity]
07-26 15:27:46.500  2309  2350 I dvm_lock_sample: [system_server,1,ActivityManager,6,ActivityStackSupervisor.java,3535,ActivityManagerService.java,6426,1]
07-26 15:27:46.726  4587  4587 I am_on_resume_called: [0,com.honda.tjba.btaudio.ui.activity.LandingPageActivity]
07-26 15:27:46.987  2309  2355 I am_activity_launch_time: [0,695521449,com.honda.tjba.btaudio/.ui.activity.LandingPageActivity,493,493]
07-26 15:27:47.104  1837  1837 I sf_frame_dur: [com.honda.tjba.launcher/com.honda.tjba.launcher.ui.HomeActivity,0,0,4,4,4,0,2]
07-26 15:27:48.778  2309  2309 I notification_cancel: [10010,2495,com.android.systemui,-284768,NULL,0,0,64,8,NULL]
07-26 15:27:48.779  2309  2309 I notification_canceled: [0|com.android.systemui|-284768|null|10010,8]
07-26 15:27:52.123  4518  4538 I force_gc: Binder
07-26 15:27:52.327  2309  3175 I force_gc: Binder
07-26 15:27:52.817  3313  3345 I force_gc: Binder
07-26 15:27:53.010  2309  2539 I force_gc: Binder
07-26 15:27:55.999  2309  2413 I am_home_stack_moved: [0,1,0,0,intentActivityFound]
07-26 15:27:55.999  2309  2413 I wm_task_moved: [1,1,0]
07-26 15:27:56.002  2309  2413 I am_home_stack_moved: [0,1,0,0,bringingFoundTaskToFront]
07-26 15:27:56.002  2309  2413 I wm_task_moved: [1,1,0]
07-26 15:27:56.005  2309  2413 I am_pause_activity: [0,695521449,com.honda.tjba.btaudio/.ui.activity.LandingPageActivity]
07-26 15:27:56.006  2309  2413 I am_task_to_front: [0,1]
07-26 15:27:56.006  2309  2413 I am_new_intent: [0,679535542,1,com.honda.tjba.launcher/.ui.HomeActivity,android.intent.action.MAIN,NULL,NULL,274726912]
07-26 15:27:56.037  4587  4587 I am_on_paused_called: [0,com.honda.tjba.btaudio.ui.activity.LandingPageActivity]
07-26 15:27:56.051  2309  2569 I am_resume_activity: [0,482506687,1,com.honda.tjba.launcher/.ui.HomeActivity]
07-26 15:27:56.079  2558  2558 I am_on_resume_called: [0,com.honda.tjba.launcher.ui.HomeActivity]
07-26 15:27:56.386  1837  1837 I sf_frame_dur: [com.honda.tjba.btaudio/com.honda.tjba.btaudio.ui.activity.LandingPageActivity,0,0,2,0,0,2,0]
07-26 15:27:56.759  1837  1837 I sf_frame_dur: [com.honda.tjba.btaudio/com.honda.tjba.btaudio.ui.activity.LandingPageActivity,0,0,2,2,0,2,0]
07-26 15:27:59.799  2309  2309 I notification_enqueue: [10010,2495,com.android.systemui,-284765,NULL,0,Notification(pri=0 contentView=null vibrate=null sound=null defaults=0x0 flags=0x2 color=0x00000000 groupKey=honda_notification_icons_group vis=PRIVATE),1]
07-26 15:27:59.803  2309  2309 I notification_enqueue: [10010,2495,com.android.systemui,-284766,NULL,0,Notification(pri=0 contentView=null vibrate=null sound=null defaults=0x0 flags=0x2 color=0x00000000 groupKey=honda_notification_icons_group vis=PRIVATE),1]
07-26 15:28:00.298  2309  2309 I notification_enqueue: [10010,2495,com.android.systemui,-284765,NULL,0,Notification(pri=0 contentView=null vibrate=null sound=null defaults=0x0 flags=0x2 color=0x00000000 groupKey=honda_notification_icons_group vis=PRIVATE),1]
07-26 15:28:00.303  2309  2309 I notification_enqueue: [10010,2495,com.android.systemui,-284766,NULL,0,Notification(pri=0 contentView=null vibrate=null sound=null defaults=0x0 flags=0x2 color=0x00000000 groupKey=honda_notification_icons_group vis=PRIVATE),1]
07-26 15:28:02.792  2309  2309 I notification_enqueue: [10010,2495,com.android.systemui,-284765,NULL,0,Notification(pri=0 contentView=null vibrate=null sound=null defaults=0x0 flags=0x2 color=0x00000000 groupKey=honda_notification_icons_group vis=PRIVATE),1]
07-26 15:28:02.798  2309  2309 I notification_enqueue: [10010,2495,com.android.systemui,-284766,NULL,0,Notification(pri=0 contentView=null vibrate=null sound=null defaults=0x0 flags=0x2 color=0x00000000 groupKey=honda_notification_icons_group vis=PRIVATE),1]
07-26 15:28:04.618  2309  2569 I am_home_stack_moved: [0,0,1,1,intentActivityFound]
07-26 15:28:04.618  2309  2569 I wm_task_moved: [16,1,7]
07-26 15:28:04.621  2309  2569 I am_home_stack_moved: [0,0,1,1,bringingFoundTaskToFront]
07-26 15:28:04.621  2309  2569 I wm_task_moved: [16,1,7]
07-26 15:28:04.623  2309  2569 I am_pause_activity: [0,482506687,com.honda.tjba.launcher/.ui.HomeActivity]
07-26 15:28:04.624  2309  2569 I am_task_to_front: [0,16]
07-26 15:28:04.624  2309  2569 I am_new_intent: [0,892935591,16,com.honda.tjba.btaudio/.ui.activity.LandingPageActivity,NULL,NULL,NULL,339738624]
07-26 15:28:04.627  2558  2558 I am_on_paused_called: [0,com.honda.tjba.launcher.ui.HomeActivity]
07-26 15:28:04.629  2309  3177 I am_resume_activity: [0,695521449,16,com.honda.tjba.btaudio/.ui.activity.LandingPageActivity]
07-26 15:28:04.662  4587  4587 I am_on_resume_called: [0,com.honda.tjba.btaudio.ui.activity.LandingPageActivity]
07-26 15:28:05.085  2309  2700 I am_proc_start: [0,10777,1000,com.honda.auto.linkmanager.helperservice:lmsrv,service,com.honda.auto.linkmanager.helperservice/uie.linkmanager.LinkManagerService]
07-26 15:28:05.096  1837  1837 I sf_frame_dur: [HondaStatusBar,0,4,6,0,2,0,0]
07-26 15:28:05.133  2309  2325 I am_proc_bound: [0,10777,com.honda.auto.linkmanager.helperservice:lmsrv]
07-26 15:28:05.462  1837  1837 I sf_frame_dur: [com.honda.tjba.launcher/com.honda.tjba.launcher.ui.HomeActivity,0,0,4,2,4,0,2]
07-26 15:28:05.588  2309  2327 I am_proc_died: [0,10777,com.honda.auto.linkmanager.helperservice:lmsrv]
07-26 15:28:05.591  2309  2539 I dvm_lock_sample: [system_server,0,Binder_4,105,ActivityManagerService.java,6447,-,1255,21]
07-26 15:28:05.977  2309  3176 I am_home_stack_moved: [0,0,1,1,intentActivityFound]
07-26 15:28:05.977  2309  3176 I wm_task_moved: [16,1,7]
07-26 15:28:05.981  2309  3176 I am_home_stack_moved: [0,0,1,1,bringingFoundTaskToFront]
07-26 15:28:05.981  2309  3176 I wm_task_moved: [5,1,7]
07-26 15:28:05.984  2309  3176 I am_pause_activity: [0,695521449,com.honda.tjba.btaudio/.ui.activity.LandingPageActivity]
07-26 15:28:05.986  2309  3176 I am_task_to_front: [0,5]
07-26 15:28:05.986  2309  3176 I am_new_intent: [0,157505668,5,com.honda.settings/.bluetooth.ui.MainActivity,NULL,NULL,NULL,272629760]
07-26 15:28:06.016  4587  4587 I am_on_paused_called: [0,com.honda.tjba.btaudio.ui.activity.LandingPageActivity]
07-26 15:28:06.023  2309  2327 I am_resume_activity: [0,308210216,5,com.honda.settings/.bluetooth.ui.MainActivity]
07-26 15:28:06.108  2896  2896 I am_on_resume_called: [0,com.honda.settings.bluetooth.ui.MainActivity]
07-26 15:28:06.357  1837  1837 I sf_frame_dur: [com.honda.tjba.btaudio/com.honda.tjba.btaudio.ui.activity.LandingPageActivity,0,0,2,0,0,2,0]
07-26 15:28:06.774  2309  2350 I am_home_stack_moved: [0,0,1,1,stopActivity adjustTopFocus setFocusedActivity]
07-26 15:28:06.777  1837  1837 I sf_frame_dur: [com.honda.tjba.btaudio/com.honda.tjba.btaudio.ui.activity.LandingPageActivity,0,0,2,0,0,2,0]
07-26 15:28:06.779  2309  2350 I am_focused_activity: [0,com.honda.settings/.bluetooth.ui.MainActivity]
07-26 15:28:07.186  2309  2325 I am_home_stack_moved: [0,0,1,1,sourceStackToFront]
07-26 15:28:07.186  2309  2325 I wm_task_moved: [5,1,7]
07-26 15:28:07.188  2309  2325 I am_create_activity: [0,331997601,5,com.honda.settings/.bluetooth.ui.ProfilesActivity,NULL,NULL,NULL,0]
07-26 15:28:07.188  2309  2325 I am_pause_activity: [0,308210216,com.honda.settings/.bluetooth.ui.MainActivity]
07-26 15:28:07.190  2309  2325 I am_home_stack_moved: [0,0,1,1,startedActivity setFocusedActivity]
07-26 15:28:07.191  2309  2325 I am_focused_activity: [0,com.honda.settings/.bluetooth.ui.ProfilesActivity]
07-26 15:28:07.194  2896  2896 I am_on_paused_called: [0,com.honda.settings.bluetooth.ui.MainActivity]
07-26 15:28:07.197  2309  3177 I am_restart_activity: [0,331997601,5,com.honda.settings/.bluetooth.ui.ProfilesActivity]
07-26 15:28:07.441  2896  2896 I am_on_resume_called: [0,com.honda.settings.bluetooth.ui.ProfilesActivity]
07-26 15:28:07.617  2309  2355 I am_activity_launch_time: [0,331997601,com.honda.settings/.bluetooth.ui.ProfilesActivity,423,423]
07-26 15:28:07.900  1837  1837 I sf_frame_dur: [com.honda.settings/com.honda.settings.bluetooth.ui.MainActivity,4,0,0,4,0,2,0]
07-26 15:28:12.028  2309  2309 I notification_enqueue: [10010,2495,com.android.systemui,-284765,NULL,0,Notification(pri=0 contentView=null vibrate=null sound=null defaults=0x0 flags=0x2 color=0x00000000 groupKey=honda_notification_icons_group vis=PRIVATE),1]
07-26 15:28:12.032  2309  2309 I notification_enqueue: [10010,2495,com.android.systemui,-284766,NULL,0,Notification(pri=0 contentView=null vibrate=null sound=null defaults=0x0 flags=0x2 color=0x00000000 groupKey=honda_notification_icons_group vis=PRIVATE),1]
07-26 15:28:12.769  2309  2309 I notification_enqueue: [10010,2495,com.android.systemui,-284765,NULL,0,Notification(pri=0 contentView=null vibrate=null sound=null defaults=0x0 flags=0x2 color=0x00000000 groupKey=honda_notification_icons_group vis=PRIVATE),1]
07-26 15:28:12.773  2309  2309 I notification_enqueue: [10010,2495,com.android.systemui,-284766,NULL,0,Notification(pri=0 contentView=null vibrate=null sound=null defaults=0x0 flags=0x2 color=0x00000000 groupKey=honda_notification_icons_group vis=PRIVATE),1]
07-26 15:28:18.334  2309  2413 I am_home_stack_moved: [0,1,0,0,intentActivityFound]
07-26 15:28:18.335  2309  2413 I wm_task_moved: [1,1,0]
07-26 15:28:18.337  2309  2413 I am_home_stack_moved: [0,1,0,0,bringingFoundTaskToFront]
07-26 15:28:18.337  2309  2413 I wm_task_moved: [1,1,0]
07-26 15:28:18.340  2309  2413 I am_pause_activity: [0,331997601,com.honda.settings/.bluetooth.ui.ProfilesActivity]
07-26 15:28:18.341  2309  2413 I am_task_to_front: [0,1]
07-26 15:28:18.341  2309  2413 I am_new_intent: [0,890216014,1,com.honda.tjba.launcher/.ui.HomeActivity,android.intent.action.MAIN,NULL,NULL,274726912]
07-26 15:28:18.345  2896  2896 I am_on_paused_called: [0,com.honda.settings.bluetooth.ui.ProfilesActivity]
07-26 15:28:18.350  2309  2657 I am_resume_activity: [0,482506687,1,com.honda.tjba.launcher/.ui.HomeActivity]
07-26 15:28:18.369  2558  2558 I am_on_resume_called: [0,com.honda.tjba.launcher.ui.HomeActivity]
07-26 15:28:19.048  1837  1837 I sf_frame_dur: [com.honda.settings/com.honda.settings.bluetooth.ui.ProfilesActivity,0,2,0,2,4,2,4]
07-26 15:28:19.905  2309  9760 I am_home_stack_moved: [0,0,1,1,intentActivityFound]
07-26 15:28:19.905  2309  9760 I wm_task_moved: [5,1,7]
07-26 15:28:19.909  2309  9760 I am_home_stack_moved: [0,0,1,1,bringingFoundTaskToFront]
07-26 15:28:19.909  2309  9760 I wm_task_moved: [16,1,7]
07-26 15:28:19.912  2309  9760 I am_pause_activity: [0,482506687,com.honda.tjba.launcher/.ui.HomeActivity]
07-26 15:28:19.914  2309  9760 I am_task_to_front: [0,16]
07-26 15:28:19.914  2309  9760 I am_new_intent: [0,743838979,16,com.honda.tjba.btaudio/.ui.activity.LandingPageActivity,NULL,NULL,NULL,339738624]
07-26 15:28:19.916  2558  2558 I am_on_paused_called: [0,com.honda.tjba.launcher.ui.HomeActivity]
07-26 15:28:19.917  2309  2539 I am_resume_activity: [0,695521449,16,com.honda.tjba.btaudio/.ui.activity.LandingPageActivity]
07-26 15:28:19.968  4587  4587 I am_on_resume_called: [0,com.honda.tjba.btaudio.ui.activity.LandingPageActivity]
07-26 15:28:20.755  1837  1837 I sf_frame_dur: [com.honda.tjba.launcher/com.honda.tjba.launcher.ui.HomeActivity,0,0,2,2,6,0,0]
07-26 15:28:21.211  2309 10132 I am_home_stack_moved: [0,0,1,1,intentActivityFound]
07-26 15:28:21.212  2309 10132 I wm_task_moved: [16,1,7]
07-26 15:28:21.214  2309 10132 I am_home_stack_moved: [0,0,1,1,bringingFoundTaskToFront]
07-26 15:28:21.214  2309 10132 I wm_task_moved: [5,1,7]
07-26 15:28:21.216  2309 10132 I am_pause_activity: [0,695521449,com.honda.tjba.btaudio/.ui.activity.LandingPageActivity]
07-26 15:28:21.219  2309 10132 I am_task_to_front: [0,5]
07-26 15:28:21.219  2309 10132 I am_finish_activity: [0,331997601,5,com.honda.settings/.bluetooth.ui.ProfilesActivity,clear]
07-26 15:28:21.220  2309 10132 I am_home_stack_moved: [0,0,1,1,finishActivity adjustTopFocus setFocusedActivity]
07-26 15:28:21.220  2309 10132 I am_focused_activity: [0,com.honda.settings/.bluetooth.ui.MainActivity]
07-26 15:28:21.220  2309 10132 I am_destroy_activity: [0,331997601,5,com.honda.settings/.bluetooth.ui.ProfilesActivity,finish-imm]
07-26 15:28:21.221  2309 10132 I am_new_intent: [0,286990715,5,com.honda.settings/.bluetooth.ui.MainActivity,NULL,NULL,NULL,272629760]
07-26 15:28:21.255  4587  4587 I am_on_paused_called: [0,com.honda.tjba.btaudio.ui.activity.LandingPageActivity]
07-26 15:28:21.260  2309  2616 I am_resume_activity: [0,308210216,5,com.honda.settings/.bluetooth.ui.MainActivity]
07-26 15:28:21.373  2896  2896 I am_on_resume_called: [0,com.honda.settings.bluetooth.ui.MainActivity]
07-26 15:28:21.577  1837  1837 I sf_frame_dur: [com.honda.tjba.btaudio/com.honda.tjba.btaudio.ui.activity.LandingPageActivity,0,0,2,0,0,2,0]
07-26 15:28:22.031  1837  1837 I sf_frame_dur: [com.honda.tjba.btaudio/com.honda.tjba.btaudio.ui.activity.LandingPageActivity,0,0,2,0,0,2,0]
07-26 15:28:22.376  2309  2512 I force_gc: Binder
07-26 15:28:22.669  2309  2569 I am_home_stack_moved: [0,0,1,1,sourceStackToFront]
07-26 15:28:22.669  2309  2569 I wm_task_moved: [5,1,7]
07-26 15:28:22.671  2309  2569 I am_create_activity: [0,161889615,5,com.honda.settings/.bluetooth.ui.ProfilesActivity,NULL,NULL,NULL,0]
07-26 15:28:22.672  2309  2569 I am_pause_activity: [0,308210216,com.honda.settings/.bluetooth.ui.MainActivity]
07-26 15:28:22.673  2309  2569 I am_home_stack_moved: [0,0,1,1,startedActivity setFocusedActivity]
07-26 15:28:22.674  2309  2569 I am_focused_activity: [0,com.honda.settings/.bluetooth.ui.ProfilesActivity]
07-26 15:28:22.679  2896  2896 I am_on_paused_called: [0,com.honda.settings.bluetooth.ui.MainActivity]
07-26 15:28:22.680  2309  2539 I am_restart_activity: [0,161889615,5,com.honda.settings/.bluetooth.ui.ProfilesActivity]
07-26 15:28:22.794  3313 10076 I force_gc: Binder
07-26 15:28:22.927  2896  2896 I am_on_resume_called: [0,com.honda.settings.bluetooth.ui.ProfilesActivity]
07-26 15:28:23.160  2309  2355 I am_activity_launch_time: [0,161889615,com.honda.settings/.bluetooth.ui.ProfilesActivity,481,481]
07-26 15:28:23.308  2309  3176 I force_gc: Binder
07-26 15:28:23.453  1837  1837 I sf_frame_dur: [com.honda.settings/com.honda.settings.bluetooth.ui.MainActivity,4,0,0,6,2,0,0]
07-26 15:28:23.910  2309  3177 I am_finish_activity: [0,161889615,5,com.honda.settings/.bluetooth.ui.ProfilesActivity,app-request]
07-26 15:28:23.910  2309  3177 I am_home_stack_moved: [0,0,1,1,finishActivity adjustTopFocus setFocusedActivity]
07-26 15:28:23.910  2309  3177 I am_focused_activity: [0,com.honda.settings/.bluetooth.ui.MainActivity]
07-26 15:28:23.910  2309  3177 I am_pause_activity: [0,161889615,com.honda.settings/.bluetooth.ui.ProfilesActivity]
07-26 15:28:23.916  2896  2896 I am_on_paused_called: [0,com.honda.settings.bluetooth.ui.ProfilesActivity]
07-26 15:28:23.917  2309  2570 I am_resume_activity: [0,308210216,5,com.honda.settings/.bluetooth.ui.MainActivity]
07-26 15:28:23.990  2896  2896 I am_on_resume_called: [0,com.honda.settings.bluetooth.ui.MainActivity]
07-26 15:28:24.396  2309  2350 I am_destroy_activity: [0,161889615,5,com.honda.settings/.bluetooth.ui.ProfilesActivity,finish-imm]
07-26 15:28:24.399  1837  1837 I sf_frame_dur: [com.honda.settings/com.honda.settings.bluetooth.ui.ProfilesActivity,2,0,2,0,0,0,0]
07-26 15:28:27.465  2309  2325 I am_home_stack_moved: [0,0,1,1,sourceStackToFront]
07-26 15:28:27.465  2309  2325 I wm_task_moved: [5,1,7]
07-26 15:28:27.467  2309  2325 I am_create_activity: [0,314775237,5,com.honda.settings/.bluetooth.ui.ProfilesActivity,NULL,NULL,NULL,0]
07-26 15:28:27.467  2309  2325 I am_pause_activity: [0,308210216,com.honda.settings/.bluetooth.ui.MainActivity]
07-26 15:28:27.469  2309  2325 I am_home_stack_moved: [0,0,1,1,startedActivity setFocusedActivity]
07-26 15:28:27.470  2309  2325 I am_focused_activity: [0,com.honda.settings/.bluetooth.ui.ProfilesActivity]
07-26 15:28:27.473  2896  2896 I am_on_paused_called: [0,com.honda.settings.bluetooth.ui.MainActivity]
07-26 15:28:27.474  2309  3176 I am_restart_activity: [0,314775237,5,com.honda.settings/.bluetooth.ui.ProfilesActivity]
07-26 15:28:27.685  2896  2896 I am_on_resume_called: [0,com.honda.settings.bluetooth.ui.ProfilesActivity]
07-26 15:28:27.860  2309  2355 I am_activity_launch_time: [0,314775237,com.honda.settings/.bluetooth.ui.ProfilesActivity,386,386]
07-26 15:28:28.138  1837  1837 I sf_frame_dur: [com.honda.settings/com.honda.settings.bluetooth.ui.MainActivity,0,0,0,4,4,2,2]
07-26 15:28:29.608  2309  2325 I am_finish_activity: [0,314775237,5,com.honda.settings/.bluetooth.ui.ProfilesActivity,app-request]
07-26 15:28:29.609  2309  2325 I am_home_stack_moved: [0,0,1,1,finishActivity adjustTopFocus setFocusedActivity]
07-26 15:28:29.609  2309  2325 I am_focused_activity: [0,com.honda.settings/.bluetooth.ui.MainActivity]
07-26 15:28:29.609  2309  2325 I am_pause_activity: [0,314775237,com.honda.settings/.bluetooth.ui.ProfilesActivity]
07-26 15:28:29.614  2896  2896 I am_on_paused_called: [0,com.honda.settings.bluetooth.ui.ProfilesActivity]
07-26 15:28:29.615  2309  2570 I am_resume_activity: [0,308210216,5,com.honda.settings/.bluetooth.ui.MainActivity]
07-26 15:28:29.704  2896  2896 I am_on_resume_called: [0,com.honda.settings.bluetooth.ui.MainActivity]
07-26 15:28:30.119  2309  2350 I am_destroy_activity: [0,314775237,5,com.honda.settings/.bluetooth.ui.ProfilesActivity,finish-imm]
07-26 15:28:30.122  1837  1837 I sf_frame_dur: [com.honda.settings/com.honda.settings.bluetooth.ui.ProfilesActivity,0,0,2,0,0,2,0]
07-26 15:28:31.792  2309  2325 I am_home_stack_moved: [0,0,1,1,sourceStackToFront]
07-26 15:28:31.792  2309  2325 I wm_task_moved: [5,1,7]
07-26 15:28:31.793  2309  2325 I am_create_activity: [0,614947749,5,com.honda.settings/.bluetooth.ui.ProfilesActivity,NULL,NULL,NULL,0]
07-26 15:28:31.793  2309  2325 I am_pause_activity: [0,308210216,com.honda.settings/.bluetooth.ui.MainActivity]
07-26 15:28:31.795  2309  2325 I am_home_stack_moved: [0,0,1,1,startedActivity setFocusedActivity]
07-26 15:28:31.796  2309  2325 I am_focused_activity: [0,com.honda.settings/.bluetooth.ui.ProfilesActivity]
07-26 15:28:31.799  2896  2896 I am_on_paused_called: [0,com.honda.settings.bluetooth.ui.MainActivity]
07-26 15:28:31.801  2309  3176 I am_restart_activity: [0,614947749,5,com.honda.settings/.bluetooth.ui.ProfilesActivity]
07-26 15:28:32.119  2896  2896 I am_on_resume_called: [0,com.honda.settings.bluetooth.ui.ProfilesActivity]
07-26 15:28:32.264  2309  2355 I am_activity_launch_time: [0,614947749,com.honda.settings/.bluetooth.ui.ProfilesActivity,465,465]
07-26 15:28:32.543  1837  1837 I sf_frame_dur: [com.honda.settings/com.honda.settings.bluetooth.ui.MainActivity,2,0,0,2,2,4,0]
07-26 15:28:35.513  2309  3176 I am_proc_start: [0,10873,1000,com.honda.auto.linkmanager.helperservice:lmsrv,service,com.honda.auto.linkmanager.helperservice/uie.linkmanager.LinkManagerService]
07-26 15:28:35.545  2309  2539 I am_proc_bound: [0,10873,com.honda.auto.linkmanager.helperservice:lmsrv]
07-26 15:28:35.912  2309  9760 I am_proc_died: [0,10873,com.honda.auto.linkmanager.helperservice:lmsrv]
07-26 15:28:41.700  2309  2309 I notification_enqueue: [10010,2495,com.android.systemui,-284765,NULL,0,Notification(pri=0 contentView=null vibrate=null sound=null defaults=0x0 flags=0x2 color=0x00000000 groupKey=honda_notification_icons_group vis=PRIVATE),1]
07-26 15:28:41.706  2309  2309 I notification_enqueue: [10010,2495,com.android.systemui,-284766,NULL,0,Notification(pri=0 contentView=null vibrate=null sound=null defaults=0x0 flags=0x2 color=0x00000000 groupKey=honda_notification_icons_group vis=PRIVATE),1]
07-26 15:28:52.106  2309 10132 I am_kill : [0,2798,com.honda.auto.diagnostics,15,empty for 1804s]
07-26 15:28:52.212  2309  9760 I dvm_lock_sample: [system_server,1,Binder_F,100,ActivityManagerService.java,19630,-,9654,20]
07-26 15:28:52.219  2309  2349 I dvm_lock_sample: [system_server,0,android.bg,95,ActivityManagerService.java,1890,-,9654,19]
07-26 15:28:52.219  2309  3176 I am_proc_died: [0,2798,com.honda.auto.diagnostics]
07-26 15:28:52.265  4518  4538 I force_gc: Binder
07-26 15:28:52.442  3313  3345 I force_gc: Binder
07-26 15:28:52.636  2309  2616 I force_gc: Binder
07-26 15:28:53.121  3313  3427 I force_gc: Binder
07-26 15:29:00.001  2309  2309 I am_kill : [0,3971,com.android.managedprovisioning,15,empty for 1804s]
07-26 15:29:00.107  2309 10132 I am_proc_died: [0,3971,com.android.managedprovisioning]
07-26 15:29:05.866  2309  2657 I am_proc_start: [0,10954,1000,com.honda.auto.linkmanager.helperservice:lmsrv,service,com.honda.auto.linkmanager.helperservice/uie.linkmanager.LinkManagerService]
07-26 15:29:05.896  2309  2623 I am_proc_bound: [0,10954,com.honda.auto.linkmanager.helperservice:lmsrv]
07-26 15:29:05.912  2309  9760 I force_gc: Binder
07-26 15:29:06.352  2309  9760 I am_proc_died: [0,10954,com.honda.auto.linkmanager.helperservice:lmsrv]
07-26 15:29:19.606  2309  2309 I notification_enqueue: [10010,2495,com.android.systemui,-284765,NULL,0,Notification(pri=0 contentView=null vibrate=null sound=null defaults=0x0 flags=0x2 color=0x00000000 groupKey=honda_notification_icons_group vis=PRIVATE),1]
07-26 15:29:19.612  2309  2309 I notification_enqueue: [10010,2495,com.android.systemui,-284766,NULL,0,Notification(pri=0 contentView=null vibrate=null sound=null defaults=0x0 flags=0x2 color=0x00000000 groupKey=honda_notification_icons_group vis=PRIVATE),1]
07-26 15:29:22.612  3313  3342 I force_gc: Binder
07-26 15:29:22.689  2309  2657 I force_gc: Binder
07-26 15:29:34.464  2309  9760 I dvm_lock_sample: [system_server,1,Binder_F,10,LocationManagerService.java,919,-,2280,2]
07-26 15:29:36.344  2309  2623 I am_proc_start: [0,11037,1000,com.honda.auto.linkmanager.helperservice:lmsrv,service,com.honda.auto.linkmanager.helperservice/uie.linkmanager.LinkManagerService]
07-26 15:29:36.372  2309  3175 I am_proc_bound: [0,11037,com.honda.auto.linkmanager.helperservice:lmsrv]
07-26 15:29:36.831  2309  3176 I am_proc_died: [0,11037,com.honda.auto.linkmanager.helperservice:lmsrv]
07-26 15:29:37.374  2309  2309 I notification_enqueue: [10010,2495,com.android.systemui,-284765,NULL,0,Notification(pri=0 contentView=null vibrate=null sound=null defaults=0x0 flags=0x2 color=0x00000000 groupKey=honda_notification_icons_group vis=PRIVATE),1]
07-26 15:29:37.379  2309  2309 I notification_enqueue: [10010,2495,com.android.systemui,-284766,NULL,0,Notification(pri=0 contentView=null vibrate=null sound=null defaults=0x0 flags=0x2 color=0x00000000 groupKey=honda_notification_icons_group vis=PRIVATE),1]
07-26 15:29:52.142  4518  4538 I force_gc: Binder
07-26 15:29:52.368  2309  2657 I force_gc: Binder
07-26 15:29:52.472  3313  3428 I force_gc: Binder
07-26 15:29:52.983  2309  2570 I force_gc: Binder
07-26 15:30:06.802  2309  2512 I am_proc_start: [0,11118,1000,com.honda.auto.linkmanager.helperservice:lmsrv,service,com.honda.auto.linkmanager.helperservice/uie.linkmanager.LinkManagerService]
07-26 15:30:06.844  2309  2700 I am_proc_bound: [0,11118,com.honda.auto.linkmanager.helperservice:lmsrv]
07-26 15:30:07.702  2309  2325 I am_proc_died: [0,11118,com.honda.auto.linkmanager.helperservice:lmsrv]
07-26 15:30:22.093  3313  3387 I force_gc: Binder
07-26 15:30:22.608  2309  2512 I force_gc: Binder
07-26 15:30:22.797  3313  8984 I force_gc: Binder
07-26 15:30:37.671  2309  3177 I am_proc_start: [0,11200,1000,com.honda.auto.linkmanager.helperservice:lmsrv,service,com.honda.auto.linkmanager.helperservice/uie.linkmanager.LinkManagerService]
07-26 15:30:37.690  2309  2512 I am_proc_bound: [0,11200,com.honda.auto.linkmanager.helperservice:lmsrv]
07-26 15:30:38.642  2309  9760 I am_proc_died: [0,11200,com.honda.auto.linkmanager.helperservice:lmsrv]
07-26 15:30:52.163  4518  4538 I force_gc: Binder
07-26 15:30:52.299  2309  2623 I force_gc: Binder
07-26 15:30:52.612  3313  3387 I force_gc: Binder
07-26 15:30:52.942  2309  2623 I force_gc: Binder
07-26 15:31:08.613  2309  2700 I am_proc_start: [0,11282,1000,com.honda.auto.linkmanager.helperservice:lmsrv,service,com.honda.auto.linkmanager.helperservice/uie.linkmanager.LinkManagerService]
07-26 15:31:08.641  2309  2539 I am_proc_bound: [0,11282,com.honda.auto.linkmanager.helperservice:lmsrv]
07-26 15:31:09.042  2309  2512 I am_proc_died: [0,11282,com.honda.auto.linkmanager.helperservice:lmsrv]
07-26 15:31:22.185  3313 10076 I force_gc: Binder
07-26 15:31:22.593  2309  2657 I force_gc: Binder
07-26 15:31:22.895  3313  8984 I force_gc: Binder
07-26 15:31:28.788  2309  2309 I notification_enqueue: [10010,2495,com.android.systemui,-284765,NULL,0,Notification(pri=0 contentView=null vibrate=null sound=null defaults=0x0 flags=0x2 color=0x00000000 groupKey=honda_notification_icons_group vis=PRIVATE),1]
07-26 15:31:28.793  2309  2309 I notification_enqueue: [10010,2495,com.android.systemui,-284766,NULL,0,Notification(pri=0 contentView=null vibrate=null sound=null defaults=0x0 flags=0x2 color=0x00000000 groupKey=honda_notification_icons_group vis=PRIVATE),1]
07-26 15:31:39.027  2309  2700 I am_proc_start: [0,11364,1000,com.honda.auto.linkmanager.helperservice:lmsrv,service,com.honda.auto.linkmanager.helperservice/uie.linkmanager.LinkManagerService]
07-26 15:31:39.062  2309 10132 I am_proc_bound: [0,11364,com.honda.auto.linkmanager.helperservice:lmsrv]
07-26 15:31:39.537  2309  2570 I am_proc_died: [0,11364,com.honda.auto.linkmanager.helperservice:lmsrv]
07-26 15:31:46.746  2309  2309 I notification_enqueue: [10010,2495,com.android.systemui,-284765,NULL,0,Notification(pri=0 contentView=null vibrate=null sound=null defaults=0x0 flags=0x2 color=0x00000000 groupKey=honda_notification_icons_group vis=PRIVATE),1]
07-26 15:31:46.749  2309  2309 I notification_enqueue: [10010,2495,com.android.systemui,-284766,NULL,0,Notification(pri=0 contentView=null vibrate=null sound=null defaults=0x0 flags=0x2 color=0x00000000 groupKey=honda_notification_icons_group vis=PRIVATE),1]
07-26 15:31:52.147  2309  2327 I force_gc: Binder
07-26 15:31:52.227  4518  4538 I force_gc: Binder
07-26 15:31:52.672  3313  8984 I force_gc: Binder
07-26 15:31:52.900  2309  3175 I force_gc: Binder
07-26 15:32:09.487  2309 10132 I am_proc_start: [0,11444,1000,com.honda.auto.linkmanager.helperservice:lmsrv,service,com.honda.auto.linkmanager.helperservice/uie.linkmanager.LinkManagerService]
07-26 15:32:09.517  2309  2512 I am_proc_bound: [0,11444,com.honda.auto.linkmanager.helperservice:lmsrv]
07-26 15:32:09.882  2309  9760 I am_proc_died: [0,11444,com.honda.auto.linkmanager.helperservice:lmsrv]
07-26 15:32:22.279  3313  3345 I force_gc: Binder
07-26 15:32:22.481  2309  9760 I force_gc: Binder
07-26 15:32:23.004  3313  3387 I force_gc: Binder
07-26 15:32:30.638  2309  2309 I notification_enqueue: [10010,2495,com.android.systemui,-284765,NULL,0,Notification(pri=0 contentView=null vibrate=null sound=null defaults=0x0 flags=0x2 color=0x00000000 groupKey=honda_notification_icons_group vis=PRIVATE),1]
07-26 15:32:30.643  2309  2309 I notification_enqueue: [10010,2495,com.android.systemui,-284766,NULL,0,Notification(pri=0 contentView=null vibrate=null sound=null defaults=0x0 flags=0x2 color=0x00000000 groupKey=honda_notification_icons_group vis=PRIVATE),1]
07-26 15:32:39.862  2309  9760 I am_proc_start: [0,11524,1000,com.honda.auto.linkmanager.helperservice:lmsrv,service,com.honda.auto.linkmanager.helperservice/uie.linkmanager.LinkManagerService]
07-26 15:32:39.885  2309  2327 I am_proc_bound: [0,11524,com.honda.auto.linkmanager.helperservice:lmsrv]
07-26 15:32:39.936  2309  3175 I force_gc: Binder
07-26 15:32:40.332  2309  2325 I am_proc_died: [0,11524,com.honda.auto.linkmanager.helperservice:lmsrv]
07-26 15:32:52.147  4518  4538 I force_gc: Binder
07-26 15:32:52.681  3313  8984 I force_gc: Binder
07-26 15:32:52.777  2309  3176 I force_gc: Binder
07-26 15:32:58.070  2309  2309 I notification_enqueue: [10010,2495,com.android.systemui,-284765,NULL,0,Notification(pri=0 contentView=null vibrate=null sound=null defaults=0x0 flags=0x2 color=0x00000000 groupKey=honda_notification_icons_group vis=PRIVATE),1]
07-26 15:32:58.074  2309  2309 I notification_enqueue: [10010,2495,com.android.systemui,-284766,NULL,0,Notification(pri=0 contentView=null vibrate=null sound=null defaults=0x0 flags=0x2 color=0x00000000 groupKey=honda_notification_icons_group vis=PRIVATE),1]
07-26 15:33:10.271  2309  9760 I am_proc_start: [0,11606,1000,com.honda.auto.linkmanager.helperservice:lmsrv,service,com.honda.auto.linkmanager.helperservice/uie.linkmanager.LinkManagerService]
07-26 15:33:10.301  2309  2327 I am_proc_bound: [0,11606,com.honda.auto.linkmanager.helperservice:lmsrv]
07-26 15:33:10.732  2309  2616 I am_proc_died: [0,11606,com.honda.auto.linkmanager.helperservice:lmsrv]
07-26 15:33:14.613  2309  2309 I notification_enqueue: [10010,2495,com.android.systemui,-284765,NULL,0,Notification(pri=0 contentView=null vibrate=null sound=null defaults=0x0 flags=0x2 color=0x00000000 groupKey=honda_notification_icons_group vis=PRIVATE),1]
07-26 15:33:14.618  2309  2309 I notification_enqueue: [10010,2495,com.android.systemui,-284766,NULL,0,Notification(pri=0 contentView=null vibrate=null sound=null defaults=0x0 flags=0x2 color=0x00000000 groupKey=honda_notification_icons_group vis=PRIVATE),1]
07-26 15:33:22.329  2309  3177 I force_gc: Binder
07-26 15:33:22.430  3313  8984 I force_gc: Binder
07-26 15:33:22.970  2309  2700 I force_gc: Binder
07-26 15:33:38.472  2309  2309 I notification_enqueue: [10010,2495,com.android.systemui,-284765,NULL,0,Notification(pri=0 contentView=null vibrate=null sound=null defaults=0x0 flags=0x2 color=0x00000000 groupKey=honda_notification_icons_group vis=PRIVATE),1]
07-26 15:33:38.479  2309  2309 I notification_enqueue: [10010,2495,com.android.systemui,-284766,NULL,0,Notification(pri=0 contentView=null vibrate=null sound=null defaults=0x0 flags=0x2 color=0x00000000 groupKey=honda_notification_icons_group vis=PRIVATE),1]
07-26 15:33:40.700  2309  2700 I am_proc_start: [0,11686,1000,com.honda.auto.linkmanager.helperservice:lmsrv,service,com.honda.auto.linkmanager.helperservice/uie.linkmanager.LinkManagerService]
07-26 15:33:40.721  2309  2657 I am_proc_bound: [0,11686,com.honda.auto.linkmanager.helperservice:lmsrv]
07-26 15:33:41.152  2309  9760 I am_proc_died: [0,11686,com.honda.auto.linkmanager.helperservice:lmsrv]
07-26 15:33:43.240  2309  2309 I notification_enqueue: [10010,2495,com.android.systemui,-284765,NULL,0,Notification(pri=0 contentView=null vibrate=null sound=null defaults=0x0 flags=0x2 color=0x00000000 groupKey=honda_notification_icons_group vis=PRIVATE),1]
07-26 15:33:43.247  2309  2309 I notification_enqueue: [10010,2495,com.android.systemui,-284766,NULL,0,Notification(pri=0 contentView=null vibrate=null sound=null defaults=0x0 flags=0x2 color=0x00000000 groupKey=honda_notification_icons_group vis=PRIVATE),1]
07-26 15:33:52.115  3313  6215 I force_gc: Binder
07-26 15:33:52.228  4518  4538 I force_gc: Binder
07-26 15:33:52.729  2309  2512 I force_gc: Binder
07-26 15:33:52.888  3313  6215 I force_gc: Binder
07-26 15:34:11.139  2309  3185 I am_proc_start: [0,11768,1000,com.honda.auto.linkmanager.helperservice:lmsrv,service,com.honda.auto.linkmanager.helperservice/uie.linkmanager.LinkManagerService]
07-26 15:34:11.169  2309  2657 I am_proc_bound: [0,11768,com.honda.auto.linkmanager.helperservice:lmsrv]
07-26 15:34:11.391  2309  2309 I notification_enqueue: [10010,2495,com.android.systemui,-284765,NULL,0,Notification(pri=0 contentView=null vibrate=null sound=null defaults=0x0 flags=0x2 color=0x00000000 groupKey=honda_notification_icons_group vis=PRIVATE),1]
07-26 15:34:11.397  2309  2309 I notification_enqueue: [10010,2495,com.android.systemui,-284766,NULL,0,Notification(pri=0 contentView=null vibrate=null sound=null defaults=0x0 flags=0x2 color=0x00000000 groupKey=honda_notification_icons_group vis=PRIVATE),1]
07-26 15:34:11.642  2309  9760 I am_proc_died: [0,11768,com.honda.auto.linkmanager.helperservice:lmsrv]
07-26 15:34:22.230  2309  2327 I force_gc: Binder
07-26 15:34:22.593  3313  8984 I force_gc: Binder
07-26 15:34:22.928  2309  9760 I force_gc: Binder
07-26 15:34:26.454  2309  2616 I dvm_lock_sample: [system_server,1,Binder_7,5,LocationManagerService.java,1715,-,2280,1]
07-26 15:34:41.562  2309  2512 I am_proc_start: [0,11848,1000,com.honda.auto.linkmanager.helperservice:lmsrv,service,com.honda.auto.linkmanager.helperservice/uie.linkmanager.LinkManagerService]
07-26 15:34:41.591  2309  2700 I am_proc_bound: [0,11848,com.honda.auto.linkmanager.helperservice:lmsrv]
07-26 15:34:42.095  2309  2616 I am_proc_died: [0,11848,com.honda.auto.linkmanager.helperservice:lmsrv]
07-26 15:34:42.097  2309  2309 I dvm_lock_sample: [system_server,1,main,104,ActivityManagerService.java,6577,-,1255,20]
07-26 15:34:52.152  4518  4538 I force_gc: Binder
07-26 15:34:52.325  3313  3345 I force_gc: Binder
07-26 15:34:52.618  2309  2539 I force_gc: Binder
07-26 15:34:52.979  3313  3345 I force_gc: Binder
07-26 15:35:12.050  2309  2539 I am_proc_start: [0,11932,1000,com.honda.auto.linkmanager.helperservice:lmsrv,service,com.honda.auto.linkmanager.helperservice/uie.linkmanager.LinkManagerService]
07-26 15:35:12.077  2309  2569 I am_proc_bound: [0,11932,com.honda.auto.linkmanager.helperservice:lmsrv]
07-26 15:35:12.491  2309  3177 I am_proc_died: [0,11932,com.honda.auto.linkmanager.helperservice:lmsrv]
07-26 15:35:22.175  2309  3176 I force_gc: Binder
07-26 15:35:22.687  3313  3342 I force_gc: Binder
07-26 15:35:22.861  2309 10132 I force_gc: Binder
07-26 15:35:42.441  2309  3185 I am_proc_start: [0,12012,1000,com.honda.auto.linkmanager.helperservice:lmsrv,service,com.honda.auto.linkmanager.helperservice/uie.linkmanager.LinkManagerService]
07-26 15:35:42.476  2309  2616 I am_proc_bound: [0,12012,com.honda.auto.linkmanager.helperservice:lmsrv]
07-26 15:35:42.902  2309  2325 I am_proc_died: [0,12012,com.honda.auto.linkmanager.helperservice:lmsrv]
07-26 15:35:52.154  4518  4538 I force_gc: Binder
07-26 15:35:52.441  3313  3342 I force_gc: Binder
07-26 15:35:52.574  2309  2569 I force_gc: Binder
07-26 15:36:12.880  2309  3185 I am_proc_start: [0,12092,1000,com.honda.auto.linkmanager.helperservice:lmsrv,service,com.honda.auto.linkmanager.helperservice/uie.linkmanager.LinkManagerService]
07-26 15:36:12.909  2309  3175 I am_proc_bound: [0,12092,com.honda.auto.linkmanager.helperservice:lmsrv]
07-26 15:36:13.262  2309  2325 I am_proc_died: [0,12092,com.honda.auto.linkmanager.helperservice:lmsrv]
07-26 15:36:22.118  2309  2325 I force_gc: Binder
07-26 15:36:22.202  3313  3428 I force_gc: Binder
07-26 15:36:22.823  2309  2539 I force_gc: Binder
07-26 15:36:22.957  3313  3387 I force_gc: Binder
07-26 15:36:43.230  2309  2616 I am_proc_start: [0,12174,1000,com.honda.auto.linkmanager.helperservice:lmsrv,service,com.honda.auto.linkmanager.helperservice/uie.linkmanager.LinkManagerService]
07-26 15:36:43.259  2309  2327 I am_proc_bound: [0,12174,com.honda.auto.linkmanager.helperservice:lmsrv]
07-26 15:36:43.751  2309  3175 I am_proc_died: [0,12174,com.honda.auto.linkmanager.helperservice:lmsrv]
07-26 15:36:44.910  2309  2309 I notification_enqueue: [10010,2495,com.android.systemui,-284765,NULL,0,Notification(pri=0 contentView=null vibrate=null sound=null defaults=0x0 flags=0x2 color=0x00000000 groupKey=honda_notification_icons_group vis=PRIVATE),1]
07-26 15:36:44.918  2309  2309 I notification_enqueue: [10010,2495,com.android.systemui,-284766,NULL,0,Notification(pri=0 contentView=null vibrate=null sound=null defaults=0x0 flags=0x2 color=0x00000000 groupKey=honda_notification_icons_group vis=PRIVATE),1]
07-26 15:36:52.155  4518  4538 I force_gc: Binder
07-26 15:36:52.430  2309  2570 I force_gc: Binder
07-26 15:36:52.662  3313  6215 I force_gc: Binder
07-26 15:36:53.120  2309  2512 I force_gc: Binder
07-26 15:37:12.947  2309  2309 I notification_enqueue: [10010,2495,com.android.systemui,-284765,NULL,0,Notification(pri=0 contentView=null vibrate=null sound=null defaults=0x0 flags=0x2 color=0x00000000 groupKey=honda_notification_icons_group vis=PRIVATE),1]
07-26 15:37:12.953  2309  2309 I notification_enqueue: [10010,2495,com.android.systemui,-284766,NULL,0,Notification(pri=0 contentView=null vibrate=null sound=null defaults=0x0 flags=0x2 color=0x00000000 groupKey=honda_notification_icons_group vis=PRIVATE),1]
07-26 15:37:13.717  2309  2700 I am_proc_start: [0,12255,1000,com.honda.auto.linkmanager.helperservice:lmsrv,service,com.honda.auto.linkmanager.helperservice/uie.linkmanager.LinkManagerService]
07-26 15:37:13.747  2309  2539 I am_proc_bound: [0,12255,com.honda.auto.linkmanager.helperservice:lmsrv]
07-26 15:37:14.182  2309  3176 I am_proc_died: [0,12255,com.honda.auto.linkmanager.helperservice:lmsrv]
07-26 15:37:22.276  3313  8984 I force_gc: Binder
07-26 15:37:22.685  2309  9760 I force_gc: Binder
07-26 15:37:22.911  2309  2569 I dvm_lock_sample: [system_server,1,Binder_5,6,LocationManagerService.java,919,-,2280,1]
07-26 15:37:23.027  3313  3342 I force_gc: Binder
07-26 15:37:28.407  2309  2309 I notification_enqueue: [10010,2495,com.android.systemui,-284765,NULL,0,Notification(pri=0 contentView=null vibrate=null sound=null defaults=0x0 flags=0x2 color=0x00000000 groupKey=honda_notification_icons_group vis=PRIVATE),1]
07-26 15:37:28.414  2309  2309 I notification_enqueue: [10010,2495,com.android.systemui,-284766,NULL,0,Notification(pri=0 contentView=null vibrate=null sound=null defaults=0x0 flags=0x2 color=0x00000000 groupKey=honda_notification_icons_group vis=PRIVATE),1]
07-26 15:37:30.907  2309  2309 I notification_enqueue: [10010,2495,com.android.systemui,-284765,NULL,0,Notification(pri=0 contentView=null vibrate=null sound=null defaults=0x0 flags=0x2 color=0x00000000 groupKey=honda_notification_icons_group vis=PRIVATE),1]
07-26 15:37:30.912  2309  2309 I notification_enqueue: [10010,2495,com.android.systemui,-284766,NULL,0,Notification(pri=0 contentView=null vibrate=null sound=null defaults=0x0 flags=0x2 color=0x00000000 groupKey=honda_notification_icons_group vis=PRIVATE),1]
07-26 15:37:35.391  2309  2309 I notification_enqueue: [10010,2495,com.android.systemui,-284765,NULL,0,Notification(pri=0 contentView=null vibrate=null sound=null defaults=0x0 flags=0x2 color=0x00000000 groupKey=honda_notification_icons_group vis=PRIVATE),1]
07-26 15:37:35.394  2309  2309 I notification_enqueue: [10010,2495,com.android.systemui,-284766,NULL,0,Notification(pri=0 contentView=null vibrate=null sound=null defaults=0x0 flags=0x2 color=0x00000000 groupKey=honda_notification_icons_group vis=PRIVATE),1]
07-26 15:37:44.169  2309  3176 I am_proc_start: [0,12338,1000,com.honda.auto.linkmanager.helperservice:lmsrv,service,com.honda.auto.linkmanager.helperservice/uie.linkmanager.LinkManagerService]
07-26 15:37:44.201  2309  2512 I am_proc_bound: [0,12338,com.honda.auto.linkmanager.helperservice:lmsrv]
07-26 15:37:44.652  2309  3176 I am_proc_died: [0,12338,com.honda.auto.linkmanager.helperservice:lmsrv]
07-26 15:37:46.169  2309  2309 I notification_enqueue: [10010,2495,com.android.systemui,-284765,NULL,0,Notification(pri=0 contentView=null vibrate=null sound=null defaults=0x0 flags=0x2 color=0x00000000 groupKey=honda_notification_icons_group vis=PRIVATE),1]
07-26 15:37:46.175  2309  2309 I notification_enqueue: [10010,2495,com.android.systemui,-284766,NULL,0,Notification(pri=0 contentView=null vibrate=null sound=null defaults=0x0 flags=0x2 color=0x00000000 groupKey=honda_notification_icons_group vis=PRIVATE),1]
07-26 15:37:48.464  2309  2309 I notification_enqueue: [10010,2495,com.android.systemui,-284765,NULL,0,Notification(pri=0 contentView=null vibrate=null sound=null defaults=0x0 flags=0x2 color=0x00000000 groupKey=honda_notification_icons_group vis=PRIVATE),1]
07-26 15:37:48.470  2309  2309 I notification_enqueue: [10010,2495,com.android.systemui,-284766,NULL,0,Notification(pri=0 contentView=null vibrate=null sound=null defaults=0x0 flags=0x2 color=0x00000000 groupKey=honda_notification_icons_group vis=PRIVATE),1]
07-26 15:37:52.152  4518  4538 I force_gc: Binder
07-26 15:37:52.337  2309  2570 I force_gc: Binder
07-26 15:37:52.775  3313  6215 I force_gc: Binder
07-26 15:37:53.073  2309  2327 I force_gc: Binder
07-26 15:37:56.911  2309  9760 I dvm_lock_sample: [system_server,1,Binder_F,5,LocationManagerService.java,919,-,2280,1]
07-26 15:37:59.708  2309  2413 I am_home_stack_moved: [0,1,0,0,intentActivityFound]
07-26 15:37:59.708  2309  2413 I wm_task_moved: [1,1,0]
07-26 15:37:59.710  2309  2413 I am_home_stack_moved: [0,1,0,0,bringingFoundTaskToFront]
07-26 15:37:59.710  2309  2413 I wm_task_moved: [1,1,0]
07-26 15:37:59.713  2309  2413 I am_pause_activity: [0,614947749,com.honda.settings/.bluetooth.ui.ProfilesActivity]
07-26 15:37:59.714  2309  2413 I am_task_to_front: [0,1]
