07-26 15:26:37.658  2309  2623 V WindowManager: Adding window Window{190439dc u0 com.honda.tjba.tuner/com.honda.tjba.tuner.ui.activity.StationsListActivity} at 10 of 12 (after Window{21d3ff19 u0 com.honda.tjba.tuner/com.honda.tjba.tuner.ui.activity.FMActivity})
07-26 15:26:37.685  2309  2355 W ContextImpl: Calling a method in the system process without a qualified user: android.app.ContextImpl.sendBroadcast:1367 com.android.server.wm.WindowManagerService.broadcastFocusedWindowType:8183 com.android.server.wm.WindowManagerService.access$200:176 com.android.server.wm.WindowManagerService$H.handleMessage:7698 android.os.Handler.dispatchMessage:102 
07-26 15:26:37.814  2309  2623 V WindowManager: not Base app: Adding window Window{18cd819d u0 com.honda.tjba.tuner/com.honda.tjba.tuner.ui.activity.StationsListActivity} at 11 of 13
07-26 15:26:37.816  2309  2355 W ContextImpl: Calling a method in the system process without a qualified user: android.app.ContextImpl.sendBroadcast:1367 com.android.server.wm.WindowManagerService.broadcastFocusedWindowType:8183 com.android.server.wm.WindowManagerService.access$200:176 com.android.server.wm.WindowManagerService$H.handleMessage:7698 android.os.Handler.dispatchMessage:102 
07-26 15:26:38.991  2309  2355 W ContextImpl: Calling a method in the system process without a qualified user: android.app.ContextImpl.sendBroadcast:1367 com.android.server.wm.WindowManagerService.broadcastFocusedWindowType:8183 com.android.server.wm.WindowManagerService.access$200:176 com.android.server.wm.WindowManagerService$H.handleMessage:7698 android.os.Handler.dispatchMessage:102 
07-26 15:26:39.038  2309  2355 W ContextImpl: Calling a method in the system process without a qualified user: android.app.ContextImpl.sendBroadcast:1367 com.android.server.wm.WindowManagerService.broadcastFocusedWindowType:8183 com.android.server.wm.WindowManagerService.access$200:176 com.android.server.wm.WindowManagerService$H.handleMessage:7698 android.os.Handler.dispatchMessage:102 
07-26 15:26:43.015  2309  2465 D Watchdog: Android watchdog is alive!!!
07-26 15:26:45.329  2309  2325 V WindowManager: not Base app: Adding window Window{3ca456a4 u0 com.honda.tjba.tuner/com.honda.tjba.tuner.ui.activity.FMActivity} at 10 of 11
07-26 15:26:45.332  2309  2355 W ContextImpl: Calling a method in the system process without a qualified user: android.app.ContextImpl.sendBroadcast:1367 com.android.server.wm.WindowManagerService.broadcastFocusedWindowType:8183 com.android.server.wm.WindowManagerService.access$200:176 com.android.server.wm.WindowManagerService$H.handleMessage:7698 android.os.Handler.dispatchMessage:102 
07-26 15:26:46.510  2309  2355 W ContextImpl: Calling a method in the system process without a qualified user: android.app.ContextImpl.sendBroadcast:1367 com.android.server.wm.WindowManagerService.broadcastFocusedWindowType:8183 com.android.server.wm.WindowManagerService.access$200:176 com.android.server.wm.WindowManagerService$H.handleMessage:7698 android.os.Handler.dispatchMessage:102 
07-26 15:26:58.722  2309  2413 I ActivityManager: START u0 {act=android.intent.action.MAIN cat=[android.intent.category.HOME] flg=0x10200000 cmp=com.honda.tjba.launcher/.ui.HomeActivity} from uid 1000 on display 0
07-26 15:26:58.769  2309  2355 W ContextImpl: Calling a method in the system process without a qualified user: android.app.ContextImpl.sendBroadcast:1367 com.android.server.wm.WindowManagerService.broadcastFocusedWindowType:8183 com.android.server.wm.WindowManagerService.access$200:176 com.android.server.wm.WindowManagerService$H.handleMessage:7698 android.os.Handler.dispatchMessage:102 
07-26 15:27:00.285  2309  2616 I ActivityManager: START u0 {flg=0x4000000 cmp=com.honda.tjba.btaudio/.ui.activity.LandingPageActivity} from uid 10036 on display 0
07-26 15:27:00.286  2309  2616 W ResourcesManager: Asset path '/system/framework/com.honda.applicationsicon.jar' does not exist or contains no resources.
07-26 15:27:00.286  2309  2616 W ResourcesManager: Asset path '/system/framework/com.honda.ui.jar' does not exist or contains no resources.
07-26 15:27:00.286  2309  2616 W ResourcesManager: Asset path '/system/framework/com.broadcom.bt.jar' does not exist or contains no resources.
07-26 15:27:00.292  2309  2616 V WindowManager: addAppToken: AppWindowToken{1575931f token=Token{54f26be ActivityRecord{20905979 u0 com.honda.tjba.btaudio/.ui.activity.LandingPageActivity t15}}} to stack=1 task=15 at 0
07-26 15:27:00.297  2309  2355 V WindowManager: Adding window Window{121ebeb1 u0 Starting com.honda.tjba.btaudio} at 10 of 11 (after Window{21d3ff19 u0 com.honda.tjba.tuner/com.honda.tjba.tuner.ui.activity.FMActivity})
07-26 15:27:00.691  2309 10132 V WindowManager: Adding window Window{2af1207a u0 com.honda.tjba.btaudio/com.honda.tjba.btaudio.ui.activity.LandingPageActivity} at 10 of 12 (before Window{121ebeb1 u0 Starting com.honda.tjba.btaudio})
07-26 15:27:00.694  2309  2355 W ContextImpl: Calling a method in the system process without a qualified user: android.app.ContextImpl.sendBroadcast:1367 com.android.server.wm.WindowManagerService.broadcastFocusedWindowType:8183 com.android.server.wm.WindowManagerService.access$200:176 com.android.server.wm.WindowManagerService$H.handleMessage:7698 android.os.Handler.dispatchMessage:102 
07-26 15:27:00.699  2309  2657 V WindowManager: Adding window Window{3f7fcc88 u0 com.honda.tjba.btaudio/com.honda.tjba.btaudio.ui.activity.LandingPageActivity} at 10 of 13 (before Window{2af1207a u0 com.honda.tjba.btaudio/com.honda.tjba.btaudio.ui.activity.LandingPageActivity})
07-26 15:27:01.311  3500  3500 W ContextImpl: Calling a method in the system process without a qualified user: android.app.ContextImpl.bindService:1796 android.content.ContextWrapper.bindService:539 android.media.browse.MediaBrowser.connect:146 com.honda.auto.media.raamservice.util.MediaBrowserServer.connectToAllMediaBrowsers:325 com.honda.auto.media.raamservice.util.callbacks.ActiveSessionsChangedListener.onActiveSessionsChanged:114 
07-26 15:27:01.460  2600  2764 W ContextImpl: Calling a method in the system process without a qualified user: android.app.ContextImpl.sendBroadcast:1367 android.content.ContextWrapper.sendBroadcast:377 com.honda.auto.media.hmcmservice.HondaMediaConnectionManagerService.sendBroadcast:3028 com.honda.auto.media.hmcmservice.HondaMediaConnectionManagerService.sendDisconnectedInfoIntent:2996 com.honda.auto.media.hmcmservice.HondaMediaConnectionManagerService.access$3500:82 
07-26 15:27:04.192  4438  4454 W ContextImpl: Calling a method in the system process without a qualified user: android.app.ContextImpl.startService:1732 android.content.ContextWrapper.startService:516 com.honda.auto.linkmanager.helperservice.LMHelperCommService.startLMService:262 com.honda.auto.linkmanager.helperservice.LMHelperStateMachine$StateConnecting.enter:245 com.android.internal.util.StateMachine$SmHandler.invokeEnterMethods:1008 
07-26 15:27:04.226  2309  2512 I ActivityManager: Start proc 10603:com.honda.auto.linkmanager.helperservice:lmsrv/1000 for service com.honda.auto.linkmanager.helperservice/uie.linkmanager.LinkManagerService
07-26 15:27:04.227  4438  4454 W ContextImpl: Calling a method in the system process without a qualified user: android.app.ContextImpl.bindService:1796 android.content.ContextWrapper.bindService:539 com.honda.auto.linkmanager.helperservice.LMHelperCommService.startLMService:267 com.honda.auto.linkmanager.helperservice.LMHelperStateMachine$StateConnecting.enter:245 com.android.internal.util.StateMachine$SmHandler.invokeEnterMethods:1008 
07-26 15:27:04.265 10603 10603 W ResourcesManager: Asset path '/system/framework/com.honda.auto.linkmanager.jar' does not exist or contains no resources.
07-26 15:27:04.265 10603 10603 W ResourcesManager: Asset path '/system/framework/com.honda.ipod.jar' does not exist or contains no resources.
07-26 15:27:04.266 10603 10603 W ResourcesManager: Asset path '/system/framework/uie.linkmanager.jar' does not exist or contains no resources.
07-26 15:27:04.266 10603 10603 W ResourcesManager: Asset path '/system/framework/com.broadcom.bt.jar' does not exist or contains no resources.
07-26 15:27:04.267 10603 10603 W ResourcesManager: Asset path '/system/framework/com.honda.auto.btrfcomm.helper.jar' does not exist or contains no resources.
07-26 15:27:04.550  4438  4454 W ContextImpl: Calling a method in the system process without a qualified user: android.app.ContextImpl.stopService:1738 android.content.ContextWrapper.stopService:521 com.honda.auto.linkmanager.helperservice.LMHelperCommService.stopLMService:289 com.honda.auto.linkmanager.helperservice.LMHelperStateMachine$StateDisconnecting.enter:353 com.android.internal.util.StateMachine$SmHandler.invokeEnterMethods:1008 
07-26 15:27:04.683  2309  2539 I ActivityManager: Process com.honda.auto.linkmanager.helperservice:lmsrv (pid 10603) has died
07-26 15:27:13.015  2309  2465 D Watchdog: Android watchdog is alive!!!
07-26 15:27:34.583  4438  4454 W ContextImpl: Calling a method in the system process without a qualified user: android.app.ContextImpl.startService:1732 android.content.ContextWrapper.startService:516 com.honda.auto.linkmanager.helperservice.LMHelperCommService.startLMService:262 com.honda.auto.linkmanager.helperservice.LMHelperStateMachine$StateConnecting.enter:245 com.android.internal.util.StateMachine$SmHandler.invokeEnterMethods:1008 
07-26 15:27:34.610  2309 10132 I ActivityManager: Start proc 10685:com.honda.auto.linkmanager.helperservice:lmsrv/1000 for service com.honda.auto.linkmanager.helperservice/uie.linkmanager.LinkManagerService
07-26 15:27:34.611  4438  4454 W ContextImpl: Calling a method in the system process without a qualified user: android.app.ContextImpl.bindService:1796 android.content.ContextWrapper.bindService:539 com.honda.auto.linkmanager.helperservice.LMHelperCommService.startLMService:267 com.honda.auto.linkmanager.helperservice.LMHelperStateMachine$StateConnecting.enter:245 com.android.internal.util.StateMachine$SmHandler.invokeEnterMethods:1008 
07-26 15:27:34.652 10685 10685 W ResourcesManager: Asset path '/system/framework/com.honda.auto.linkmanager.jar' does not exist or contains no resources.
07-26 15:27:34.652 10685 10685 W ResourcesManager: Asset path '/system/framework/com.honda.ipod.jar' does not exist or contains no resources.
07-26 15:27:34.653 10685 10685 W ResourcesManager: Asset path '/system/framework/uie.linkmanager.jar' does not exist or contains no resources.
07-26 15:27:34.654 10685 10685 W ResourcesManager: Asset path '/system/framework/com.broadcom.bt.jar' does not exist or contains no resources.
07-26 15:27:34.654 10685 10685 W ResourcesManager: Asset path '/system/framework/com.honda.auto.btrfcomm.helper.jar' does not exist or contains no resources.
07-26 15:27:35.002  4438  4454 W ContextImpl: Calling a method in the system process without a qualified user: android.app.ContextImpl.stopService:1738 android.content.ContextWrapper.stopService:521 com.honda.auto.linkmanager.helperservice.LMHelperCommService.stopLMService:289 com.honda.auto.linkmanager.helperservice.LMHelperStateMachine$StateDisconnecting.enter:353 com.android.internal.util.StateMachine$SmHandler.invokeEnterMethods:1008 
07-26 15:27:35.082  2309  9760 I ActivityManager: Process com.honda.auto.linkmanager.helperservice:lmsrv (pid 10685) has died
07-26 15:27:39.810  2309  2623 W ActivityManager: Finishing task with all activities already finished
07-26 15:27:39.810  2309  2623 W ActivityManager: Duplicate finish request for ActivityRecord{20905979 u0 com.honda.tjba.btaudio/.ui.activity.LandingPageActivity t15 f}
07-26 15:27:39.839  2309  2355 W ContextImpl: Calling a method in the system process without a qualified user: android.app.ContextImpl.sendBroadcast:1367 com.android.server.wm.WindowManagerService.broadcastFocusedWindowType:8183 com.android.server.wm.WindowManagerService.access$200:176 com.android.server.wm.WindowManagerService$H.handleMessage:7698 android.os.Handler.dispatchMessage:102 
07-26 15:27:43.015  2309  2465 D Watchdog: Android watchdog is alive!!!
07-26 15:27:46.485  2309  2616 I ActivityManager: START u0 {flg=0x4000000 cmp=com.honda.tjba.btaudio/.ui.activity.LandingPageActivity} from uid 10036 on display 0
07-26 15:27:46.487  2309  2616 V WindowManager: addAppToken: AppWindowToken{373d55cf token=Token{a06862e ActivityRecord{2974d0a9 u0 com.honda.tjba.btaudio/.ui.activity.LandingPageActivity t16}}} to stack=1 task=16 at 0
07-26 15:27:46.491  2309  2355 V WindowManager: Adding window Window{ca0ce65 u0 Starting com.honda.tjba.btaudio} at 10 of 11 (after Window{21d3ff19 u0 com.honda.tjba.tuner/com.honda.tjba.tuner.ui.activity.FMActivity})
07-26 15:27:46.723  2309  2570 V WindowManager: Adding window Window{cbe0163 u0 com.honda.tjba.btaudio/com.honda.tjba.btaudio.ui.activity.LandingPageActivity} at 10 of 12 (before Window{ca0ce65 u0 Starting com.honda.tjba.btaudio})
07-26 15:27:46.724  2309  2355 W ContextImpl: Calling a method in the system process without a qualified user: android.app.ContextImpl.sendBroadcast:1367 com.android.server.wm.WindowManagerService.broadcastFocusedWindowType:8183 com.android.server.wm.WindowManagerService.access$200:176 com.android.server.wm.WindowManagerService$H.handleMessage:7698 android.os.Handler.dispatchMessage:102 
07-26 15:27:46.733  2309  2539 V WindowManager: Adding window Window{1463619 u0 com.honda.tjba.btaudio/com.honda.tjba.btaudio.ui.activity.LandingPageActivity} at 10 of 13 (before Window{cbe0163 u0 com.honda.tjba.btaudio/com.honda.tjba.btaudio.ui.activity.LandingPageActivity})
07-26 15:27:55.999  2309  2413 I ActivityManager: START u0 {act=android.intent.action.MAIN cat=[android.intent.category.HOME] flg=0x10200000 cmp=com.honda.tjba.launcher/.ui.HomeActivity} from uid 1000 on display 0
07-26 15:27:56.034  2309  2355 W ContextImpl: Calling a method in the system process without a qualified user: android.app.ContextImpl.sendBroadcast:1367 com.android.server.wm.WindowManagerService.broadcastFocusedWindowType:8183 com.android.server.wm.WindowManagerService.access$200:176 com.android.server.wm.WindowManagerService$H.handleMessage:7698 android.os.Handler.dispatchMessage:102 
07-26 15:27:56.093  2309  2355 W ContextImpl: Calling a method in the system process without a qualified user: android.app.ContextImpl.sendBroadcast:1367 com.android.server.wm.WindowManagerService.broadcastFocusedWindowType:8183 com.android.server.wm.WindowManagerService.access$200:176 com.android.server.wm.WindowManagerService$H.handleMessage:7698 android.os.Handler.dispatchMessage:102 
07-26 15:28:04.618  2309  2569 I ActivityManager: START u0 {flg=0x4000000 cmp=com.honda.tjba.btaudio/.ui.activity.LandingPageActivity} from uid 10036 on display 0
07-26 15:28:04.660  2309  2325 V WindowManager: not Base app: Adding window Window{15cdb5fd u0 com.honda.tjba.btaudio/com.honda.tjba.btaudio.ui.activity.LandingPageActivity} at 11 of 13
07-26 15:28:04.661  2309  2355 W ContextImpl: Calling a method in the system process without a qualified user: android.app.ContextImpl.sendBroadcast:1367 com.android.server.wm.WindowManagerService.broadcastFocusedWindowType:8183 com.android.server.wm.WindowManagerService.access$200:176 com.android.server.wm.WindowManagerService$H.handleMessage:7698 android.os.Handler.dispatchMessage:102 
07-26 15:28:05.038  4438  4454 W ContextImpl: Calling a method in the system process without a qualified user: android.app.ContextImpl.startService:1732 android.content.ContextWrapper.startService:516 com.honda.auto.linkmanager.helperservice.LMHelperCommService.startLMService:262 com.honda.auto.linkmanager.helperservice.LMHelperStateMachine$StateConnecting.enter:245 com.android.internal.util.StateMachine$SmHandler.invokeEnterMethods:1008 
07-26 15:28:05.085  2309  2700 I ActivityManager: Start proc 10777:com.honda.auto.linkmanager.helperservice:lmsrv/1000 for service com.honda.auto.linkmanager.helperservice/uie.linkmanager.LinkManagerService
07-26 15:28:05.090  4438  4454 W ContextImpl: Calling a method in the system process without a qualified user: android.app.ContextImpl.bindService:1796 android.content.ContextWrapper.bindService:539 com.honda.auto.linkmanager.helperservice.LMHelperCommService.startLMService:267 com.honda.auto.linkmanager.helperservice.LMHelperStateMachine$StateConnecting.enter:245 com.android.internal.util.StateMachine$SmHandler.invokeEnterMethods:1008 
07-26 15:28:05.145 10777 10777 W ResourcesManager: Asset path '/system/framework/com.honda.auto.linkmanager.jar' does not exist or contains no resources.
07-26 15:28:05.145 10777 10777 W ResourcesManager: Asset path '/system/framework/com.honda.ipod.jar' does not exist or contains no resources.
07-26 15:28:05.147 10777 10777 W ResourcesManager: Asset path '/system/framework/uie.linkmanager.jar' does not exist or contains no resources.
07-26 15:28:05.148 10777 10777 W ResourcesManager: Asset path '/system/framework/com.broadcom.bt.jar' does not exist or contains no resources.
07-26 15:28:05.149 10777 10777 W ResourcesManager: Asset path '/system/framework/com.honda.auto.btrfcomm.helper.jar' does not exist or contains no resources.
07-26 15:28:05.437  4438  4454 W ContextImpl: Calling a method in the system process without a qualified user: android.app.ContextImpl.stopService:1738 android.content.ContextWrapper.stopService:521 com.honda.auto.linkmanager.helperservice.LMHelperCommService.stopLMService:289 com.honda.auto.linkmanager.helperservice.LMHelperStateMachine$StateDisconnecting.enter:353 com.android.internal.util.StateMachine$SmHandler.invokeEnterMethods:1008 
07-26 15:28:05.588  2309  2327 I ActivityManager: Process com.honda.auto.linkmanager.helperservice:lmsrv (pid 10777) has died
07-26 15:28:05.977  2309  3176 I ActivityManager: START u0 {cmp=com.honda.settings/.bluetooth.ui.MainActivity (has extras)} from uid 10034 on display 0
07-26 15:28:06.013  2309  2355 W ContextImpl: Calling a method in the system process without a qualified user: android.app.ContextImpl.sendBroadcast:1367 com.android.server.wm.WindowManagerService.broadcastFocusedWindowType:8183 com.android.server.wm.WindowManagerService.access$200:176 com.android.server.wm.WindowManagerService$H.handleMessage:7698 android.os.Handler.dispatchMessage:102 
07-26 15:28:06.026  2896  2896 W ContextImpl: Calling a method in the system process without a qualified user: android.app.ContextImpl.sendBroadcast:1367 android.content.ContextWrapper.sendBroadcast:377 com.honda.appfixup.BzoneLifecycleCallbacks.sendActivityOnResumeBroadcast:74 com.honda.appfixup.BzoneLifecycleCallbacks.onActivityResumed:42 android.app.Application.dispatchActivityResumed:211 
07-26 15:28:06.105  2896  2896 W ContextImpl: Calling a method in the system process without a qualified user: android.app.ContextImpl.bindService:1796 android.content.ContextWrapper.bindService:539 com.honda.settings.bluetooth.ui.MainActivity.onResume:225 android.app.Instrumentation.callActivityOnResume:1257 android.app.Activity.performResume:6076 
07-26 15:28:06.146  2309  2355 W ContextImpl: Calling a method in the system process without a qualified user: android.app.ContextImpl.sendBroadcast:1367 com.android.server.wm.WindowManagerService.broadcastFocusedWindowType:8183 com.android.server.wm.WindowManagerService.access$200:176 com.android.server.wm.WindowManagerService$H.handleMessage:7698 android.os.Handler.dispatchMessage:102 
07-26 15:28:06.225  2309  3175 W InputMethodManagerService: Starting input on non-focused client com.android.internal.view.IInputMethodClient$Stub$Proxy@32fb341c (uid=10034 pid=4587)
07-26 15:28:07.186  2309  2325 I ActivityManager: START u0 {cmp=com.honda.settings/.bluetooth.ui.ProfilesActivity (has extras)} from uid 1000 on display 0
07-26 15:28:07.188  2309  2325 V WindowManager: addAppToken: AppWindowToken{2d467b87 token=Token{133a4fc6 ActivityRecord{13c9e1a1 u0 com.honda.settings/.bluetooth.ui.ProfilesActivity t5}}} to stack=1 task=5 at 1
07-26 15:28:07.416  2896  2896 W ContextImpl: Calling a method in the system process without a qualified user: android.app.ContextImpl.bindService:1796 android.content.ContextWrapper.bindService:539 com.honda.settings.bluetooth.ui.ProfilesActivity.onCreate:580 android.app.Activity.performCreate:5990 android.app.Instrumentation.callActivityOnCreate:1106 
07-26 15:28:07.432  2896  2896 W ContextImpl: Calling a method in the system process without a qualified user: android.app.ContextImpl.sendBroadcast:1367 android.content.ContextWrapper.sendBroadcast:377 com.honda.appfixup.BzoneLifecycleCallbacks.sendActivityOnResumeBroadcast:74 com.honda.appfixup.BzoneLifecycleCallbacks.onActivityResumed:42 android.app.Application.dispatchActivityResumed:211 
07-26 15:28:07.437  2896  2896 W ContextImpl: Calling a method in the system process without a qualified user: android.app.ContextImpl.bindService:1796 android.content.ContextWrapper.bindService:539 com.honda.settings.bluetooth.ui.ProfilesActivity.onResume:598 android.app.Instrumentation.callActivityOnResume:1257 android.app.Activity.performResume:6076 
07-26 15:28:07.445  2309  2700 V WindowManager: Adding window Window{3c967138 u0 com.honda.settings/com.honda.settings.bluetooth.ui.ProfilesActivity} at 11 of 12 (after Window{34352d58 u0 com.honda.settings/com.honda.settings.bluetooth.ui.MainActivity})
07-26 15:28:07.470  2309  2355 W ContextImpl: Calling a method in the system process without a qualified user: android.app.ContextImpl.sendBroadcast:1367 com.android.server.wm.WindowManagerService.broadcastFocusedWindowType:8183 com.android.server.wm.WindowManagerService.access$200:176 com.android.server.wm.WindowManagerService$H.handleMessage:7698 android.os.Handler.dispatchMessage:102 
07-26 15:28:13.015  2309  2465 D Watchdog: Android watchdog is alive!!!
07-26 15:28:18.334  2309  2413 I ActivityManager: START u0 {act=android.intent.action.MAIN cat=[android.intent.category.HOME] flg=0x10200000 cmp=com.honda.tjba.launcher/.ui.HomeActivity} from uid 1000 on display 0
07-26 15:28:18.385  2309  2355 W ContextImpl: Calling a method in the system process without a qualified user: android.app.ContextImpl.sendBroadcast:1367 com.android.server.wm.WindowManagerService.broadcastFocusedWindowType:8183 com.android.server.wm.WindowManagerService.access$200:176 com.android.server.wm.WindowManagerService$H.handleMessage:7698 android.os.Handler.dispatchMessage:102 
07-26 15:28:19.904  2309  9760 I ActivityManager: START u0 {flg=0x4000000 cmp=com.honda.tjba.btaudio/.ui.activity.LandingPageActivity} from uid 10036 on display 0
07-26 15:28:19.965  2309  2325 V WindowManager: not Base app: Adding window Window{1db482b9 u0 com.honda.tjba.btaudio/com.honda.tjba.btaudio.ui.activity.LandingPageActivity} at 12 of 13
07-26 15:28:19.966  2309  2355 W ContextImpl: Calling a method in the system process without a qualified user: android.app.ContextImpl.sendBroadcast:1367 com.android.server.wm.WindowManagerService.broadcastFocusedWindowType:8183 com.android.server.wm.WindowManagerService.access$200:176 com.android.server.wm.WindowManagerService$H.handleMessage:7698 android.os.Handler.dispatchMessage:102 
07-26 15:28:21.211  2309 10132 I ActivityManager: START u0 {cmp=com.honda.settings/.bluetooth.ui.MainActivity (has extras)} from uid 10034 on display 0
07-26 15:28:21.281  2896  2896 W ContextImpl: Calling a method in the system process without a qualified user: android.app.ContextImpl.sendBroadcast:1367 android.content.ContextWrapper.sendBroadcast:377 com.honda.appfixup.BzoneLifecycleCallbacks.sendActivityOnResumeBroadcast:74 com.honda.appfixup.BzoneLifecycleCallbacks.onActivityResumed:42 android.app.Application.dispatchActivityResumed:211 
07-26 15:28:21.371  2896  2896 W ContextImpl: Calling a method in the system process without a qualified user: android.app.ContextImpl.bindService:1796 android.content.ContextWrapper.bindService:539 com.honda.settings.bluetooth.ui.MainActivity.onResume:225 android.app.Instrumentation.callActivityOnResume:1257 android.app.Activity.performResume:6076 
07-26 15:28:21.421  2309  2355 W ContextImpl: Calling a method in the system process without a qualified user: android.app.ContextImpl.sendBroadcast:1367 com.android.server.wm.WindowManagerService.broadcastFocusedWindowType:8183 com.android.server.wm.WindowManagerService.access$200:176 com.android.server.wm.WindowManagerService$H.handleMessage:7698 android.os.Handler.dispatchMessage:102 
07-26 15:28:22.669  2309  2569 I ActivityManager: START u0 {cmp=com.honda.settings/.bluetooth.ui.ProfilesActivity (has extras)} from uid 1000 on display 0
07-26 15:28:22.671  2309  2569 V WindowManager: addAppToken: AppWindowToken{33eac1e5 token=Token{3c905cdc ActivityRecord{9a63d4f u0 com.honda.settings/.bluetooth.ui.ProfilesActivity t5}}} to stack=1 task=5 at 1
07-26 15:28:22.899  2896  2896 W ContextImpl: Calling a method in the system process without a qualified user: android.app.ContextImpl.bindService:1796 android.content.ContextWrapper.bindService:539 com.honda.settings.bluetooth.ui.ProfilesActivity.onCreate:580 android.app.Activity.performCreate:5990 android.app.Instrumentation.callActivityOnCreate:1106 
07-26 15:28:22.919  2896  2896 W ContextImpl: Calling a method in the system process without a qualified user: android.app.ContextImpl.sendBroadcast:1367 android.content.ContextWrapper.sendBroadcast:377 com.honda.appfixup.BzoneLifecycleCallbacks.sendActivityOnResumeBroadcast:74 com.honda.appfixup.BzoneLifecycleCallbacks.onActivityResumed:42 android.app.Application.dispatchActivityResumed:211 
07-26 15:28:22.926  2896  2896 W ContextImpl: Calling a method in the system process without a qualified user: android.app.ContextImpl.bindService:1796 android.content.ContextWrapper.bindService:539 com.honda.settings.bluetooth.ui.ProfilesActivity.onResume:598 android.app.Instrumentation.callActivityOnResume:1257 android.app.Activity.performResume:6076 
07-26 15:28:22.943  2309  2325 V WindowManager: Adding window Window{8fd0c5e u0 com.honda.settings/com.honda.settings.bluetooth.ui.ProfilesActivity} at 11 of 12 (after Window{34352d58 u0 com.honda.settings/com.honda.settings.bluetooth.ui.MainActivity})
07-26 15:28:23.019  2309  2355 W ContextImpl: Calling a method in the system process without a qualified user: android.app.ContextImpl.sendBroadcast:1367 com.android.server.wm.WindowManagerService.broadcastFocusedWindowType:8183 com.android.server.wm.WindowManagerService.access$200:176 com.android.server.wm.WindowManagerService$H.handleMessage:7698 android.os.Handler.dispatchMessage:102 
07-26 15:28:23.924  2896  2896 W ContextImpl: Calling a method in the system process without a qualified user: android.app.ContextImpl.sendBroadcast:1367 android.content.ContextWrapper.sendBroadcast:377 com.honda.appfixup.BzoneLifecycleCallbacks.sendActivityOnResumeBroadcast:74 com.honda.appfixup.BzoneLifecycleCallbacks.onActivityResumed:42 android.app.Application.dispatchActivityResumed:211 
07-26 15:28:23.988  2896  2896 W ContextImpl: Calling a method in the system process without a qualified user: android.app.ContextImpl.bindService:1796 android.content.ContextWrapper.bindService:539 com.honda.settings.bluetooth.ui.MainActivity.onResume:225 android.app.Instrumentation.callActivityOnResume:1257 android.app.Activity.performResume:6076 
07-26 15:28:24.026  2309  2355 W ContextImpl: Calling a method in the system process without a qualified user: android.app.ContextImpl.sendBroadcast:1367 com.android.server.wm.WindowManagerService.broadcastFocusedWindowType:8183 com.android.server.wm.WindowManagerService.access$200:176 com.android.server.wm.WindowManagerService$H.handleMessage:7698 android.os.Handler.dispatchMessage:102 
07-26 15:28:27.465  2309  2325 I ActivityManager: START u0 {cmp=com.honda.settings/.bluetooth.ui.ProfilesActivity (has extras)} from uid 1000 on display 0
07-26 15:28:27.467  2309  2325 V WindowManager: addAppToken: AppWindowToken{143cef4b token=Token{f5ee81a ActivityRecord{12c316c5 u0 com.honda.settings/.bluetooth.ui.ProfilesActivity t5}}} to stack=1 task=5 at 1
07-26 15:28:27.659  2896  2896 W ContextImpl: Calling a method in the system process without a qualified user: android.app.ContextImpl.bindService:1796 android.content.ContextWrapper.bindService:539 com.honda.settings.bluetooth.ui.ProfilesActivity.onCreate:580 android.app.Activity.performCreate:5990 android.app.Instrumentation.callActivityOnCreate:1106 
07-26 15:28:27.674  2896  2896 W ContextImpl: Calling a method in the system process without a qualified user: android.app.ContextImpl.sendBroadcast:1367 android.content.ContextWrapper.sendBroadcast:377 com.honda.appfixup.BzoneLifecycleCallbacks.sendActivityOnResumeBroadcast:74 com.honda.appfixup.BzoneLifecycleCallbacks.onActivityResumed:42 android.app.Application.dispatchActivityResumed:211 
07-26 15:28:27.682  2896  2896 W ContextImpl: Calling a method in the system process without a qualified user: android.app.ContextImpl.bindService:1796 android.content.ContextWrapper.bindService:539 com.honda.settings.bluetooth.ui.ProfilesActivity.onResume:598 android.app.Instrumentation.callActivityOnResume:1257 android.app.Activity.performResume:6076 
07-26 15:28:27.689  2309  2512 V WindowManager: Adding window Window{3c65a96c u0 com.honda.settings/com.honda.settings.bluetooth.ui.ProfilesActivity} at 11 of 13 (after Window{34352d58 u0 com.honda.settings/com.honda.settings.bluetooth.ui.MainActivity})
07-26 15:28:27.758  2309  2355 W ContextImpl: Calling a method in the system process without a qualified user: android.app.ContextImpl.sendBroadcast:1367 com.android.server.wm.WindowManagerService.broadcastFocusedWindowType:8183 com.android.server.wm.WindowManagerService.access$200:176 com.android.server.wm.WindowManagerService$H.handleMessage:7698 android.os.Handler.dispatchMessage:102 
07-26 15:28:29.621  2896  2896 W ContextImpl: Calling a method in the system process without a qualified user: android.app.ContextImpl.sendBroadcast:1367 android.content.ContextWrapper.sendBroadcast:377 com.honda.appfixup.BzoneLifecycleCallbacks.sendActivityOnResumeBroadcast:74 com.honda.appfixup.BzoneLifecycleCallbacks.onActivityResumed:42 android.app.Application.dispatchActivityResumed:211 
07-26 15:28:29.702  2896  2896 W ContextImpl: Calling a method in the system process without a qualified user: android.app.ContextImpl.bindService:1796 android.content.ContextWrapper.bindService:539 com.honda.settings.bluetooth.ui.MainActivity.onResume:225 android.app.Instrumentation.callActivityOnResume:1257 android.app.Activity.performResume:6076 
07-26 15:28:29.737  2309  2355 W ContextImpl: Calling a method in the system process without a qualified user: android.app.ContextImpl.sendBroadcast:1367 com.android.server.wm.WindowManagerService.broadcastFocusedWindowType:8183 com.android.server.wm.WindowManagerService.access$200:176 com.android.server.wm.WindowManagerService$H.handleMessage:7698 android.os.Handler.dispatchMessage:102 
07-26 15:28:31.791  2309  2325 I ActivityManager: START u0 {cmp=com.honda.settings/.bluetooth.ui.ProfilesActivity (has extras)} from uid 1000 on display 0
07-26 15:28:31.793  2309  2325 V WindowManager: addAppToken: AppWindowToken{120bef2b token=Token{1fcc7b7a ActivityRecord{24a75ba5 u0 com.honda.settings/.bluetooth.ui.ProfilesActivity t5}}} to stack=1 task=5 at 1
07-26 15:28:32.092  2896  2896 W ContextImpl: Calling a method in the system process without a qualified user: android.app.ContextImpl.bindService:1796 android.content.ContextWrapper.bindService:539 com.honda.settings.bluetooth.ui.ProfilesActivity.onCreate:580 android.app.Activity.performCreate:5990 android.app.Instrumentation.callActivityOnCreate:1106 
07-26 15:28:32.111  2896  2896 W ContextImpl: Calling a method in the system process without a qualified user: android.app.ContextImpl.sendBroadcast:1367 android.content.ContextWrapper.sendBroadcast:377 com.honda.appfixup.BzoneLifecycleCallbacks.sendActivityOnResumeBroadcast:74 com.honda.appfixup.BzoneLifecycleCallbacks.onActivityResumed:42 android.app.Application.dispatchActivityResumed:211 
07-26 15:28:32.116  2896  2896 W ContextImpl: Calling a method in the system process without a qualified user: android.app.ContextImpl.bindService:1796 android.content.ContextWrapper.bindService:539 com.honda.settings.bluetooth.ui.ProfilesActivity.onResume:598 android.app.Instrumentation.callActivityOnResume:1257 android.app.Activity.performResume:6076 
07-26 15:28:32.122  2309  2539 V WindowManager: Adding window Window{1a0a4dcc u0 com.honda.settings/com.honda.settings.bluetooth.ui.ProfilesActivity} at 11 of 12 (after Window{34352d58 u0 com.honda.settings/com.honda.settings.bluetooth.ui.MainActivity})
07-26 15:28:32.144  2309  2355 W ContextImpl: Calling a method in the system process without a qualified user: android.app.ContextImpl.sendBroadcast:1367 com.android.server.wm.WindowManagerService.broadcastFocusedWindowType:8183 com.android.server.wm.WindowManagerService.access$200:176 com.android.server.wm.WindowManagerService$H.handleMessage:7698 android.os.Handler.dispatchMessage:102 
07-26 15:28:35.474  4438  4454 W ContextImpl: Calling a method in the system process without a qualified user: android.app.ContextImpl.startService:1732 android.content.ContextWrapper.startService:516 com.honda.auto.linkmanager.helperservice.LMHelperCommService.startLMService:262 com.honda.auto.linkmanager.helperservice.LMHelperStateMachine$StateConnecting.enter:245 com.android.internal.util.StateMachine$SmHandler.invokeEnterMethods:1008 
07-26 15:28:35.513  2309  3176 I ActivityManager: Start proc 10873:com.honda.auto.linkmanager.helperservice:lmsrv/1000 for service com.honda.auto.linkmanager.helperservice/uie.linkmanager.LinkManagerService
07-26 15:28:35.514  4438  4454 W ContextImpl: Calling a method in the system process without a qualified user: android.app.ContextImpl.bindService:1796 android.content.ContextWrapper.bindService:539 com.honda.auto.linkmanager.helperservice.LMHelperCommService.startLMService:267 com.honda.auto.linkmanager.helperservice.LMHelperStateMachine$StateConnecting.enter:245 com.android.internal.util.StateMachine$SmHandler.invokeEnterMethods:1008 
07-26 15:28:35.557 10873 10873 W ResourcesManager: Asset path '/system/framework/com.honda.auto.linkmanager.jar' does not exist or contains no resources.
07-26 15:28:35.558 10873 10873 W ResourcesManager: Asset path '/system/framework/com.honda.ipod.jar' does not exist or contains no resources.
07-26 15:28:35.559 10873 10873 W ResourcesManager: Asset path '/system/framework/uie.linkmanager.jar' does not exist or contains no resources.
07-26 15:28:35.559 10873 10873 W ResourcesManager: Asset path '/system/framework/com.broadcom.bt.jar' does not exist or contains no resources.
07-26 15:28:35.560 10873 10873 W ResourcesManager: Asset path '/system/framework/com.honda.auto.btrfcomm.helper.jar' does not exist or contains no resources.
07-26 15:28:35.797  4438  4454 W ContextImpl: Calling a method in the system process without a qualified user: android.app.ContextImpl.stopService:1738 android.content.ContextWrapper.stopService:521 com.honda.auto.linkmanager.helperservice.LMHelperCommService.stopLMService:289 com.honda.auto.linkmanager.helperservice.LMHelperStateMachine$StateDisconnecting.enter:353 com.android.internal.util.StateMachine$SmHandler.invokeEnterMethods:1008 
07-26 15:28:35.912  2309  9760 I ActivityManager: Process com.honda.auto.linkmanager.helperservice:lmsrv (pid 10873) has died
07-26 15:28:43.016  2309  2465 D Watchdog: Android watchdog is alive!!!
07-26 15:28:52.106  2309 10132 I ActivityManager: Killing 2798:com.honda.auto.diagnostics/1000 (adj 15): empty for 1804s
07-26 15:28:52.218  2309  2350 I ProcessStatsService: Prepared write state in 6ms
07-26 15:29:00.001  2309  2309 I ActivityManager: Killing 3971:com.android.managedprovisioning/u0a7 (adj 15): empty for 1804s
07-26 15:29:05.828  4438  4454 W ContextImpl: Calling a method in the system process without a qualified user: android.app.ContextImpl.startService:1732 android.content.ContextWrapper.startService:516 com.honda.auto.linkmanager.helperservice.LMHelperCommService.startLMService:262 com.honda.auto.linkmanager.helperservice.LMHelperStateMachine$StateConnecting.enter:245 com.android.internal.util.StateMachine$SmHandler.invokeEnterMethods:1008 
07-26 15:29:05.866  2309  2657 I ActivityManager: Start proc 10954:com.honda.auto.linkmanager.helperservice:lmsrv/1000 for service com.honda.auto.linkmanager.helperservice/uie.linkmanager.LinkManagerService
07-26 15:29:05.866  4438  4454 W ContextImpl: Calling a method in the system process without a qualified user: android.app.ContextImpl.bindService:1796 android.content.ContextWrapper.bindService:539 com.honda.auto.linkmanager.helperservice.LMHelperCommService.startLMService:267 com.honda.auto.linkmanager.helperservice.LMHelperStateMachine$StateConnecting.enter:245 com.android.internal.util.StateMachine$SmHandler.invokeEnterMethods:1008 
07-26 15:29:05.977 10954 10954 W ResourcesManager: Asset path '/system/framework/com.honda.auto.linkmanager.jar' does not exist or contains no resources.
07-26 15:29:05.977 10954 10954 W ResourcesManager: Asset path '/system/framework/com.honda.ipod.jar' does not exist or contains no resources.
07-26 15:29:05.978 10954 10954 W ResourcesManager: Asset path '/system/framework/uie.linkmanager.jar' does not exist or contains no resources.
07-26 15:29:05.978 10954 10954 W ResourcesManager: Asset path '/system/framework/com.broadcom.bt.jar' does not exist or contains no resources.
07-26 15:29:05.978 10954 10954 W ResourcesManager: Asset path '/system/framework/com.honda.auto.btrfcomm.helper.jar' does not exist or contains no resources.
07-26 15:29:06.278  4438  4454 W ContextImpl: Calling a method in the system process without a qualified user: android.app.ContextImpl.stopService:1738 android.content.ContextWrapper.stopService:521 com.honda.auto.linkmanager.helperservice.LMHelperCommService.stopLMService:289 com.honda.auto.linkmanager.helperservice.LMHelperStateMachine$StateDisconnecting.enter:353 com.android.internal.util.StateMachine$SmHandler.invokeEnterMethods:1008 
07-26 15:29:06.352  2309  9760 I ActivityManager: Process com.honda.auto.linkmanager.helperservice:lmsrv (pid 10954) has died
07-26 15:29:07.904  3517  3517 W ContextImpl: Calling a method in the system process without a qualified user: android.app.ContextImpl.sendBroadcast:1367 android.content.ContextWrapper.sendBroadcast:377 com.honda.auto.userexperienceservice.most.UserExperienceMostProxy.sendBroadcast:494 com.honda.auto.userexperienceservice.most.UserExperienceMostProxy.sendSolarAzimuthAngle:459 com.honda.auto.userexperienceservice.most.UserExperienceMostProxy.access$700:102 
07-26 15:29:13.016  2309  2465 D Watchdog: Android watchdog is alive!!!
07-26 15:29:36.312  4438  4454 W ContextImpl: Calling a method in the system process without a qualified user: android.app.ContextImpl.startService:1732 android.content.ContextWrapper.startService:516 com.honda.auto.linkmanager.helperservice.LMHelperCommService.startLMService:262 com.honda.auto.linkmanager.helperservice.LMHelperStateMachine$StateConnecting.enter:245 com.android.internal.util.StateMachine$SmHandler.invokeEnterMethods:1008 
07-26 15:29:36.344  2309  2623 I ActivityManager: Start proc 11037:com.honda.auto.linkmanager.helperservice:lmsrv/1000 for service com.honda.auto.linkmanager.helperservice/uie.linkmanager.LinkManagerService
07-26 15:29:36.344  4438  4454 W ContextImpl: Calling a method in the system process without a qualified user: android.app.ContextImpl.bindService:1796 android.content.ContextWrapper.bindService:539 com.honda.auto.linkmanager.helperservice.LMHelperCommService.startLMService:267 com.honda.auto.linkmanager.helperservice.LMHelperStateMachine$StateConnecting.enter:245 com.android.internal.util.StateMachine$SmHandler.invokeEnterMethods:1008 
07-26 15:29:36.380 11037 11037 W ResourcesManager: Asset path '/system/framework/com.honda.auto.linkmanager.jar' does not exist or contains no resources.
07-26 15:29:36.380 11037 11037 W ResourcesManager: Asset path '/system/framework/com.honda.ipod.jar' does not exist or contains no resources.
07-26 15:29:36.381 11037 11037 W ResourcesManager: Asset path '/system/framework/uie.linkmanager.jar' does not exist or contains no resources.
07-26 15:29:36.381 11037 11037 W ResourcesManager: Asset path '/system/framework/com.broadcom.bt.jar' does not exist or contains no resources.
07-26 15:29:36.382 11037 11037 W ResourcesManager: Asset path '/system/framework/com.honda.auto.btrfcomm.helper.jar' does not exist or contains no resources.
07-26 15:29:36.738  4438  4454 W ContextImpl: Calling a method in the system process without a qualified user: android.app.ContextImpl.stopService:1738 android.content.ContextWrapper.stopService:521 com.honda.auto.linkmanager.helperservice.LMHelperCommService.stopLMService:289 com.honda.auto.linkmanager.helperservice.LMHelperStateMachine$StateDisconnecting.enter:353 com.android.internal.util.StateMachine$SmHandler.invokeEnterMethods:1008 
07-26 15:29:36.831  2309  3176 I ActivityManager: Process com.honda.auto.linkmanager.helperservice:lmsrv (pid 11037) has died
07-26 15:29:43.016  2309  2465 D Watchdog: Android watchdog is alive!!!
07-26 15:30:06.770  4438  4454 W ContextImpl: Calling a method in the system process without a qualified user: android.app.ContextImpl.startService:1732 android.content.ContextWrapper.startService:516 com.honda.auto.linkmanager.helperservice.LMHelperCommService.startLMService:262 com.honda.auto.linkmanager.helperservice.LMHelperStateMachine$StateConnecting.enter:245 com.android.internal.util.StateMachine$SmHandler.invokeEnterMethods:1008 
07-26 15:30:06.802  2309  2512 I ActivityManager: Start proc 11118:com.honda.auto.linkmanager.helperservice:lmsrv/1000 for service com.honda.auto.linkmanager.helperservice/uie.linkmanager.LinkManagerService
07-26 15:30:06.803  4438  4454 W ContextImpl: Calling a method in the system process without a qualified user: android.app.ContextImpl.bindService:1796 android.content.ContextWrapper.bindService:539 com.honda.auto.linkmanager.helperservice.LMHelperCommService.startLMService:267 com.honda.auto.linkmanager.helperservice.LMHelperStateMachine$StateConnecting.enter:245 com.android.internal.util.StateMachine$SmHandler.invokeEnterMethods:1008 
07-26 15:30:06.853 11118 11118 W ResourcesManager: Asset path '/system/framework/com.honda.auto.linkmanager.jar' does not exist or contains no resources.
07-26 15:30:06.853 11118 11118 W ResourcesManager: Asset path '/system/framework/com.honda.ipod.jar' does not exist or contains no resources.
07-26 15:30:06.853 11118 11118 W ResourcesManager: Asset path '/system/framework/uie.linkmanager.jar' does not exist or contains no resources.
07-26 15:30:06.854 11118 11118 W ResourcesManager: Asset path '/system/framework/com.broadcom.bt.jar' does not exist or contains no resources.
07-26 15:30:06.854 11118 11118 W ResourcesManager: Asset path '/system/framework/com.honda.auto.btrfcomm.helper.jar' does not exist or contains no resources.
07-26 15:30:07.595  4438  4454 W ContextImpl: Calling a method in the system process without a qualified user: android.app.ContextImpl.stopService:1738 android.content.ContextWrapper.stopService:521 com.honda.auto.linkmanager.helperservice.LMHelperCommService.stopLMService:289 com.honda.auto.linkmanager.helperservice.LMHelperStateMachine$StateDisconnecting.enter:353 com.android.internal.util.StateMachine$SmHandler.invokeEnterMethods:1008 
07-26 15:30:07.702  2309  2325 I ActivityManager: Process com.honda.auto.linkmanager.helperservice:lmsrv (pid 11118) has died
07-26 15:30:13.016  2309  2465 D Watchdog: Android watchdog is alive!!!
07-26 15:30:37.625  4438  4454 W ContextImpl: Calling a method in the system process without a qualified user: android.app.ContextImpl.startService:1732 android.content.ContextWrapper.startService:516 com.honda.auto.linkmanager.helperservice.LMHelperCommService.startLMService:262 com.honda.auto.linkmanager.helperservice.LMHelperStateMachine$StateConnecting.enter:245 com.android.internal.util.StateMachine$SmHandler.invokeEnterMethods:1008 
07-26 15:30:37.671  2309  3177 I ActivityManager: Start proc 11200:com.honda.auto.linkmanager.helperservice:lmsrv/1000 for service com.honda.auto.linkmanager.helperservice/uie.linkmanager.LinkManagerService
07-26 15:30:37.672  4438  4454 W ContextImpl: Calling a method in the system process without a qualified user: android.app.ContextImpl.bindService:1796 android.content.ContextWrapper.bindService:539 com.honda.auto.linkmanager.helperservice.LMHelperCommService.startLMService:267 com.honda.auto.linkmanager.helperservice.LMHelperStateMachine$StateConnecting.enter:245 com.android.internal.util.StateMachine$SmHandler.invokeEnterMethods:1008 
07-26 15:30:37.700 11200 11200 W ResourcesManager: Asset path '/system/framework/com.honda.auto.linkmanager.jar' does not exist or contains no resources.
07-26 15:30:37.700 11200 11200 W ResourcesManager: Asset path '/system/framework/com.honda.ipod.jar' does not exist or contains no resources.
07-26 15:30:37.701 11200 11200 W ResourcesManager: Asset path '/system/framework/uie.linkmanager.jar' does not exist or contains no resources.
07-26 15:30:37.701 11200 11200 W ResourcesManager: Asset path '/system/framework/com.broadcom.bt.jar' does not exist or contains no resources.
07-26 15:30:37.702 11200 11200 W ResourcesManager: Asset path '/system/framework/com.honda.auto.btrfcomm.helper.jar' does not exist or contains no resources.
07-26 15:30:38.550  4438  4454 W ContextImpl: Calling a method in the system process without a qualified user: android.app.ContextImpl.stopService:1738 android.content.ContextWrapper.stopService:521 com.honda.auto.linkmanager.helperservice.LMHelperCommService.stopLMService:289 com.honda.auto.linkmanager.helperservice.LMHelperStateMachine$StateDisconnecting.enter:353 com.android.internal.util.StateMachine$SmHandler.invokeEnterMethods:1008 
07-26 15:30:38.642  2309  9760 I ActivityManager: Process com.honda.auto.linkmanager.helperservice:lmsrv (pid 11200) has died
07-26 15:30:43.017  2309  2465 D Watchdog: Android watchdog is alive!!!
07-26 15:31:02.109  3517  3517 W ContextImpl: Calling a method in the system process without a qualified user: android.app.ContextImpl.sendBroadcast:1367 android.content.ContextWrapper.sendBroadcast:377 com.honda.auto.userexperienceservice.most.UserExperienceMostProxy.sendBroadcast:494 com.honda.auto.userexperienceservice.most.UserExperienceMostProxy.sendSolarElevationAngle:467 com.honda.auto.userexperienceservice.most.UserExperienceMostProxy.access$800:102 
07-26 15:31:08.578  4438  4454 W ContextImpl: Calling a method in the system process without a qualified user: android.app.ContextImpl.startService:1732 android.content.ContextWrapper.startService:516 com.honda.auto.linkmanager.helperservice.LMHelperCommService.startLMService:262 com.honda.auto.linkmanager.helperservice.LMHelperStateMachine$StateConnecting.enter:245 com.android.internal.util.StateMachine$SmHandler.invokeEnterMethods:1008 
07-26 15:31:08.613  2309  2700 I ActivityManager: Start proc 11282:com.honda.auto.linkmanager.helperservice:lmsrv/1000 for service com.honda.auto.linkmanager.helperservice/uie.linkmanager.LinkManagerService
07-26 15:31:08.614  4438  4454 W ContextImpl: Calling a method in the system process without a qualified user: android.app.ContextImpl.bindService:1796 android.content.ContextWrapper.bindService:539 com.honda.auto.linkmanager.helperservice.LMHelperCommService.startLMService:267 com.honda.auto.linkmanager.helperservice.LMHelperStateMachine$StateConnecting.enter:245 com.android.internal.util.StateMachine$SmHandler.invokeEnterMethods:1008 
07-26 15:31:08.650 11282 11282 W ResourcesManager: Asset path '/system/framework/com.honda.auto.linkmanager.jar' does not exist or contains no resources.
07-26 15:31:08.651 11282 11282 W ResourcesManager: Asset path '/system/framework/com.honda.ipod.jar' does not exist or contains no resources.
07-26 15:31:08.652 11282 11282 W ResourcesManager: Asset path '/system/framework/uie.linkmanager.jar' does not exist or contains no resources.
07-26 15:31:08.652 11282 11282 W ResourcesManager: Asset path '/system/framework/com.broadcom.bt.jar' does not exist or contains no resources.
07-26 15:31:08.653 11282 11282 W ResourcesManager: Asset path '/system/framework/com.honda.auto.btrfcomm.helper.jar' does not exist or contains no resources.
07-26 15:31:08.958  4438  4454 W ContextImpl: Calling a method in the system process without a qualified user: android.app.ContextImpl.stopService:1738 android.content.ContextWrapper.stopService:521 com.honda.auto.linkmanager.helperservice.LMHelperCommService.stopLMService:289 com.honda.auto.linkmanager.helperservice.LMHelperStateMachine$StateDisconnecting.enter:353 com.android.internal.util.StateMachine$SmHandler.invokeEnterMethods:1008 
07-26 15:31:09.042  2309  2512 I ActivityManager: Process com.honda.auto.linkmanager.helperservice:lmsrv (pid 11282) has died
07-26 15:31:13.017  2309  2465 D Watchdog: Android watchdog is alive!!!
07-26 15:31:38.990  4438  4454 W ContextImpl: Calling a method in the system process without a qualified user: android.app.ContextImpl.startService:1732 android.content.ContextWrapper.startService:516 com.honda.auto.linkmanager.helperservice.LMHelperCommService.startLMService:262 com.honda.auto.linkmanager.helperservice.LMHelperStateMachine$StateConnecting.enter:245 com.android.internal.util.StateMachine$SmHandler.invokeEnterMethods:1008 
07-26 15:31:39.027  2309  2700 I ActivityManager: Start proc 11364:com.honda.auto.linkmanager.helperservice:lmsrv/1000 for service com.honda.auto.linkmanager.helperservice/uie.linkmanager.LinkManagerService
