07-26 15:24:16.480  2309  2309 I notification_canceled: [0|com.honda.telephonyservice|4660|null|1000,2]
07-26 15:24:17.395  2309  2309 I notification_enqueue: [1000,2965,com.honda.telephonyservice,4660,NULL,0,Notification(pri=0 contentView=null vibrate=null sound=null defaults=0x0 flags=0x0 color=0x00000000 category=call vis=PRIVATE),0]
07-26 15:24:17.404  2309  2309 I notification_cancel: [10010,2495,com.honda.telephonyservice,4660,NULL,0,0,66,2,NULL]
07-26 15:24:17.404  2309  2309 I notification_canceled: [0|com.honda.telephonyservice|4660|null|1000,2]
07-26 15:24:18.399  2309  2309 I notification_enqueue: [1000,2965,com.honda.telephonyservice,4660,NULL,0,Notification(pri=0 contentView=null vibrate=null sound=null defaults=0x0 flags=0x0 color=0x00000000 category=call vis=PRIVATE),0]
07-26 15:24:18.409  2309  2309 I notification_cancel: [10010,2495,com.honda.telephonyservice,4660,NULL,0,0,66,2,NULL]
07-26 15:24:18.409  2309  2309 I notification_canceled: [0|com.honda.telephonyservice|4660|null|1000,2]
07-26 15:24:19.398  2309  2309 I notification_enqueue: [1000,2965,com.honda.telephonyservice,4660,NULL,0,Notification(pri=0 contentView=null vibrate=null sound=null defaults=0x0 flags=0x0 color=0x00000000 category=call vis=PRIVATE),0]
07-26 15:24:19.404  2309  2309 I notification_cancel: [10010,2495,com.honda.telephonyservice,4660,NULL,0,0,66,2,NULL]
07-26 15:24:19.404  2309  2309 I notification_canceled: [0|com.honda.telephonyservice|4660|null|1000,2]
07-26 15:24:20.397  2309  2309 I notification_enqueue: [1000,2965,com.honda.telephonyservice,4660,NULL,0,Notification(pri=0 contentView=null vibrate=null sound=null defaults=0x0 flags=0x0 color=0x00000000 category=call vis=PRIVATE),0]
07-26 15:24:20.404  2309  2309 I notification_cancel: [10010,2495,com.honda.telephonyservice,4660,NULL,0,0,66,2,NULL]
07-26 15:24:20.404  2309  2309 I notification_canceled: [0|com.honda.telephonyservice|4660|null|1000,2]
07-26 15:24:21.397  2309  2309 I notification_enqueue: [1000,2965,com.honda.telephonyservice,4660,NULL,0,Notification(pri=0 contentView=null vibrate=null sound=null defaults=0x0 flags=0x0 color=0x00000000 category=call vis=PRIVATE),0]
07-26 15:24:21.408  2309  2309 I notification_cancel: [10010,2495,com.honda.telephonyservice,4660,NULL,0,0,66,2,NULL]
07-26 15:24:21.408  2309  2309 I notification_canceled: [0|com.honda.telephonyservice|4660|null|1000,2]
07-26 15:24:22.195  4518  4538 I force_gc: Binder
07-26 15:24:22.394  2309  2309 I notification_enqueue: [1000,2965,com.honda.telephonyservice,4660,NULL,0,Notification(pri=0 contentView=null vibrate=null sound=null defaults=0x0 flags=0x0 color=0x00000000 category=call vis=PRIVATE),0]
07-26 15:24:22.404  2309  2309 I notification_cancel: [10010,2495,com.honda.telephonyservice,4660,NULL,0,0,66,2,NULL]
07-26 15:24:22.405  2309  2309 I notification_canceled: [0|com.honda.telephonyservice|4660|null|1000,2]
07-26 15:24:22.771  2309  2512 I force_gc: Binder
07-26 15:24:22.872  3313  8984 I force_gc: Binder
07-26 15:24:23.396  2309  2309 I notification_enqueue: [1000,2965,com.honda.telephonyservice,4660,NULL,0,Notification(pri=0 contentView=null vibrate=null sound=null defaults=0x0 flags=0x0 color=0x00000000 category=call vis=PRIVATE),0]
07-26 15:24:23.405  2309  2309 I notification_cancel: [10010,2495,com.honda.telephonyservice,4660,NULL,0,0,66,2,NULL]
07-26 15:24:23.405  2309  2309 I notification_canceled: [0|com.honda.telephonyservice|4660|null|1000,2]
07-26 15:24:24.398  2309  2309 I notification_enqueue: [1000,2965,com.honda.telephonyservice,4660,NULL,0,Notification(pri=0 contentView=null vibrate=null sound=null defaults=0x0 flags=0x0 color=0x00000000 category=call vis=PRIVATE),0]
07-26 15:24:24.406  2309  2309 I notification_cancel: [10010,2495,com.honda.telephonyservice,4660,NULL,0,0,66,2,NULL]
07-26 15:24:24.406  2309  2309 I notification_canceled: [0|com.honda.telephonyservice|4660|null|1000,2]
07-26 15:24:25.399  2309  2309 I notification_enqueue: [1000,2965,com.honda.telephonyservice,4660,NULL,0,Notification(pri=0 contentView=null vibrate=null sound=null defaults=0x0 flags=0x0 color=0x00000000 category=call vis=PRIVATE),0]
07-26 15:24:25.406  2309  2309 I notification_cancel: [10010,2495,com.honda.telephonyservice,4660,NULL,0,0,66,2,NULL]
07-26 15:24:25.407  2309  2309 I notification_canceled: [0|com.honda.telephonyservice|4660|null|1000,2]
07-26 15:24:26.395  2309  2309 I notification_enqueue: [1000,2965,com.honda.telephonyservice,4660,NULL,0,Notification(pri=0 contentView=null vibrate=null sound=null defaults=0x0 flags=0x0 color=0x00000000 category=call vis=PRIVATE),0]
07-26 15:24:26.403  2309  2309 I notification_cancel: [10010,2495,com.honda.telephonyservice,4660,NULL,0,0,66,2,NULL]
07-26 15:24:26.404  2309  2309 I notification_canceled: [0|com.honda.telephonyservice|4660|null|1000,2]
07-26 15:24:27.399  2309  2309 I notification_enqueue: [1000,2965,com.honda.telephonyservice,4660,NULL,0,Notification(pri=0 contentView=null vibrate=null sound=null defaults=0x0 flags=0x0 color=0x00000000 category=call vis=PRIVATE),0]
07-26 15:24:27.409  2309  2309 I notification_cancel: [10010,2495,com.honda.telephonyservice,4660,NULL,0,0,66,2,NULL]
07-26 15:24:27.409  2309  2309 I notification_canceled: [0|com.honda.telephonyservice|4660|null|1000,2]
07-26 15:24:28.398  2309  2309 I notification_enqueue: [1000,2965,com.honda.telephonyservice,4660,NULL,0,Notification(pri=0 contentView=null vibrate=null sound=null defaults=0x0 flags=0x0 color=0x00000000 category=call vis=PRIVATE),0]
07-26 15:24:28.410  2309  2309 I notification_cancel: [10010,2495,com.honda.telephonyservice,4660,NULL,0,0,66,2,NULL]
07-26 15:24:28.410  2309  2309 I notification_canceled: [0|com.honda.telephonyservice|4660|null|1000,2]
07-26 15:24:29.395  2309  2309 I notification_enqueue: [1000,2965,com.honda.telephonyservice,4660,NULL,0,Notification(pri=0 contentView=null vibrate=null sound=null defaults=0x0 flags=0x0 color=0x00000000 category=call vis=PRIVATE),0]
07-26 15:24:29.405  2309  2309 I notification_cancel: [10010,2495,com.honda.telephonyservice,4660,NULL,0,0,66,2,NULL]
07-26 15:24:29.405  2309  2309 I notification_canceled: [0|com.honda.telephonyservice|4660|null|1000,2]
07-26 15:24:30.397  2309  2309 I notification_enqueue: [1000,2965,com.honda.telephonyservice,4660,NULL,0,Notification(pri=0 contentView=null vibrate=null sound=null defaults=0x0 flags=0x0 color=0x00000000 category=call vis=PRIVATE),0]
07-26 15:24:30.406  2309  2309 I notification_cancel: [10010,2495,com.honda.telephonyservice,4660,NULL,0,0,66,2,NULL]
07-26 15:24:30.406  2309  2309 I notification_canceled: [0|com.honda.telephonyservice|4660|null|1000,2]
07-26 15:24:31.400  2309  2309 I notification_enqueue: [1000,2965,com.honda.telephonyservice,4660,NULL,0,Notification(pri=0 contentView=null vibrate=null sound=null defaults=0x0 flags=0x0 color=0x00000000 category=call vis=PRIVATE),0]
07-26 15:24:31.406  2309  2309 I notification_cancel: [10010,2495,com.honda.telephonyservice,4660,NULL,0,0,66,2,NULL]
07-26 15:24:31.407  2309  2309 I notification_canceled: [0|com.honda.telephonyservice|4660|null|1000,2]
07-26 15:24:31.933  2309  2569 I am_proc_start: [0,10097,1000,com.honda.auto.linkmanager.helperservice:lmsrv,service,com.honda.auto.linkmanager.helperservice/uie.linkmanager.LinkManagerService]
07-26 15:24:31.963  2309  2616 I am_proc_bound: [0,10097,com.honda.auto.linkmanager.helperservice:lmsrv]
07-26 15:24:32.372  2309  2512 I am_proc_died: [0,10097,com.honda.auto.linkmanager.helperservice:lmsrv]
07-26 15:24:32.397  2309  2309 I notification_enqueue: [1000,2965,com.honda.telephonyservice,4660,NULL,0,Notification(pri=0 contentView=null vibrate=null sound=null defaults=0x0 flags=0x0 color=0x00000000 category=call vis=PRIVATE),0]
07-26 15:24:32.403  2309  2309 I notification_cancel: [10010,2495,com.honda.telephonyservice,4660,NULL,0,0,66,2,NULL]
07-26 15:24:32.404  2309  2309 I notification_canceled: [0|com.honda.telephonyservice|4660|null|1000,2]
07-26 15:24:33.397  2309  2309 I notification_enqueue: [1000,2965,com.honda.telephonyservice,4660,NULL,0,Notification(pri=0 contentView=null vibrate=null sound=null defaults=0x0 flags=0x0 color=0x00000000 category=call vis=PRIVATE),0]
07-26 15:24:33.402  2309  2309 I notification_cancel: [10010,2495,com.honda.telephonyservice,4660,NULL,0,0,66,2,NULL]
07-26 15:24:33.402  2309  2309 I notification_canceled: [0|com.honda.telephonyservice|4660|null|1000,2]
07-26 15:24:34.397  2309  2309 I notification_enqueue: [1000,2965,com.honda.telephonyservice,4660,NULL,0,Notification(pri=0 contentView=null vibrate=null sound=null defaults=0x0 flags=0x0 color=0x00000000 category=call vis=PRIVATE),0]
07-26 15:24:34.404  2309  2309 I notification_cancel: [10010,2495,com.honda.telephonyservice,4660,NULL,0,0,66,2,NULL]
07-26 15:24:34.404  2309  2309 I notification_canceled: [0|com.honda.telephonyservice|4660|null|1000,2]
07-26 15:24:35.397  2309  2309 I notification_enqueue: [1000,2965,com.honda.telephonyservice,4660,NULL,0,Notification(pri=0 contentView=null vibrate=null sound=null defaults=0x0 flags=0x0 color=0x00000000 category=call vis=PRIVATE),0]
07-26 15:24:35.407  2309  2309 I notification_cancel: [10010,2495,com.honda.telephonyservice,4660,NULL,0,0,66,2,NULL]
07-26 15:24:35.408  2309  2309 I notification_canceled: [0|com.honda.telephonyservice|4660|null|1000,2]
07-26 15:24:36.165  2309  2413 I am_home_stack_moved: [0,1,0,0,intentActivityFound]
07-26 15:24:36.165  2309  2413 I wm_task_moved: [1,1,0]
07-26 15:24:36.167  2309  2413 I am_home_stack_moved: [0,1,0,0,bringingFoundTaskToFront]
07-26 15:24:36.167  2309  2413 I wm_task_moved: [1,1,0]
07-26 15:24:36.169  2309  2413 I am_pause_activity: [0,778079828,com.honda.tjba.phone/.ui.InCallActivity]
07-26 15:24:36.171  2309  2413 I am_task_to_front: [0,1]
07-26 15:24:36.171  2309  2413 I am_new_intent: [0,889249943,1,com.honda.tjba.launcher/.ui.HomeActivity,android.intent.action.MAIN,NULL,NULL,274726912]
07-26 15:24:36.178  2814  2814 I am_on_paused_called: [0,com.honda.tjba.phone.ui.InCallActivity]
07-26 15:24:36.182  2309  2325 I am_resume_activity: [0,482506687,1,com.honda.tjba.launcher/.ui.HomeActivity]
07-26 15:24:36.215  2558  2558 I am_on_resume_called: [0,com.honda.tjba.launcher.ui.HomeActivity]
07-26 15:24:36.397  2309  2309 I notification_enqueue: [1000,2965,com.honda.telephonyservice,4660,NULL,0,Notification(pri=0 contentView=null vibrate=null sound=null defaults=0x0 flags=0x0 color=0x00000000 category=call vis=PRIVATE),0]
07-26 15:24:36.403  2309  2309 I notification_cancel: [10010,2495,com.honda.telephonyservice,4660,NULL,0,0,66,2,NULL]
07-26 15:24:36.403  2309  2309 I notification_canceled: [0|com.honda.telephonyservice|4660|null|1000,2]
07-26 15:24:36.945  1837  1837 I sf_frame_dur: [com.honda.tjba.phone/com.honda.tjba.phone.ui.InCallActivity,12,4,4,2,4,314,2]
07-26 15:24:37.397  2309  2309 I notification_enqueue: [1000,2965,com.honda.telephonyservice,4660,NULL,0,Notification(pri=0 contentView=null vibrate=null sound=null defaults=0x0 flags=0x0 color=0x00000000 category=call vis=PRIVATE),0]
07-26 15:24:37.406  2309  2309 I notification_cancel: [10010,2495,com.honda.telephonyservice,4660,NULL,0,0,66,2,NULL]
07-26 15:24:37.407  2309  2309 I notification_canceled: [0|com.honda.telephonyservice|4660|null|1000,2]
07-26 15:24:38.376  2309  2512 I am_home_stack_moved: [0,0,1,1,intentActivityFound]
07-26 15:24:38.376  2309  2512 I wm_task_moved: [8,1,6]
07-26 15:24:38.383  2309  2512 I am_home_stack_moved: [0,0,1,1,bringingFoundTaskToFront]
07-26 15:24:38.383  2309  2512 I wm_task_moved: [12,1,6]
07-26 15:24:38.386  2309  2512 I am_pause_activity: [0,482506687,com.honda.tjba.launcher/.ui.HomeActivity]
07-26 15:24:38.388  2309  2512 I am_task_to_front: [0,12]
07-26 15:24:38.388  2309  2512 I am_new_intent: [0,626451636,12,com.honda.androidauto.projection.sink/.ui.ProjectionActivity,NULL,NULL,NULL,339738624]
07-26 15:24:38.396  2558  2558 I am_on_paused_called: [0,com.honda.tjba.launcher.ui.HomeActivity]
07-26 15:24:38.396  2309  2309 I notification_enqueue: [1000,2965,com.honda.telephonyservice,4660,NULL,0,Notification(pri=0 contentView=null vibrate=null sound=null defaults=0x0 flags=0x0 color=0x00000000 category=call vis=PRIVATE),0]
07-26 15:24:38.401  2309  3175 I am_resume_activity: [0,683784783,12,com.honda.androidauto.projection.sink/.ui.ProjectionActivity]
07-26 15:24:38.422  2309  2309 I notification_cancel: [10010,2495,com.honda.telephonyservice,4660,NULL,0,0,66,2,NULL]
07-26 15:24:38.422  2309  2309 I notification_canceled: [0|com.honda.telephonyservice|4660|null|1000,2]
07-26 15:24:38.431  2477  2477 I am_on_resume_called: [0,com.honda.androidauto.projection.sink.ui.ProjectionActivity]
07-26 15:24:38.666  2309  3177 I am_proc_died: [0,2477,com.honda.androidauto.projection.sink]
07-26 15:24:38.667  2309  3177 I am_schedule_service_restart: [0,com.honda.androidauto.projection.sink/.service.GalService,1000]
07-26 15:24:38.667  2309  3177 I am_schedule_service_restart: [0,com.honda.androidauto.projection.sink/.service.IconItemService,11000]
07-26 15:24:38.668  2309  2309 I notification_cancel: [1000,2309,com.honda.androidauto.projection.sink,511513,NULL,0,0,0,8,NULL]
07-26 15:24:38.668  2309  2309 I notification_canceled: [0|com.honda.androidauto.projection.sink|511513|null|1000,8]
07-26 15:24:38.670  2309  3177 I am_finish_activity: [0,683784783,12,com.honda.androidauto.projection.sink/.ui.ProjectionActivity,proc died without state saved]
07-26 15:24:38.672  2309  3177 I am_home_stack_moved: [0,1,0,0,appDied]
07-26 15:24:38.672  2309  3177 I wm_task_moved: [1,1,0]
07-26 15:24:38.684  2309  3177 I am_resume_activity: [0,482506687,1,com.honda.tjba.launcher/.ui.HomeActivity]
07-26 15:24:38.757  2309  2570 I am_proc_start: [0,10136,1000,com.honda.androidauto.projection.sink,service,com.honda.androidauto.projection.sink/.service.IconItemService]
07-26 15:24:38.757  2309  2350 I dvm_lock_sample: [system_server,1,ActivityManager,74,ActivityManagerService.java,1698,-,1255,14]
07-26 15:24:38.765  2309  2355 I wm_task_removed: [12,removeAppToken: last token]
07-26 15:24:38.765  2309  2355 I wm_task_removed: [12,removeTask]
07-26 15:24:38.770  2558  2558 I am_on_resume_called: [0,com.honda.tjba.launcher.ui.HomeActivity]
07-26 15:24:38.817  2309  3176 I am_proc_bound: [0,10136,com.honda.androidauto.projection.sink]
07-26 15:24:38.828  2309  2309 I notification_enqueue: [1000,10136,com.honda.androidauto.projection.sink,511513,NULL,0,Notification(pri=0 contentView=com.honda.androidauto.projection.sink/0x109007b vibrate=null sound=null defaults=0x0 flags=0x62 color=0x00000000 vis=PRIVATE),0]
07-26 15:24:39.008  2309  2623 I force_gc: Binder
07-26 15:24:39.023  2309  2309 I notification_cancel: [10010,2495,com.honda.androidauto.projection.sink,511513,NULL,0,0,66,2,NULL]
07-26 15:24:39.061  1917  1917 I auditd  : type=1400 audit(0.0:38): avc: denied { connectto } for comm="gps_receiver_ma" path="/dev/socket/dr_playback_commands" scontext=u:r:gpsd:s0 tcontext=u:r:init:s0 tclass=unix_stream_socket permissive=1
07-26 15:24:39.395  2309  2309 I notification_enqueue: [1000,2965,com.honda.telephonyservice,4660,NULL,0,Notification(pri=0 contentView=null vibrate=null sound=null defaults=0x0 flags=0x0 color=0x00000000 category=call vis=PRIVATE),0]
07-26 15:24:39.401  2309  2309 I notification_cancel: [10010,2495,com.honda.telephonyservice,4660,NULL,0,0,66,2,NULL]
07-26 15:24:39.401  2309  2309 I notification_canceled: [0|com.honda.telephonyservice|4660|null|1000,2]
07-26 15:24:40.398  2309  2309 I notification_enqueue: [1000,2965,com.honda.telephonyservice,4660,NULL,0,Notification(pri=0 contentView=null vibrate=null sound=null defaults=0x0 flags=0x0 color=0x00000000 category=call vis=PRIVATE),0]
07-26 15:24:40.404  2309  2309 I notification_cancel: [10010,2495,com.honda.telephonyservice,4660,NULL,0,0,66,2,NULL]
07-26 15:24:40.404  2309  2309 I notification_canceled: [0|com.honda.telephonyservice|4660|null|1000,2]
07-26 15:24:41.399  2309  2309 I notification_enqueue: [1000,2965,com.honda.telephonyservice,4660,NULL,0,Notification(pri=0 contentView=null vibrate=null sound=null defaults=0x0 flags=0x0 color=0x00000000 category=call vis=PRIVATE),0]
07-26 15:24:41.406  2309  2309 I notification_cancel: [10010,2495,com.honda.telephonyservice,4660,NULL,0,0,66,2,NULL]
07-26 15:24:41.406  2309  2309 I notification_canceled: [0|com.honda.telephonyservice|4660|null|1000,2]
07-26 15:24:41.759  2309  2700 I am_home_stack_moved: [0,0,1,1,startingNewTask]
07-26 15:24:41.759  2309  2700 I wm_task_moved: [8,1,5]
07-26 15:24:41.764  2309  2700 I am_create_task: [0,13]
07-26 15:24:41.764  2309  2700 I am_create_activity: [0,72645719,13,com.honda.androidauto.projection.sink/.ui.ProjectionActivity,NULL,NULL,NULL,335544320]
07-26 15:24:41.764  2309  2700 I wm_task_created: [13,1]
07-26 15:24:41.764  2309  2700 I wm_task_moved: [13,1,6]
07-26 15:24:41.765  2309  2700 I am_pause_activity: [0,482506687,com.honda.tjba.launcher/.ui.HomeActivity]
07-26 15:24:41.773  2309  2700 I am_home_stack_moved: [0,0,1,1,startedActivity setFocusedActivity]
07-26 15:24:41.774  2309  2700 I am_focused_activity: [0,com.honda.androidauto.projection.sink/.ui.ProjectionActivity]
07-26 15:24:41.779  2558  2558 I am_on_paused_called: [0,com.honda.tjba.launcher.ui.HomeActivity]
07-26 15:24:41.787  2309  2325 I am_restart_activity: [0,72645719,13,com.honda.androidauto.projection.sink/.ui.ProjectionActivity]
07-26 15:24:41.985 10136 10136 I am_on_resume_called: [0,com.honda.androidauto.projection.sink.ui.ProjectionActivity]
07-26 15:24:42.232  2309  2355 I am_activity_launch_time: [0,72645719,com.honda.androidauto.projection.sink/.ui.ProjectionActivity,448,448]
07-26 15:24:42.378  1837  1837 I sf_frame_dur: [com.honda.tjba.launcher/com.honda.tjba.launcher.ui.HomeActivity,0,0,6,10,6,6,2]
07-26 15:24:42.402  2309  2309 I notification_enqueue: [1000,2965,com.honda.telephonyservice,4660,NULL,0,Notification(pri=0 contentView=null vibrate=null sound=null defaults=0x0 flags=0x0 color=0x00000000 category=call vis=PRIVATE),0]
07-26 15:24:42.411  2309  2309 I notification_cancel: [10010,2495,com.honda.telephonyservice,4660,NULL,0,0,66,2,NULL]
07-26 15:24:42.412  2309  2309 I notification_canceled: [0|com.honda.telephonyservice|4660|null|1000,2]
07-26 15:24:43.398  2309  2309 I notification_enqueue: [1000,2965,com.honda.telephonyservice,4660,NULL,0,Notification(pri=0 contentView=null vibrate=null sound=null defaults=0x0 flags=0x0 color=0x00000000 category=call vis=PRIVATE),0]
07-26 15:24:43.405  2309  2309 I notification_cancel: [10010,2495,com.honda.telephonyservice,4660,NULL,0,0,66,2,NULL]
07-26 15:24:43.405  2309  2309 I notification_canceled: [0|com.honda.telephonyservice|4660|null|1000,2]
07-26 15:24:44.396  2309  2309 I notification_enqueue: [1000,2965,com.honda.telephonyservice,4660,NULL,0,Notification(pri=0 contentView=null vibrate=null sound=null defaults=0x0 flags=0x0 color=0x00000000 category=call vis=PRIVATE),0]
07-26 15:24:44.404  2309  2309 I notification_cancel: [10010,2495,com.honda.telephonyservice,4660,NULL,0,0,66,2,NULL]
07-26 15:24:44.404  2309  2309 I notification_canceled: [0|com.honda.telephonyservice|4660|null|1000,2]
07-26 15:24:45.394  2309  2309 I notification_enqueue: [1000,2965,com.honda.telephonyservice,4660,NULL,0,Notification(pri=0 contentView=null vibrate=null sound=null defaults=0x0 flags=0x0 color=0x00000000 category=call vis=PRIVATE),0]
07-26 15:24:45.402  2309  2309 I notification_cancel: [10010,2495,com.honda.telephonyservice,4660,NULL,0,0,66,2,NULL]
07-26 15:24:45.402  2309  2309 I notification_canceled: [0|com.honda.telephonyservice|4660|null|1000,2]
07-26 15:24:46.395  2309  2309 I notification_enqueue: [1000,2965,com.honda.telephonyservice,4660,NULL,0,Notification(pri=0 contentView=null vibrate=null sound=null defaults=0x0 flags=0x0 color=0x00000000 category=call vis=PRIVATE),0]
07-26 15:24:46.401  2309  2309 I notification_cancel: [10010,2495,com.honda.telephonyservice,4660,NULL,0,0,66,2,NULL]
07-26 15:24:46.402  2309  2309 I notification_canceled: [0|com.honda.telephonyservice|4660|null|1000,2]
07-26 15:24:46.991  2309  2327 I am_finish_activity: [0,72645719,13,com.honda.androidauto.projection.sink/.ui.ProjectionActivity,app-request]
07-26 15:24:46.991  2309  2327 I am_home_stack_moved: [0,1,0,0,finishActivity adjustFocus]
07-26 15:24:46.991  2309  2327 I wm_task_moved: [1,1,0]
07-26 15:24:46.993  2309  2327 I am_home_stack_moved: [0,1,0,0,finishActivity adjustTopFocus setFocusedActivity]
07-26 15:24:46.994  2309  2327 I am_focused_activity: [0,com.honda.tjba.launcher/.ui.HomeActivity]
07-26 15:24:46.994  2309  2327 I am_pause_activity: [0,72645719,com.honda.androidauto.projection.sink/.ui.ProjectionActivity]
07-26 15:24:46.997 10136 10136 I am_on_paused_called: [0,com.honda.androidauto.projection.sink.ui.ProjectionActivity]
07-26 15:24:47.004  2309  2570 I am_resume_activity: [0,482506687,1,com.honda.tjba.launcher/.ui.HomeActivity]
07-26 15:24:47.022  2558  2558 I am_on_resume_called: [0,com.honda.tjba.launcher.ui.HomeActivity]
07-26 15:24:47.397  2309  2309 I notification_enqueue: [1000,2965,com.honda.telephonyservice,4660,NULL,0,Notification(pri=0 contentView=null vibrate=null sound=null defaults=0x0 flags=0x0 color=0x00000000 category=call vis=PRIVATE),0]
07-26 15:24:47.403  2309  2309 I notification_cancel: [10010,2495,com.honda.telephonyservice,4660,NULL,0,0,66,2,NULL]
07-26 15:24:47.403  2309  2309 I notification_canceled: [0|com.honda.telephonyservice|4660|null|1000,2]
07-26 15:24:47.691  2309  2350 I am_destroy_activity: [0,72645719,13,com.honda.androidauto.projection.sink/.ui.ProjectionActivity,finish-imm]
07-26 15:24:47.705  2309  2616 I wm_task_removed: [13,removeAppToken: last token]
07-26 15:24:47.705  2309  2616 I wm_task_removed: [13,removeTask]
07-26 15:24:48.395  2309  2309 I notification_enqueue: [1000,2965,com.honda.telephonyservice,4660,NULL,0,Notification(pri=0 contentView=null vibrate=null sound=null defaults=0x0 flags=0x0 color=0x00000000 category=call vis=PRIVATE),0]
07-26 15:24:48.402  2309  2309 I notification_cancel: [10010,2495,com.honda.telephonyservice,4660,NULL,0,0,66,2,NULL]
07-26 15:24:48.402  2309  2309 I notification_canceled: [0|com.honda.telephonyservice|4660|null|1000,2]
07-26 15:24:49.397  2309  2309 I notification_enqueue: [1000,2965,com.honda.telephonyservice,4660,NULL,0,Notification(pri=0 contentView=null vibrate=null sound=null defaults=0x0 flags=0x0 color=0x00000000 category=call vis=PRIVATE),0]
07-26 15:24:49.403  2309  2309 I notification_cancel: [10010,2495,com.honda.telephonyservice,4660,NULL,0,0,66,2,NULL]
07-26 15:24:49.403  2309  2309 I notification_canceled: [0|com.honda.telephonyservice|4660|null|1000,2]
07-26 15:24:50.401  2309  2309 I notification_enqueue: [1000,2965,com.honda.telephonyservice,4660,NULL,0,Notification(pri=0 contentView=null vibrate=null sound=null defaults=0x0 flags=0x0 color=0x00000000 category=call vis=PRIVATE),0]
07-26 15:24:50.407  2309  2309 I notification_cancel: [10010,2495,com.honda.telephonyservice,4660,NULL,0,0,66,2,NULL]
07-26 15:24:50.408  2309  2309 I notification_canceled: [0|com.honda.telephonyservice|4660|null|1000,2]
07-26 15:24:50.470  2309  2512 I am_home_stack_moved: [0,0,1,1,intentActivityFound]
07-26 15:24:50.470  2309  2512 I wm_task_moved: [8,1,5]
07-26 15:24:50.478  2309  2512 I am_home_stack_moved: [0,0,1,1,bringingFoundTaskToFront]
07-26 15:24:50.478  2309  2512 I wm_task_moved: [8,1,5]
07-26 15:24:50.483  2309  2512 I am_pause_activity: [0,482506687,com.honda.tjba.launcher/.ui.HomeActivity]
07-26 15:24:50.488  2309  2512 I am_task_to_front: [0,8]
07-26 15:24:50.488  2309  2512 I am_finish_activity: [0,861581198,8,com.honda.tjba.phone/.ui.LandingPageActivity,clear]
07-26 15:24:50.489  2309  2512 I am_destroy_activity: [0,861581198,8,com.honda.tjba.phone/.ui.LandingPageActivity,finish-imm]
07-26 15:24:50.499  2309  2512 I am_finish_activity: [0,778079828,8,com.honda.tjba.phone/.ui.InCallActivity,clear]
07-26 15:24:50.501  2309  2512 I am_destroy_activity: [0,778079828,8,com.honda.tjba.phone/.ui.InCallActivity,finish-imm]
07-26 15:24:50.502  2309  2512 I am_home_stack_moved: [0,0,1,1,startingNewTask]
07-26 15:24:50.502  2309  2512 I wm_task_moved: [8,1,5]
07-26 15:24:50.509  2309  2512 I am_create_task: [0,8]
07-26 15:24:50.509  2309  2512 I am_create_activity: [0,888779535,8,com.honda.tjba.phone/.ui.LandingPageActivity,NULL,NULL,NULL,272662528]
07-26 15:24:50.509  2309  2512 I wm_task_moved: [8,1,5]
07-26 15:24:50.512  2309  2512 I am_home_stack_moved: [0,0,1,1,startedActivity setFocusedActivity]
07-26 15:24:50.513  2309  2512 I am_focused_activity: [0,com.honda.tjba.phone/.ui.LandingPageActivity]
07-26 15:24:50.515  2558  2558 I am_on_paused_called: [0,com.honda.tjba.launcher.ui.HomeActivity]
07-26 15:24:50.517  2309  2512 I am_restart_activity: [0,888779535,8,com.honda.tjba.phone/.ui.LandingPageActivity]
07-26 15:24:50.948  2309 10132 I am_home_stack_moved: [0,0,1,1,sourceStackToFront]
07-26 15:24:50.949  2309 10132 I wm_task_moved: [8,1,5]
07-26 15:24:50.951  2309 10132 I am_create_activity: [0,50846371,8,com.honda.tjba.phone/.ui.InCallActivity,NULL,NULL,NULL,131072]
07-26 15:24:50.953  2309 10132 I am_pause_activity: [0,888779535,com.honda.tjba.phone/.ui.LandingPageActivity]
07-26 15:24:50.959  2309 10132 I am_home_stack_moved: [0,0,1,1,startedActivity setFocusedActivity]
07-26 15:24:50.962  2309 10132 I am_focused_activity: [0,com.honda.tjba.phone/.ui.InCallActivity]
07-26 15:24:50.984  2814  2814 I am_on_resume_called: [0,com.honda.tjba.phone.ui.LandingPageActivity]
07-26 15:24:51.129  2814  2814 I am_on_paused_called: [0,com.honda.tjba.phone.ui.LandingPageActivity]
07-26 15:24:51.130  2309  2512 I am_restart_activity: [0,50846371,8,com.honda.tjba.phone/.ui.InCallActivity]
07-26 15:24:51.191  2814  2814 I am_on_resume_called: [0,com.honda.tjba.phone.ui.InCallActivity]
07-26 15:24:51.223  1837  1837 I sf_frame_dur: [com.honda.tjba.launcher/com.honda.tjba.launcher.ui.HomeActivity,0,0,2,2,2,0,2]
07-26 15:24:51.402  2309  2309 I notification_enqueue: [1000,2965,com.honda.telephonyservice,4660,NULL,0,Notification(pri=0 contentView=null vibrate=null sound=null defaults=0x0 flags=0x0 color=0x00000000 category=call vis=PRIVATE),0]
07-26 15:24:51.427  2309  2309 I notification_cancel: [10010,2495,com.honda.telephonyservice,4660,NULL,0,0,66,2,NULL]
07-26 15:24:51.428  2309  2309 I notification_canceled: [0|com.honda.telephonyservice|4660|null|1000,2]
07-26 15:24:51.459  2309  2355 I am_activity_launch_time: [0,50846371,com.honda.tjba.phone/.ui.InCallActivity,330,943]
07-26 15:24:52.343  2309  2325 I force_gc: Binder
07-26 15:24:52.400  2309  2309 I notification_enqueue: [1000,2965,com.honda.telephonyservice,4660,NULL,0,Notification(pri=0 contentView=null vibrate=null sound=null defaults=0x0 flags=0x0 color=0x00000000 category=call vis=PRIVATE),0]
07-26 15:24:52.407  2309  2309 I notification_cancel: [10010,2495,com.honda.telephonyservice,4660,NULL,0,0,66,2,NULL]
07-26 15:24:52.408  2309  2309 I notification_canceled: [0|com.honda.telephonyservice|4660|null|1000,2]
07-26 15:24:52.691  3313  3427 I force_gc: Binder
07-26 15:24:53.065  2309  2700 I force_gc: Binder
07-26 15:24:53.400  2309  2309 I notification_enqueue: [1000,2965,com.honda.telephonyservice,4660,NULL,0,Notification(pri=0 contentView=null vibrate=null sound=null defaults=0x0 flags=0x0 color=0x00000000 category=call vis=PRIVATE),0]
07-26 15:24:53.406  2309  2309 I notification_cancel: [10010,2495,com.honda.telephonyservice,4660,NULL,0,0,66,2,NULL]
07-26 15:24:53.406  2309  2309 I notification_canceled: [0|com.honda.telephonyservice|4660|null|1000,2]
07-26 15:24:53.911  2309  2309 I notification_enqueue: [1000,2965,com.honda.telephonyservice,4660,NULL,0,Notification(pri=0 contentView=null vibrate=null sound=null defaults=0x0 flags=0x0 color=0x00000000 category=call vis=PRIVATE),0]
07-26 15:24:53.941  2309  2309 I notification_cancel: [10010,2495,com.honda.telephonyservice,4660,NULL,0,0,66,2,NULL]
07-26 15:24:53.942  2309  2309 I notification_canceled: [0|com.honda.telephonyservice|4660|null|1000,2]
07-26 15:24:54.151  3051  3051 I auditd  : type=1400 audit(0.0:39): avc: denied { write } for comm="a.tjba.usbaudio" name="property_service" dev="tmpfs" ino=1434 scontext=u:r:platform_app:s0 tcontext=u:object_r:property_socket:s0 tclass=sock_file permissive=1
07-26 15:24:54.151  3051  3051 I auditd  : type=1400 audit(0.0:40): avc: denied { connectto } for comm="a.tjba.usbaudio" path="/dev/socket/property_service" scontext=u:r:platform_app:s0 tcontext=u:r:init:s0 tclass=unix_stream_socket permissive=1
07-26 15:24:54.174  2309  2309 I notification_enqueue: [10040,3051,com.honda.tjba.usbaudio,-1836721132,NULL,0,Notification(pri=0 contentView=com.honda.tjba.usbaudio/0x109007b vibrate=null sound=null defaults=0x0 flags=0x40 color=0x00000000 vis=PRIVATE),1]
07-26 15:24:54.421  2309  2309 I notification_cancel: [10010,2495,com.honda.tjba.usbaudio,-1836721132,NULL,0,0,66,2,NULL]
07-26 15:24:54.919  2309  2512 I am_home_stack_moved: [0,0,1,1,intentActivityFound]
07-26 15:24:54.919  2309  2512 I wm_task_moved: [8,1,5]
07-26 15:24:54.921  2309  2512 I am_finish_activity: [0,50846371,8,com.honda.tjba.phone/.ui.InCallActivity,clear]
07-26 15:24:54.922  2309  2512 I am_home_stack_moved: [0,0,1,1,finishActivity adjustTopFocus setFocusedActivity]
07-26 15:24:54.923  2309  2512 I am_focused_activity: [0,com.honda.tjba.phone/.ui.LandingPageActivity]
07-26 15:24:54.923  2309  2512 I am_pause_activity: [0,50846371,com.honda.tjba.phone/.ui.InCallActivity]
07-26 15:24:54.924  2309  2512 I am_new_intent: [0,466192602,8,com.honda.tjba.phone/.ui.LandingPageActivity,NULL,NULL,NULL,268566528]
07-26 15:24:54.925  2814  2814 I am_on_paused_called: [0,com.honda.tjba.phone.ui.InCallActivity]
07-26 15:24:54.926  2309  2657 I am_resume_activity: [0,888779535,8,com.honda.tjba.phone/.ui.LandingPageActivity]
07-26 15:24:54.954  2814  2814 I am_on_resume_called: [0,com.honda.tjba.phone.ui.LandingPageActivity]
07-26 15:24:55.432  2309  2350 I am_destroy_activity: [0,50846371,8,com.honda.tjba.phone/.ui.InCallActivity,finish-imm]
07-26 15:24:55.436  1837  1837 I sf_frame_dur: [com.honda.tjba.phone/com.honda.tjba.phone.ui.InCallActivity,6,4,0,2,2,4,0]
07-26 15:24:56.674  2309  2309 I notification_enqueue: [10010,2495,com.android.systemui,-284765,NULL,0,Notification(pri=0 contentView=null vibrate=null sound=null defaults=0x0 flags=0x2 color=0x00000000 groupKey=honda_notification_icons_group vis=PRIVATE),1]
07-26 15:24:56.680  2309  2309 I notification_enqueue: [10010,2495,com.android.systemui,-284766,NULL,0,Notification(pri=0 contentView=null vibrate=null sound=null defaults=0x0 flags=0x2 color=0x00000000 groupKey=honda_notification_icons_group vis=PRIVATE),1]
07-26 15:24:56.933  2309  2616 I notification_clicked: 0|com.honda.telephonyservice|4660|null|1000
07-26 15:24:56.933  2309  2309 I notification_cancel: [10010,2495,com.honda.telephonyservice,4660,NULL,0,0,66,2,NULL]
07-26 15:25:02.323  2309  2327 I am_proc_start: [0,10234,1000,com.honda.auto.linkmanager.helperservice:lmsrv,service,com.honda.auto.linkmanager.helperservice/uie.linkmanager.LinkManagerService]
07-26 15:25:02.352  2309  2623 I am_proc_bound: [0,10234,com.honda.auto.linkmanager.helperservice:lmsrv]
07-26 15:25:02.992  2309  2616 I am_proc_died: [0,10234,com.honda.auto.linkmanager.helperservice:lmsrv]
07-26 15:25:03.133  2309  2309 I notification_enqueue: [10010,2495,com.android.systemui,-284765,NULL,0,Notification(pri=0 contentView=null vibrate=null sound=null defaults=0x0 flags=0x2 color=0x00000000 groupKey=honda_notification_icons_group vis=PRIVATE),1]
07-26 15:25:03.140  2309  2309 I notification_enqueue: [10010,2495,com.android.systemui,-284766,NULL,0,Notification(pri=0 contentView=null vibrate=null sound=null defaults=0x0 flags=0x2 color=0x00000000 groupKey=honda_notification_icons_group vis=PRIVATE),1]
07-26 15:25:20.689  2309  2309 I notification_enqueue: [10010,2495,com.android.systemui,-284765,NULL,0,Notification(pri=0 contentView=null vibrate=null sound=null defaults=0x0 flags=0x2 color=0x00000000 groupKey=honda_notification_icons_group vis=PRIVATE),1]
07-26 15:25:20.693  2309  2309 I notification_enqueue: [10010,2495,com.android.systemui,-284766,NULL,0,Notification(pri=0 contentView=null vibrate=null sound=null defaults=0x0 flags=0x2 color=0x00000000 groupKey=honda_notification_icons_group vis=PRIVATE),1]
07-26 15:25:21.190  2309  2309 I notification_enqueue: [10010,2495,com.android.systemui,-284765,NULL,0,Notification(pri=0 contentView=null vibrate=null sound=null defaults=0x0 flags=0x2 color=0x00000000 groupKey=honda_notification_icons_group vis=PRIVATE),1]
07-26 15:25:21.196  2309  2309 I notification_enqueue: [10010,2495,com.android.systemui,-284766,NULL,0,Notification(pri=0 contentView=null vibrate=null sound=null defaults=0x0 flags=0x2 color=0x00000000 groupKey=honda_notification_icons_group vis=PRIVATE),1]
07-26 15:25:22.157  4518  4538 I force_gc: Binder
07-26 15:25:22.579  2309 10132 I force_gc: Binder
07-26 15:25:22.768  3313  3427 I force_gc: Binder
07-26 15:25:23.183  2309  2309 I notification_enqueue: [10010,2495,com.android.systemui,-284765,NULL,0,Notification(pri=0 contentView=null vibrate=null sound=null defaults=0x0 flags=0x2 color=0x00000000 groupKey=honda_notification_icons_group vis=PRIVATE),1]
07-26 15:25:23.190  2309  2309 I notification_enqueue: [10010,2495,com.android.systemui,-284766,NULL,0,Notification(pri=0 contentView=null vibrate=null sound=null defaults=0x0 flags=0x2 color=0x00000000 groupKey=honda_notification_icons_group vis=PRIVATE),1]
07-26 15:25:27.174  2309  2309 I notification_enqueue: [10010,2495,com.android.systemui,-284765,NULL,0,Notification(pri=0 contentView=null vibrate=null sound=null defaults=0x0 flags=0x2 color=0x00000000 groupKey=honda_notification_icons_group vis=PRIVATE),1]
07-26 15:25:27.181  2309  2309 I notification_enqueue: [10010,2495,com.android.systemui,-284766,NULL,0,Notification(pri=0 contentView=null vibrate=null sound=null defaults=0x0 flags=0x2 color=0x00000000 groupKey=honda_notification_icons_group vis=PRIVATE),1]
07-26 15:25:28.171  2309  2309 I notification_enqueue: [10010,2495,com.android.systemui,-284765,NULL,0,Notification(pri=0 contentView=null vibrate=null sound=null defaults=0x0 flags=0x2 color=0x00000000 groupKey=honda_notification_icons_group vis=PRIVATE),1]
07-26 15:25:28.177  2309  2309 I notification_enqueue: [10010,2495,com.android.systemui,-284766,NULL,0,Notification(pri=0 contentView=null vibrate=null sound=null defaults=0x0 flags=0x2 color=0x00000000 groupKey=honda_notification_icons_group vis=PRIVATE),1]
07-26 15:25:29.758  2309  2413 I am_home_stack_moved: [0,1,0,0,intentActivityFound]
07-26 15:25:29.758  2309  2413 I wm_task_moved: [1,1,0]
07-26 15:25:29.759  2309  2413 I am_home_stack_moved: [0,1,0,0,bringingFoundTaskToFront]
07-26 15:25:29.759  2309  2413 I wm_task_moved: [1,1,0]
07-26 15:25:29.761  2309  2413 I am_pause_activity: [0,888779535,com.honda.tjba.phone/.ui.LandingPageActivity]
07-26 15:25:29.762  2309  2413 I am_task_to_front: [0,1]
07-26 15:25:29.762  2309  2413 I am_new_intent: [0,494163701,1,com.honda.tjba.launcher/.ui.HomeActivity,android.intent.action.MAIN,NULL,NULL,274726912]
07-26 15:25:29.765  2814  2814 I am_on_paused_called: [0,com.honda.tjba.phone.ui.LandingPageActivity]
07-26 15:25:29.766  2309  3177 I am_resume_activity: [0,482506687,1,com.honda.tjba.launcher/.ui.HomeActivity]
07-26 15:25:29.793  2558  2558 I am_on_resume_called: [0,com.honda.tjba.launcher.ui.HomeActivity]
07-26 15:25:30.457  1837  1837 I sf_frame_dur: [com.honda.tjba.phone/com.honda.tjba.phone.ui.LandingPageActivity,2,0,0,0,0,2,2]
07-26 15:25:30.997  2309  2623 I am_home_stack_moved: [0,0,1,1,startingNewTask]
07-26 15:25:30.997  2309  2623 I wm_task_moved: [8,1,5]
07-26 15:25:31.000  2309  2623 I am_create_task: [0,14]
07-26 15:25:31.000  2309  2623 I am_create_activity: [0,403593641,14,com.honda.tjba.tuner/.ui.activity.FMActivity,NULL,NULL,NULL,335544320]
07-26 15:25:31.001  2309  2623 I wm_task_created: [14,1]
07-26 15:25:31.001  2309  2623 I wm_task_moved: [14,1,6]
07-26 15:25:31.001  2309  2623 I am_pause_activity: [0,482506687,com.honda.tjba.launcher/.ui.HomeActivity]
07-26 15:25:31.003  2309  2623 I am_home_stack_moved: [0,0,1,1,startedActivity setFocusedActivity]
07-26 15:25:31.003  2309  2623 I am_focused_activity: [0,com.honda.tjba.tuner/.ui.activity.FMActivity]
07-26 15:25:31.007  2558  2558 I am_on_paused_called: [0,com.honda.tjba.launcher.ui.HomeActivity]
07-26 15:25:31.012  2309  2325 I am_restart_activity: [0,403593641,14,com.honda.tjba.tuner/.ui.activity.FMActivity]
07-26 15:25:31.495  4619  4619 I am_on_resume_called: [0,com.honda.tjba.tuner.ui.activity.FMActivity]
07-26 15:25:31.731  1837  1837 I sf_frame_dur: [com.honda.tjba.launcher/com.honda.tjba.launcher.ui.HomeActivity,0,0,4,2,4,0,0]
07-26 15:25:31.954  2309  2570 I force_gc: Binder
07-26 15:25:32.209  2309  2355 I am_activity_launch_time: [0,403593641,com.honda.tjba.tuner/.ui.activity.FMActivity,1202,1202]
07-26 15:25:32.341  2309  2350 I dvm_lock_sample: [system_server,1,ActivityManager,35,ActivityManagerService.java,3367,-,6165,7]
07-26 15:25:32.376  2495  2495 I force_gc: Binder
07-26 15:25:32.492  2309  2309 I notification_cancel: [1000,2309,com.honda.tjba.usbaudio,-1836721132,NULL,0,0,0,8,NULL]
07-26 15:25:32.493  2309  2309 I notification_canceled: [0|com.honda.tjba.usbaudio|-1836721132|null|10040,8]
07-26 15:25:32.788  2309  2309 I notification_enqueue: [10039,4619,com.honda.tjba.tuner,-1467554952,NULL,0,Notification(pri=0 contentView=com.honda.tjba.tuner/0x109007b vibrate=null sound=null defaults=0x0 flags=0x40 color=0x00000000 vis=PRIVATE),0]
07-26 15:25:32.794  2309  2309 I notification_cancel: [10010,2495,com.honda.tjba.tuner,-1467554952,NULL,0,0,66,2,NULL]
07-26 15:25:32.881  2309  3177 I am_proc_start: [0,10328,1000,com.honda.auto.linkmanager.helperservice:lmsrv,service,com.honda.auto.linkmanager.helperservice/uie.linkmanager.LinkManagerService]
07-26 15:25:32.916  2309  2569 I am_proc_bound: [0,10328,com.honda.auto.linkmanager.helperservice:lmsrv]
07-26 15:25:33.361  2309 10132 I am_proc_died: [0,10328,com.honda.auto.linkmanager.helperservice:lmsrv]
07-26 15:25:37.544  2309  9760 I dvm_lock_sample: [system_server,1,Binder_F,47,LocationManagerService.java,919,-,2280,9]
07-26 15:25:52.569  2309  2657 I force_gc: Binder
07-26 15:25:52.764  3313  8984 I force_gc: Binder
07-26 15:26:01.058  2309  3177 I am_home_stack_moved: [0,0,1,1,sourceStackToFront]
07-26 15:26:01.058  2309  3177 I wm_task_moved: [14,1,6]
07-26 15:26:01.062  2309  3177 I am_create_activity: [0,919212316,14,com.honda.tjba.tuner/.ui.activity.TuneInterfaceActivity,NULL,NULL,NULL,67108864]
07-26 15:26:01.063  2309  3177 I am_pause_activity: [0,403593641,com.honda.tjba.tuner/.ui.activity.FMActivity]
07-26 15:26:01.065  2309  3177 I am_home_stack_moved: [0,0,1,1,startedActivity setFocusedActivity]
07-26 15:26:01.066  2309  3177 I am_focused_activity: [0,com.honda.tjba.tuner/.ui.activity.TuneInterfaceActivity]
07-26 15:26:01.075  4619  4619 I am_on_paused_called: [0,com.honda.tjba.tuner.ui.activity.FMActivity]
07-26 15:26:01.076  2309  2623 I am_restart_activity: [0,919212316,14,com.honda.tjba.tuner/.ui.activity.TuneInterfaceActivity]
07-26 15:26:01.236  4619  4619 I am_on_resume_called: [0,com.honda.tjba.tuner.ui.activity.TuneInterfaceActivity]
07-26 15:26:01.383  2309  2355 I am_activity_launch_time: [0,919212316,com.honda.tjba.tuner/.ui.activity.TuneInterfaceActivity,308,308]
07-26 15:26:01.679  1837  1837 I sf_frame_dur: [com.honda.tjba.tuner/com.honda.tjba.tuner.ui.activity.FMActivity,20,452,106,10,12,6,8]
07-26 15:26:02.386  2309  3177 I am_finish_activity: [0,919212316,14,com.honda.tjba.tuner/.ui.activity.TuneInterfaceActivity,app-request]
07-26 15:26:02.387  2309  3177 I am_home_stack_moved: [0,0,1,1,finishActivity adjustTopFocus setFocusedActivity]
07-26 15:26:02.387  2309  3177 I am_focused_activity: [0,com.honda.tjba.tuner/.ui.activity.FMActivity]
07-26 15:26:02.387  2309  3177 I am_pause_activity: [0,919212316,com.honda.tjba.tuner/.ui.activity.TuneInterfaceActivity]
07-26 15:26:02.390  4619  4619 I am_on_paused_called: [0,com.honda.tjba.tuner.ui.activity.TuneInterfaceActivity]
07-26 15:26:02.391  2309 10132 I am_resume_activity: [0,403593641,14,com.honda.tjba.tuner/.ui.activity.FMActivity]
07-26 15:26:02.408  4619  4619 I am_on_resume_called: [0,com.honda.tjba.tuner.ui.activity.FMActivity]
07-26 15:26:02.816  2309  2350 I am_destroy_activity: [0,919212316,14,com.honda.tjba.tuner/.ui.activity.TuneInterfaceActivity,finish-imm]
07-26 15:26:02.820  1837  1837 I sf_frame_dur: [com.honda.tjba.tuner/com.honda.tjba.tuner.ui.activity.TuneInterfaceActivity,0,2,0,0,0,0,0]
07-26 15:26:03.336  2309  2700 I am_proc_start: [0,10413,1000,com.honda.auto.linkmanager.helperservice:lmsrv,service,com.honda.auto.linkmanager.helperservice/uie.linkmanager.LinkManagerService]
07-26 15:26:03.370  2309  2616 I am_proc_bound: [0,10413,com.honda.auto.linkmanager.helperservice:lmsrv]
07-26 15:26:03.613  2309  2309 I notification_enqueue: [10010,2495,com.android.systemui,-284765,NULL,0,Notification(pri=0 contentView=null vibrate=null sound=null defaults=0x0 flags=0x2 color=0x00000000 groupKey=honda_notification_icons_group vis=PRIVATE),1]
07-26 15:26:03.618  2309  2309 I notification_enqueue: [10010,2495,com.android.systemui,-284766,NULL,0,Notification(pri=0 contentView=null vibrate=null sound=null defaults=0x0 flags=0x2 color=0x00000000 groupKey=honda_notification_icons_group vis=PRIVATE),1]
07-26 15:26:03.832  2309  2623 I am_proc_died: [0,10413,com.honda.auto.linkmanager.helperservice:lmsrv]
07-26 15:26:06.401  2309  3185 I am_home_stack_moved: [0,0,1,1,sourceStackToFront]
07-26 15:26:06.401  2309  3185 I wm_task_moved: [14,1,6]
07-26 15:26:06.403  2309  3185 I am_create_activity: [0,945371803,14,com.honda.tjba.tuner/.ui.activity.StationsListActivity,NULL,NULL,NULL,67108864]
07-26 15:26:06.403  2309  3185 I am_pause_activity: [0,403593641,com.honda.tjba.tuner/.ui.activity.FMActivity]
07-26 15:26:06.404  2309  3185 I am_home_stack_moved: [0,0,1,1,startedActivity setFocusedActivity]
07-26 15:26:06.405  2309  3185 I am_focused_activity: [0,com.honda.tjba.tuner/.ui.activity.StationsListActivity]
07-26 15:26:06.411  4619  4619 I am_on_paused_called: [0,com.honda.tjba.tuner.ui.activity.FMActivity]
07-26 15:26:06.412  2309  2700 I am_restart_activity: [0,945371803,14,com.honda.tjba.tuner/.ui.activity.StationsListActivity]
07-26 15:26:06.703  4619  4619 I am_on_resume_called: [0,com.honda.tjba.tuner.ui.activity.StationsListActivity]
07-26 15:26:06.850  2309  2355 I am_activity_launch_time: [0,945371803,com.honda.tjba.tuner/.ui.activity.StationsListActivity,439,439]
07-26 15:26:07.163  1837  1837 I sf_frame_dur: [com.honda.tjba.tuner/com.honda.tjba.tuner.ui.activity.FMActivity,4,12,4,10,10,2,0]
07-26 15:26:08.256  2309  3177 I am_finish_activity: [0,945371803,14,com.honda.tjba.tuner/.ui.activity.StationsListActivity,app-request]
07-26 15:26:08.257  2309  3177 I am_home_stack_moved: [0,0,1,1,finishActivity adjustTopFocus setFocusedActivity]
07-26 15:26:08.257  2309  3177 I am_focused_activity: [0,com.honda.tjba.tuner/.ui.activity.FMActivity]
07-26 15:26:08.258  2309  3177 I am_pause_activity: [0,945371803,com.honda.tjba.tuner/.ui.activity.StationsListActivity]
07-26 15:26:08.266  4619  4619 I am_on_paused_called: [0,com.honda.tjba.tuner.ui.activity.StationsListActivity]
07-26 15:26:08.267  2309  2327 I am_resume_activity: [0,403593641,14,com.honda.tjba.tuner/.ui.activity.FMActivity]
07-26 15:26:08.281  4619  4619 I am_on_resume_called: [0,com.honda.tjba.tuner.ui.activity.FMActivity]
07-26 15:26:08.504  2309  2309 I notification_enqueue: [10010,2495,com.android.systemui,-284765,NULL,0,Notification(pri=0 contentView=null vibrate=null sound=null defaults=0x0 flags=0x2 color=0x00000000 groupKey=honda_notification_icons_group vis=PRIVATE),1]
07-26 15:26:08.510  2309  2309 I notification_enqueue: [10010,2495,com.android.systemui,-284766,NULL,0,Notification(pri=0 contentView=null vibrate=null sound=null defaults=0x0 flags=0x2 color=0x00000000 groupKey=honda_notification_icons_group vis=PRIVATE),1]
07-26 15:26:08.597  1837  1837 I sf_frame_dur: [com.honda.tjba.tuner/com.honda.tjba.tuner.ui.activity.StationsListActivity,118,0,2,0,0,0,0]
07-26 15:26:08.661  2309  2350 I am_destroy_activity: [0,945371803,14,com.honda.tjba.tuner/.ui.activity.StationsListActivity,finish-imm]
07-26 15:26:08.665  1837  1837 I sf_frame_dur: [com.honda.tjba.tuner/com.honda.tjba.tuner.ui.activity.StationsListActivity,0,0,2,2,0,0,2]
07-26 15:26:22.216  2309  2327 I force_gc: Binder
07-26 15:26:22.760  3313  3345 I force_gc: Binder
07-26 15:26:22.944  2309  2700 I force_gc: Binder
07-26 15:26:30.520  2309  2309 I notification_enqueue: [10010,2495,com.android.systemui,-284765,NULL,0,Notification(pri=0 contentView=null vibrate=null sound=null defaults=0x0 flags=0x2 color=0x00000000 groupKey=honda_notification_icons_group vis=PRIVATE),1]
07-26 15:26:30.525  2309  2309 I notification_enqueue: [10010,2495,com.android.systemui,-284766,NULL,0,Notification(pri=0 contentView=null vibrate=null sound=null defaults=0x0 flags=0x2 color=0x00000000 groupKey=honda_notification_icons_group vis=PRIVATE),1]
07-26 15:26:31.516  2309  2309 I notification_enqueue: [10010,2495,com.android.systemui,-284765,NULL,0,Notification(pri=0 contentView=null vibrate=null sound=null defaults=0x0 flags=0x2 color=0x00000000 groupKey=honda_notification_icons_group vis=PRIVATE),1]
07-26 15:26:31.521  2309  2309 I notification_enqueue: [10010,2495,com.android.systemui,-284766,NULL,0,Notification(pri=0 contentView=null vibrate=null sound=null defaults=0x0 flags=0x2 color=0x00000000 groupKey=honda_notification_icons_group vis=PRIVATE),1]
07-26 15:26:33.789  2309  2616 I am_proc_start: [0,10500,1000,com.honda.auto.linkmanager.helperservice:lmsrv,service,com.honda.auto.linkmanager.helperservice/uie.linkmanager.LinkManagerService]
07-26 15:26:33.822  2309  3185 I am_proc_bound: [0,10500,com.honda.auto.linkmanager.helperservice:lmsrv]
07-26 15:26:34.302  2309  2616 I am_proc_died: [0,10500,com.honda.auto.linkmanager.helperservice:lmsrv]
07-26 15:26:35.701  3162  3162 I auditd  : type=1400 audit(0.0:41): avc: granted { write } for comm="Binder_3" name="presetFMttuner.pref" dev="mmcblk0p20" ino=421982 scontext=u:r:system_app:s0 tcontext=u:object_r:system_data_file:s0 tclass=file
07-26 15:26:35.701  3162  3162 I auditd  : type=1400 audit(0.0:42): avc: granted { write } for comm="Binder_3" path="/data/system/persistence/presetFMttuner.pref" dev="mmcblk0p20" ino=421982 scontext=u:r:system_app:s0 tcontext=u:object_r:system_data_file:s0 tclass=file
07-26 15:26:35.701  3162  3162 I auditd  : type=1400 audit(0.0:43): avc: granted { write } for comm="Binder_3" name="presetFMttuner.pref" dev="mmcblk0p20" ino=421982 scontext=u:r:system_app:s0 tcontext=u:object_r:system_data_file:s0 tclass=file
07-26 15:26:36.100  1837  1837 I sf_frame_dur: [com.honda.tjba.tuner/com.honda.tjba.tuner.ui.activity.FMActivity,0,2,2,0,0,2,0]
07-26 15:26:37.434  2309  2616 I am_home_stack_moved: [0,0,1,1,sourceStackToFront]
07-26 15:26:37.434  2309  2616 I wm_task_moved: [14,1,6]
07-26 15:26:37.437  2309  2616 I am_create_activity: [0,321056866,14,com.honda.tjba.tuner/.ui.activity.StationsListActivity,NULL,NULL,NULL,67108864]
07-26 15:26:37.437  2309  2616 I am_pause_activity: [0,403593641,com.honda.tjba.tuner/.ui.activity.FMActivity]
07-26 15:26:37.438  2309  2616 I am_home_stack_moved: [0,0,1,1,startedActivity setFocusedActivity]
07-26 15:26:37.438  2309  2616 I am_focused_activity: [0,com.honda.tjba.tuner/.ui.activity.StationsListActivity]
07-26 15:26:37.443  4619  4619 I am_on_paused_called: [0,com.honda.tjba.tuner.ui.activity.FMActivity]
07-26 15:26:37.457  2309  2657 I am_restart_activity: [0,321056866,14,com.honda.tjba.tuner/.ui.activity.StationsListActivity]
07-26 15:26:37.654  4619  4619 I am_on_resume_called: [0,com.honda.tjba.tuner.ui.activity.StationsListActivity]
07-26 15:26:37.809  2309  2355 I am_activity_launch_time: [0,321056866,com.honda.tjba.tuner/.ui.activity.StationsListActivity,364,364]
07-26 15:26:38.130  1837  1837 I sf_frame_dur: [com.honda.tjba.tuner/com.honda.tjba.tuner.ui.activity.FMActivity,78,276,74,12,24,6,10]
07-26 15:26:38.994  2309  3177 I am_finish_activity: [0,321056866,14,com.honda.tjba.tuner/.ui.activity.StationsListActivity,app-request]
07-26 15:26:38.995  2309  3177 I am_home_stack_moved: [0,0,1,1,finishActivity adjustTopFocus setFocusedActivity]
07-26 15:26:38.995  2309  3177 I am_focused_activity: [0,com.honda.tjba.tuner/.ui.activity.FMActivity]
07-26 15:26:38.995  2309  3177 I am_pause_activity: [0,321056866,com.honda.tjba.tuner/.ui.activity.StationsListActivity]
07-26 15:26:39.011  4619  4619 I am_on_paused_called: [0,com.honda.tjba.tuner.ui.activity.StationsListActivity]
07-26 15:26:39.012  2309  9760 I am_resume_activity: [0,403593641,14,com.honda.tjba.tuner/.ui.activity.FMActivity]
07-26 15:26:39.023  4619  4619 I am_on_resume_called: [0,com.honda.tjba.tuner.ui.activity.FMActivity]
07-26 15:26:39.331  1837  1837 I sf_frame_dur: [com.honda.tjba.tuner/com.honda.tjba.tuner.ui.activity.StationsListActivity,92,0,2,0,0,0,0]
07-26 15:26:39.431  2309  2350 I am_destroy_activity: [0,321056866,14,com.honda.tjba.tuner/.ui.activity.StationsListActivity,finish-imm]
07-26 15:26:39.438  1837  1837 I sf_frame_dur: [com.honda.tjba.tuner/com.honda.tjba.tuner.ui.activity.StationsListActivity,0,0,0,4,0,2,0]
07-26 15:26:41.959  2309  2356 I dvm_lock_sample: [system_server,1,PowerManagerService,22,MessageQueue.java,145,-,323,4]
07-26 15:26:42.989  2309  2309 I notification_enqueue: [10010,2495,com.android.systemui,-284765,NULL,0,Notification(pri=0 contentView=null vibrate=null sound=null defaults=0x0 flags=0x2 color=0x00000000 groupKey=honda_notification_icons_group vis=PRIVATE),1]
