07-26 15:11:05.562  3517  3517 W ContextImpl: Calling a method in the system process without a qualified user: android.app.ContextImpl.sendBroadcast:1367 android.content.ContextWrapper.sendBroadcast:377 com.honda.auto.userexperienceservice.most.UserExperienceMostProxy.sendBroadcast:494 com.honda.auto.userexperienceservice.most.UserExperienceMostProxy.sendSolarElevationAngle:467 com.honda.auto.userexperienceservice.most.UserExperienceMostProxy.access$800:102 
07-26 15:11:12.999  2309  2465 D Watchdog: Android watchdog is alive!!!
07-26 15:11:22.015  4438  4454 W ContextImpl: Calling a method in the system process without a qualified user: android.app.ContextImpl.startService:1732 android.content.ContextWrapper.startService:516 com.honda.auto.linkmanager.helperservice.LMHelperCommService.startLMService:262 com.honda.auto.linkmanager.helperservice.LMHelperStateMachine$StateConnecting.enter:245 com.android.internal.util.StateMachine$SmHandler.invokeEnterMethods:1008 
07-26 15:11:22.051  2309  3175 I ActivityManager: Start proc 7162:com.honda.auto.linkmanager.helperservice:lmsrv/1000 for service com.honda.auto.linkmanager.helperservice/uie.linkmanager.LinkManagerService
07-26 15:11:22.051  4438  4454 W ContextImpl: Calling a method in the system process without a qualified user: android.app.ContextImpl.bindService:1796 android.content.ContextWrapper.bindService:539 com.honda.auto.linkmanager.helperservice.LMHelperCommService.startLMService:267 com.honda.auto.linkmanager.helperservice.LMHelperStateMachine$StateConnecting.enter:245 com.android.internal.util.StateMachine$SmHandler.invokeEnterMethods:1008 
07-26 15:11:22.091  7162  7162 W ResourcesManager: Asset path '/system/framework/com.honda.auto.linkmanager.jar' does not exist or contains no resources.
07-26 15:11:22.091  7162  7162 W ResourcesManager: Asset path '/system/framework/com.honda.ipod.jar' does not exist or contains no resources.
07-26 15:11:22.092  7162  7162 W ResourcesManager: Asset path '/system/framework/uie.linkmanager.jar' does not exist or contains no resources.
07-26 15:11:22.092  7162  7162 W ResourcesManager: Asset path '/system/framework/com.broadcom.bt.jar' does not exist or contains no resources.
07-26 15:11:22.093  7162  7162 W ResourcesManager: Asset path '/system/framework/com.honda.auto.btrfcomm.helper.jar' does not exist or contains no resources.
07-26 15:11:22.282  4438  4454 W ContextImpl: Calling a method in the system process without a qualified user: android.app.ContextImpl.stopService:1738 android.content.ContextWrapper.stopService:521 com.honda.auto.linkmanager.helperservice.LMHelperCommService.stopLMService:289 com.honda.auto.linkmanager.helperservice.LMHelperStateMachine$StateDisconnecting.enter:353 com.android.internal.util.StateMachine$SmHandler.invokeEnterMethods:1008 
07-26 15:11:22.441  2309  2539 I ActivityManager: Process com.honda.auto.linkmanager.helperservice:lmsrv (pid 7162) has died
07-26 15:11:42.999  2309  2465 D Watchdog: Android watchdog is alive!!!
07-26 15:11:52.315  4438  4454 W ContextImpl: Calling a method in the system process without a qualified user: android.app.ContextImpl.startService:1732 android.content.ContextWrapper.startService:516 com.honda.auto.linkmanager.helperservice.LMHelperCommService.startLMService:262 com.honda.auto.linkmanager.helperservice.LMHelperStateMachine$StateConnecting.enter:245 com.android.internal.util.StateMachine$SmHandler.invokeEnterMethods:1008 
07-26 15:11:52.347  2309  2700 I ActivityManager: Start proc 7242:com.honda.auto.linkmanager.helperservice:lmsrv/1000 for service com.honda.auto.linkmanager.helperservice/uie.linkmanager.LinkManagerService
07-26 15:11:52.348  4438  4454 W ContextImpl: Calling a method in the system process without a qualified user: android.app.ContextImpl.bindService:1796 android.content.ContextWrapper.bindService:539 com.honda.auto.linkmanager.helperservice.LMHelperCommService.startLMService:267 com.honda.auto.linkmanager.helperservice.LMHelperStateMachine$StateConnecting.enter:245 com.android.internal.util.StateMachine$SmHandler.invokeEnterMethods:1008 
07-26 15:11:52.385  7242  7242 W ResourcesManager: Asset path '/system/framework/com.honda.auto.linkmanager.jar' does not exist or contains no resources.
07-26 15:11:52.385  7242  7242 W ResourcesManager: Asset path '/system/framework/com.honda.ipod.jar' does not exist or contains no resources.
07-26 15:11:52.386  7242  7242 W ResourcesManager: Asset path '/system/framework/uie.linkmanager.jar' does not exist or contains no resources.
07-26 15:11:52.386  7242  7242 W ResourcesManager: Asset path '/system/framework/com.broadcom.bt.jar' does not exist or contains no resources.
07-26 15:11:52.387  7242  7242 W ResourcesManager: Asset path '/system/framework/com.honda.auto.btrfcomm.helper.jar' does not exist or contains no resources.
07-26 15:11:52.567  4438  4454 W ContextImpl: Calling a method in the system process without a qualified user: android.app.ContextImpl.stopService:1738 android.content.ContextWrapper.stopService:521 com.honda.auto.linkmanager.helperservice.LMHelperCommService.stopLMService:289 com.honda.auto.linkmanager.helperservice.LMHelperStateMachine$StateDisconnecting.enter:353 com.android.internal.util.StateMachine$SmHandler.invokeEnterMethods:1008 
07-26 15:11:52.732  2309  2327 I ActivityManager: Process com.honda.auto.linkmanager.helperservice:lmsrv (pid 7242) has died
07-26 15:12:13.000  2309  2465 D Watchdog: Android watchdog is alive!!!
07-26 15:12:22.600  4438  4454 W ContextImpl: Calling a method in the system process without a qualified user: android.app.ContextImpl.startService:1732 android.content.ContextWrapper.startService:516 com.honda.auto.linkmanager.helperservice.LMHelperCommService.startLMService:262 com.honda.auto.linkmanager.helperservice.LMHelperStateMachine$StateConnecting.enter:245 com.android.internal.util.StateMachine$SmHandler.invokeEnterMethods:1008 
07-26 15:12:22.632  2309  2616 I ActivityManager: Start proc 7323:com.honda.auto.linkmanager.helperservice:lmsrv/1000 for service com.honda.auto.linkmanager.helperservice/uie.linkmanager.LinkManagerService
07-26 15:12:22.632  4438  4454 W ContextImpl: Calling a method in the system process without a qualified user: android.app.ContextImpl.bindService:1796 android.content.ContextWrapper.bindService:539 com.honda.auto.linkmanager.helperservice.LMHelperCommService.startLMService:267 com.honda.auto.linkmanager.helperservice.LMHelperStateMachine$StateConnecting.enter:245 com.android.internal.util.StateMachine$SmHandler.invokeEnterMethods:1008 
07-26 15:12:22.683  7323  7323 W ResourcesManager: Asset path '/system/framework/com.honda.auto.linkmanager.jar' does not exist or contains no resources.
07-26 15:12:22.683  7323  7323 W ResourcesManager: Asset path '/system/framework/com.honda.ipod.jar' does not exist or contains no resources.
07-26 15:12:22.684  7323  7323 W ResourcesManager: Asset path '/system/framework/uie.linkmanager.jar' does not exist or contains no resources.
07-26 15:12:22.684  7323  7323 W ResourcesManager: Asset path '/system/framework/com.broadcom.bt.jar' does not exist or contains no resources.
07-26 15:12:22.684  7323  7323 W ResourcesManager: Asset path '/system/framework/com.honda.auto.btrfcomm.helper.jar' does not exist or contains no resources.
07-26 15:12:22.858  4438  4454 W ContextImpl: Calling a method in the system process without a qualified user: android.app.ContextImpl.stopService:1738 android.content.ContextWrapper.stopService:521 com.honda.auto.linkmanager.helperservice.LMHelperCommService.stopLMService:289 com.honda.auto.linkmanager.helperservice.LMHelperStateMachine$StateDisconnecting.enter:353 com.android.internal.util.StateMachine$SmHandler.invokeEnterMethods:1008 
07-26 15:12:23.003  2309  2623 I ActivityManager: Process com.honda.auto.linkmanager.helperservice:lmsrv (pid 7323) has died
07-26 15:12:43.000  2309  2465 D Watchdog: Android watchdog is alive!!!
07-26 15:12:52.888  4438  4454 W ContextImpl: Calling a method in the system process without a qualified user: android.app.ContextImpl.startService:1732 android.content.ContextWrapper.startService:516 com.honda.auto.linkmanager.helperservice.LMHelperCommService.startLMService:262 com.honda.auto.linkmanager.helperservice.LMHelperStateMachine$StateConnecting.enter:245 com.android.internal.util.StateMachine$SmHandler.invokeEnterMethods:1008 
07-26 15:12:52.928  2309  2327 I ActivityManager: Start proc 7406:com.honda.auto.linkmanager.helperservice:lmsrv/1000 for service com.honda.auto.linkmanager.helperservice/uie.linkmanager.LinkManagerService
07-26 15:12:52.929  4438  4454 W ContextImpl: Calling a method in the system process without a qualified user: android.app.ContextImpl.bindService:1796 android.content.ContextWrapper.bindService:539 com.honda.auto.linkmanager.helperservice.LMHelperCommService.startLMService:267 com.honda.auto.linkmanager.helperservice.LMHelperStateMachine$StateConnecting.enter:245 com.android.internal.util.StateMachine$SmHandler.invokeEnterMethods:1008 
07-26 15:12:52.960  7406  7406 W ResourcesManager: Asset path '/system/framework/com.honda.auto.linkmanager.jar' does not exist or contains no resources.
07-26 15:12:52.960  7406  7406 W ResourcesManager: Asset path '/system/framework/com.honda.ipod.jar' does not exist or contains no resources.
07-26 15:12:52.961  7406  7406 W ResourcesManager: Asset path '/system/framework/uie.linkmanager.jar' does not exist or contains no resources.
07-26 15:12:52.962  7406  7406 W ResourcesManager: Asset path '/system/framework/com.broadcom.bt.jar' does not exist or contains no resources.
07-26 15:12:52.962  7406  7406 W ResourcesManager: Asset path '/system/framework/com.honda.auto.btrfcomm.helper.jar' does not exist or contains no resources.
07-26 15:12:53.110  4438  4454 W ContextImpl: Calling a method in the system process without a qualified user: android.app.ContextImpl.stopService:1738 android.content.ContextWrapper.stopService:521 com.honda.auto.linkmanager.helperservice.LMHelperCommService.stopLMService:289 com.honda.auto.linkmanager.helperservice.LMHelperStateMachine$StateDisconnecting.enter:353 com.android.internal.util.StateMachine$SmHandler.invokeEnterMethods:1008 
07-26 15:12:53.192  2309  2570 I ActivityManager: Process com.honda.auto.linkmanager.helperservice:lmsrv (pid 7406) has died
07-26 15:13:11.765  3517  3517 W ContextImpl: Calling a method in the system process without a qualified user: android.app.ContextImpl.sendBroadcast:1367 android.content.ContextWrapper.sendBroadcast:377 com.honda.auto.userexperienceservice.most.UserExperienceMostProxy.sendBroadcast:494 com.honda.auto.userexperienceservice.most.UserExperienceMostProxy.sendSolarAzimuthAngle:459 com.honda.auto.userexperienceservice.most.UserExperienceMostProxy.access$700:102 
07-26 15:13:13.000  2309  2465 D Watchdog: Android watchdog is alive!!!
07-26 15:13:23.142  4438  4454 W ContextImpl: Calling a method in the system process without a qualified user: android.app.ContextImpl.startService:1732 android.content.ContextWrapper.startService:516 com.honda.auto.linkmanager.helperservice.LMHelperCommService.startLMService:262 com.honda.auto.linkmanager.helperservice.LMHelperStateMachine$StateConnecting.enter:245 com.android.internal.util.StateMachine$SmHandler.invokeEnterMethods:1008 
07-26 15:13:23.170  2309  2512 I ActivityManager: Start proc 7486:com.honda.auto.linkmanager.helperservice:lmsrv/1000 for service com.honda.auto.linkmanager.helperservice/uie.linkmanager.LinkManagerService
07-26 15:13:23.170  4438  4454 W ContextImpl: Calling a method in the system process without a qualified user: android.app.ContextImpl.bindService:1796 android.content.ContextWrapper.bindService:539 com.honda.auto.linkmanager.helperservice.LMHelperCommService.startLMService:267 com.honda.auto.linkmanager.helperservice.LMHelperStateMachine$StateConnecting.enter:245 com.android.internal.util.StateMachine$SmHandler.invokeEnterMethods:1008 
07-26 15:13:23.206  7486  7486 W ResourcesManager: Asset path '/system/framework/com.honda.auto.linkmanager.jar' does not exist or contains no resources.
07-26 15:13:23.206  7486  7486 W ResourcesManager: Asset path '/system/framework/com.honda.ipod.jar' does not exist or contains no resources.
07-26 15:13:23.207  7486  7486 W ResourcesManager: Asset path '/system/framework/uie.linkmanager.jar' does not exist or contains no resources.
07-26 15:13:23.208  7486  7486 W ResourcesManager: Asset path '/system/framework/com.broadcom.bt.jar' does not exist or contains no resources.
07-26 15:13:23.208  7486  7486 W ResourcesManager: Asset path '/system/framework/com.honda.auto.btrfcomm.helper.jar' does not exist or contains no resources.
07-26 15:13:23.351  4438  4454 W ContextImpl: Calling a method in the system process without a qualified user: android.app.ContextImpl.stopService:1738 android.content.ContextWrapper.stopService:521 com.honda.auto.linkmanager.helperservice.LMHelperCommService.stopLMService:289 com.honda.auto.linkmanager.helperservice.LMHelperStateMachine$StateDisconnecting.enter:353 com.android.internal.util.StateMachine$SmHandler.invokeEnterMethods:1008 
07-26 15:13:23.492  2309  2700 I ActivityManager: Process com.honda.auto.linkmanager.helperservice:lmsrv (pid 7486) has died
07-26 15:13:43.000  2309  2465 D Watchdog: Android watchdog is alive!!!
07-26 15:13:53.382  4438  4454 W ContextImpl: Calling a method in the system process without a qualified user: android.app.ContextImpl.startService:1732 android.content.ContextWrapper.startService:516 com.honda.auto.linkmanager.helperservice.LMHelperCommService.startLMService:262 com.honda.auto.linkmanager.helperservice.LMHelperStateMachine$StateConnecting.enter:245 com.android.internal.util.StateMachine$SmHandler.invokeEnterMethods:1008 
07-26 15:13:53.412  2309  2327 I ActivityManager: Start proc 7567:com.honda.auto.linkmanager.helperservice:lmsrv/1000 for service com.honda.auto.linkmanager.helperservice/uie.linkmanager.LinkManagerService
07-26 15:13:53.413  4438  4454 W ContextImpl: Calling a method in the system process without a qualified user: android.app.ContextImpl.bindService:1796 android.content.ContextWrapper.bindService:539 com.honda.auto.linkmanager.helperservice.LMHelperCommService.startLMService:267 com.honda.auto.linkmanager.helperservice.LMHelperStateMachine$StateConnecting.enter:245 com.android.internal.util.StateMachine$SmHandler.invokeEnterMethods:1008 
07-26 15:13:53.452  7567  7567 W ResourcesManager: Asset path '/system/framework/com.honda.auto.linkmanager.jar' does not exist or contains no resources.
07-26 15:13:53.452  7567  7567 W ResourcesManager: Asset path '/system/framework/com.honda.ipod.jar' does not exist or contains no resources.
07-26 15:13:53.453  7567  7567 W ResourcesManager: Asset path '/system/framework/uie.linkmanager.jar' does not exist or contains no resources.
07-26 15:13:53.453  7567  7567 W ResourcesManager: Asset path '/system/framework/com.broadcom.bt.jar' does not exist or contains no resources.
07-26 15:13:53.453  7567  7567 W ResourcesManager: Asset path '/system/framework/com.honda.auto.btrfcomm.helper.jar' does not exist or contains no resources.
07-26 15:13:53.972  4438  4454 W ContextImpl: Calling a method in the system process without a qualified user: android.app.ContextImpl.stopService:1738 android.content.ContextWrapper.stopService:521 com.honda.auto.linkmanager.helperservice.LMHelperCommService.stopLMService:289 com.honda.auto.linkmanager.helperservice.LMHelperStateMachine$StateDisconnecting.enter:353 com.android.internal.util.StateMachine$SmHandler.invokeEnterMethods:1008 
07-26 15:13:54.072  2309  3177 I ActivityManager: Process com.honda.auto.linkmanager.helperservice:lmsrv (pid 7567) has died
07-26 15:14:13.000  2309  2465 D Watchdog: Android watchdog is alive!!!
07-26 15:14:24.004  4438  4454 W ContextImpl: Calling a method in the system process without a qualified user: android.app.ContextImpl.startService:1732 android.content.ContextWrapper.startService:516 com.honda.auto.linkmanager.helperservice.LMHelperCommService.startLMService:262 com.honda.auto.linkmanager.helperservice.LMHelperStateMachine$StateConnecting.enter:245 com.android.internal.util.StateMachine$SmHandler.invokeEnterMethods:1008 
07-26 15:14:24.032  2309  3177 I ActivityManager: Start proc 7650:com.honda.auto.linkmanager.helperservice:lmsrv/1000 for service com.honda.auto.linkmanager.helperservice/uie.linkmanager.LinkManagerService
07-26 15:14:24.032  4438  4454 W ContextImpl: Calling a method in the system process without a qualified user: android.app.ContextImpl.bindService:1796 android.content.ContextWrapper.bindService:539 com.honda.auto.linkmanager.helperservice.LMHelperCommService.startLMService:267 com.honda.auto.linkmanager.helperservice.LMHelperStateMachine$StateConnecting.enter:245 com.android.internal.util.StateMachine$SmHandler.invokeEnterMethods:1008 
07-26 15:14:24.076  7650  7650 W ResourcesManager: Asset path '/system/framework/com.honda.auto.linkmanager.jar' does not exist or contains no resources.
07-26 15:14:24.076  7650  7650 W ResourcesManager: Asset path '/system/framework/com.honda.ipod.jar' does not exist or contains no resources.
07-26 15:14:24.077  7650  7650 W ResourcesManager: Asset path '/system/framework/uie.linkmanager.jar' does not exist or contains no resources.
07-26 15:14:24.077  7650  7650 W ResourcesManager: Asset path '/system/framework/com.broadcom.bt.jar' does not exist or contains no resources.
07-26 15:14:24.078  7650  7650 W ResourcesManager: Asset path '/system/framework/com.honda.auto.btrfcomm.helper.jar' does not exist or contains no resources.
07-26 15:14:24.233  4438  4454 W ContextImpl: Calling a method in the system process without a qualified user: android.app.ContextImpl.stopService:1738 android.content.ContextWrapper.stopService:521 com.honda.auto.linkmanager.helperservice.LMHelperCommService.stopLMService:289 com.honda.auto.linkmanager.helperservice.LMHelperStateMachine$StateDisconnecting.enter:353 com.android.internal.util.StateMachine$SmHandler.invokeEnterMethods:1008 
07-26 15:14:24.301  2309  3175 I ActivityManager: Process com.honda.auto.linkmanager.helperservice:lmsrv (pid 7650) has died
07-26 15:14:43.001  2309  2465 D Watchdog: Android watchdog is alive!!!
07-26 15:14:54.266  4438  4454 W ContextImpl: Calling a method in the system process without a qualified user: android.app.ContextImpl.startService:1732 android.content.ContextWrapper.startService:516 com.honda.auto.linkmanager.helperservice.LMHelperCommService.startLMService:262 com.honda.auto.linkmanager.helperservice.LMHelperStateMachine$StateConnecting.enter:245 com.android.internal.util.StateMachine$SmHandler.invokeEnterMethods:1008 
07-26 15:14:54.296  2309  2623 I ActivityManager: Start proc 7730:com.honda.auto.linkmanager.helperservice:lmsrv/1000 for service com.honda.auto.linkmanager.helperservice/uie.linkmanager.LinkManagerService
07-26 15:14:54.297  4438  4454 W ContextImpl: Calling a method in the system process without a qualified user: android.app.ContextImpl.bindService:1796 android.content.ContextWrapper.bindService:539 com.honda.auto.linkmanager.helperservice.LMHelperCommService.startLMService:267 com.honda.auto.linkmanager.helperservice.LMHelperStateMachine$StateConnecting.enter:245 com.android.internal.util.StateMachine$SmHandler.invokeEnterMethods:1008 
07-26 15:14:54.333  7730  7730 W ResourcesManager: Asset path '/system/framework/com.honda.auto.linkmanager.jar' does not exist or contains no resources.
07-26 15:14:54.333  7730  7730 W ResourcesManager: Asset path '/system/framework/com.honda.ipod.jar' does not exist or contains no resources.
07-26 15:14:54.333  7730  7730 W ResourcesManager: Asset path '/system/framework/uie.linkmanager.jar' does not exist or contains no resources.
07-26 15:14:54.334  7730  7730 W ResourcesManager: Asset path '/system/framework/com.broadcom.bt.jar' does not exist or contains no resources.
07-26 15:14:54.334  7730  7730 W ResourcesManager: Asset path '/system/framework/com.honda.auto.btrfcomm.helper.jar' does not exist or contains no resources.
07-26 15:14:54.487  4438  4454 W ContextImpl: Calling a method in the system process without a qualified user: android.app.ContextImpl.stopService:1738 android.content.ContextWrapper.stopService:521 com.honda.auto.linkmanager.helperservice.LMHelperCommService.stopLMService:289 com.honda.auto.linkmanager.helperservice.LMHelperStateMachine$StateDisconnecting.enter:353 com.android.internal.util.StateMachine$SmHandler.invokeEnterMethods:1008 
07-26 15:14:54.592  2309  2512 I ActivityManager: Process com.honda.auto.linkmanager.helperservice:lmsrv (pid 7730) has died
07-26 15:15:13.001  2309  2465 D Watchdog: Android watchdog is alive!!!
07-26 15:15:24.515  4438  4454 W ContextImpl: Calling a method in the system process without a qualified user: android.app.ContextImpl.startService:1732 android.content.ContextWrapper.startService:516 com.honda.auto.linkmanager.helperservice.LMHelperCommService.startLMService:262 com.honda.auto.linkmanager.helperservice.LMHelperStateMachine$StateConnecting.enter:245 com.android.internal.util.StateMachine$SmHandler.invokeEnterMethods:1008 
07-26 15:15:24.555  2309  2570 I ActivityManager: Start proc 7810:com.honda.auto.linkmanager.helperservice:lmsrv/1000 for service com.honda.auto.linkmanager.helperservice/uie.linkmanager.LinkManagerService
07-26 15:15:24.556  4438  4454 W ContextImpl: Calling a method in the system process without a qualified user: android.app.ContextImpl.bindService:1796 android.content.ContextWrapper.bindService:539 com.honda.auto.linkmanager.helperservice.LMHelperCommService.startLMService:267 com.honda.auto.linkmanager.helperservice.LMHelperStateMachine$StateConnecting.enter:245 com.android.internal.util.StateMachine$SmHandler.invokeEnterMethods:1008 
07-26 15:15:24.589  7810  7810 W ResourcesManager: Asset path '/system/framework/com.honda.auto.linkmanager.jar' does not exist or contains no resources.
07-26 15:15:24.591  7810  7810 W ResourcesManager: Asset path '/system/framework/com.honda.ipod.jar' does not exist or contains no resources.
07-26 15:15:24.592  7810  7810 W ResourcesManager: Asset path '/system/framework/uie.linkmanager.jar' does not exist or contains no resources.
07-26 15:15:24.592  7810  7810 W ResourcesManager: Asset path '/system/framework/com.broadcom.bt.jar' does not exist or contains no resources.
07-26 15:15:24.593  7810  7810 W ResourcesManager: Asset path '/system/framework/com.honda.auto.btrfcomm.helper.jar' does not exist or contains no resources.
07-26 15:15:24.699  4438  4454 W ContextImpl: Calling a method in the system process without a qualified user: android.app.ContextImpl.stopService:1738 android.content.ContextWrapper.stopService:521 com.honda.auto.linkmanager.helperservice.LMHelperCommService.stopLMService:289 com.honda.auto.linkmanager.helperservice.LMHelperStateMachine$StateDisconnecting.enter:353 com.android.internal.util.StateMachine$SmHandler.invokeEnterMethods:1008 
07-26 15:15:24.792  2309  2325 I ActivityManager: Process com.honda.auto.linkmanager.helperservice:lmsrv (pid 7810) has died
07-26 15:15:43.001  2309  2465 D Watchdog: Android watchdog is alive!!!
07-26 15:15:54.734  4438  4454 W ContextImpl: Calling a method in the system process without a qualified user: android.app.ContextImpl.startService:1732 android.content.ContextWrapper.startService:516 com.honda.auto.linkmanager.helperservice.LMHelperCommService.startLMService:262 com.honda.auto.linkmanager.helperservice.LMHelperStateMachine$StateConnecting.enter:245 com.android.internal.util.StateMachine$SmHandler.invokeEnterMethods:1008 
07-26 15:15:54.772  2309  2325 I ActivityManager: Start proc 7890:com.honda.auto.linkmanager.helperservice:lmsrv/1000 for service com.honda.auto.linkmanager.helperservice/uie.linkmanager.LinkManagerService
07-26 15:15:54.773  4438  4454 W ContextImpl: Calling a method in the system process without a qualified user: android.app.ContextImpl.bindService:1796 android.content.ContextWrapper.bindService:539 com.honda.auto.linkmanager.helperservice.LMHelperCommService.startLMService:267 com.honda.auto.linkmanager.helperservice.LMHelperStateMachine$StateConnecting.enter:245 com.android.internal.util.StateMachine$SmHandler.invokeEnterMethods:1008 
07-26 15:15:54.810  7890  7890 W ResourcesManager: Asset path '/system/framework/com.honda.auto.linkmanager.jar' does not exist or contains no resources.
07-26 15:15:54.810  7890  7890 W ResourcesManager: Asset path '/system/framework/com.honda.ipod.jar' does not exist or contains no resources.
07-26 15:15:54.811  7890  7890 W ResourcesManager: Asset path '/system/framework/uie.linkmanager.jar' does not exist or contains no resources.
07-26 15:15:54.812  7890  7890 W ResourcesManager: Asset path '/system/framework/com.broadcom.bt.jar' does not exist or contains no resources.
07-26 15:15:54.812  7890  7890 W ResourcesManager: Asset path '/system/framework/com.honda.auto.btrfcomm.helper.jar' does not exist or contains no resources.
07-26 15:15:54.970  4438  4454 W ContextImpl: Calling a method in the system process without a qualified user: android.app.ContextImpl.stopService:1738 android.content.ContextWrapper.stopService:521 com.honda.auto.linkmanager.helperservice.LMHelperCommService.stopLMService:289 com.honda.auto.linkmanager.helperservice.LMHelperStateMachine$StateDisconnecting.enter:353 com.android.internal.util.StateMachine$SmHandler.invokeEnterMethods:1008 
07-26 15:15:55.052  2309  3185 I ActivityManager: Process com.honda.auto.linkmanager.helperservice:lmsrv (pid 7890) has died
07-26 15:16:00.048  3517  3517 W ContextImpl: Calling a method in the system process without a qualified user: android.app.ContextImpl.sendBroadcast:1367 android.content.ContextWrapper.sendBroadcast:377 com.honda.auto.userexperienceservice.most.UserExperienceMostProxy.sendBroadcast:494 com.honda.auto.userexperienceservice.most.UserExperienceMostProxy.sendSolarElevationAngle:467 com.honda.auto.userexperienceservice.most.UserExperienceMostProxy.access$800:102 
07-26 15:16:13.001  2309  2465 D Watchdog: Android watchdog is alive!!!
07-26 15:16:25.002  4438  4454 W ContextImpl: Calling a method in the system process without a qualified user: android.app.ContextImpl.startService:1732 android.content.ContextWrapper.startService:516 com.honda.auto.linkmanager.helperservice.LMHelperCommService.startLMService:262 com.honda.auto.linkmanager.helperservice.LMHelperStateMachine$StateConnecting.enter:245 com.android.internal.util.StateMachine$SmHandler.invokeEnterMethods:1008 
07-26 15:16:25.033  2309  3177 I ActivityManager: Start proc 7973:com.honda.auto.linkmanager.helperservice:lmsrv/1000 for service com.honda.auto.linkmanager.helperservice/uie.linkmanager.LinkManagerService
07-26 15:16:25.034  4438  4454 W ContextImpl: Calling a method in the system process without a qualified user: android.app.ContextImpl.bindService:1796 android.content.ContextWrapper.bindService:539 com.honda.auto.linkmanager.helperservice.LMHelperCommService.startLMService:267 com.honda.auto.linkmanager.helperservice.LMHelperStateMachine$StateConnecting.enter:245 com.android.internal.util.StateMachine$SmHandler.invokeEnterMethods:1008 
07-26 15:16:25.074  7973  7973 W ResourcesManager: Asset path '/system/framework/com.honda.auto.linkmanager.jar' does not exist or contains no resources.
07-26 15:16:25.075  7973  7973 W ResourcesManager: Asset path '/system/framework/com.honda.ipod.jar' does not exist or contains no resources.
07-26 15:16:25.075  7973  7973 W ResourcesManager: Asset path '/system/framework/uie.linkmanager.jar' does not exist or contains no resources.
07-26 15:16:25.076  7973  7973 W ResourcesManager: Asset path '/system/framework/com.broadcom.bt.jar' does not exist or contains no resources.
07-26 15:16:25.076  7973  7973 W ResourcesManager: Asset path '/system/framework/com.honda.auto.btrfcomm.helper.jar' does not exist or contains no resources.
07-26 15:16:25.222  4438  4454 W ContextImpl: Calling a method in the system process without a qualified user: android.app.ContextImpl.stopService:1738 android.content.ContextWrapper.stopService:521 com.honda.auto.linkmanager.helperservice.LMHelperCommService.stopLMService:289 com.honda.auto.linkmanager.helperservice.LMHelperStateMachine$StateDisconnecting.enter:353 com.android.internal.util.StateMachine$SmHandler.invokeEnterMethods:1008 
07-26 15:16:25.311  2309  2623 I ActivityManager: Process com.honda.auto.linkmanager.helperservice:lmsrv (pid 7973) has died
07-26 15:16:43.002  2309  2465 D Watchdog: Android watchdog is alive!!!
07-26 15:16:55.254  4438  4454 W ContextImpl: Calling a method in the system process without a qualified user: android.app.ContextImpl.startService:1732 android.content.ContextWrapper.startService:516 com.honda.auto.linkmanager.helperservice.LMHelperCommService.startLMService:262 com.honda.auto.linkmanager.helperservice.LMHelperStateMachine$StateConnecting.enter:245 com.android.internal.util.StateMachine$SmHandler.invokeEnterMethods:1008 
07-26 15:16:55.281  2309  2325 I ActivityManager: Start proc 8053:com.honda.auto.linkmanager.helperservice:lmsrv/1000 for service com.honda.auto.linkmanager.helperservice/uie.linkmanager.LinkManagerService
07-26 15:16:55.282  4438  4454 W ContextImpl: Calling a method in the system process without a qualified user: android.app.ContextImpl.bindService:1796 android.content.ContextWrapper.bindService:539 com.honda.auto.linkmanager.helperservice.LMHelperCommService.startLMService:267 com.honda.auto.linkmanager.helperservice.LMHelperStateMachine$StateConnecting.enter:245 com.android.internal.util.StateMachine$SmHandler.invokeEnterMethods:1008 
07-26 15:16:55.325  8053  8053 W ResourcesManager: Asset path '/system/framework/com.honda.auto.linkmanager.jar' does not exist or contains no resources.
07-26 15:16:55.325  8053  8053 W ResourcesManager: Asset path '/system/framework/com.honda.ipod.jar' does not exist or contains no resources.
07-26 15:16:55.326  8053  8053 W ResourcesManager: Asset path '/system/framework/uie.linkmanager.jar' does not exist or contains no resources.
07-26 15:16:55.326  8053  8053 W ResourcesManager: Asset path '/system/framework/com.broadcom.bt.jar' does not exist or contains no resources.
07-26 15:16:55.326  8053  8053 W ResourcesManager: Asset path '/system/framework/com.honda.auto.btrfcomm.helper.jar' does not exist or contains no resources.
07-26 15:16:55.492  4438  4454 W ContextImpl: Calling a method in the system process without a qualified user: android.app.ContextImpl.stopService:1738 android.content.ContextWrapper.stopService:521 com.honda.auto.linkmanager.helperservice.LMHelperCommService.stopLMService:289 com.honda.auto.linkmanager.helperservice.LMHelperStateMachine$StateDisconnecting.enter:353 com.android.internal.util.StateMachine$SmHandler.invokeEnterMethods:1008 
07-26 15:16:55.582  2309  2616 I ActivityManager: Process com.honda.auto.linkmanager.helperservice:lmsrv (pid 8053) has died
07-26 15:17:13.002  2309  2465 D Watchdog: Android watchdog is alive!!!
07-26 15:17:25.522  4438  4454 W ContextImpl: Calling a method in the system process without a qualified user: android.app.ContextImpl.startService:1732 android.content.ContextWrapper.startService:516 com.honda.auto.linkmanager.helperservice.LMHelperCommService.startLMService:262 com.honda.auto.linkmanager.helperservice.LMHelperStateMachine$StateConnecting.enter:245 com.android.internal.util.StateMachine$SmHandler.invokeEnterMethods:1008 
07-26 15:17:25.560  2309  2657 I ActivityManager: Start proc 8134:com.honda.auto.linkmanager.helperservice:lmsrv/1000 for service com.honda.auto.linkmanager.helperservice/uie.linkmanager.LinkManagerService
07-26 15:17:25.561  4438  4454 W ContextImpl: Calling a method in the system process without a qualified user: android.app.ContextImpl.bindService:1796 android.content.ContextWrapper.bindService:539 com.honda.auto.linkmanager.helperservice.LMHelperCommService.startLMService:267 com.honda.auto.linkmanager.helperservice.LMHelperStateMachine$StateConnecting.enter:245 com.android.internal.util.StateMachine$SmHandler.invokeEnterMethods:1008 
07-26 15:17:25.594  8134  8134 W ResourcesManager: Asset path '/system/framework/com.honda.auto.linkmanager.jar' does not exist or contains no resources.
07-26 15:17:25.594  8134  8134 W ResourcesManager: Asset path '/system/framework/com.honda.ipod.jar' does not exist or contains no resources.
07-26 15:17:25.595  8134  8134 W ResourcesManager: Asset path '/system/framework/uie.linkmanager.jar' does not exist or contains no resources.
07-26 15:17:25.595  8134  8134 W ResourcesManager: Asset path '/system/framework/com.broadcom.bt.jar' does not exist or contains no resources.
07-26 15:17:25.595  8134  8134 W ResourcesManager: Asset path '/system/framework/com.honda.auto.btrfcomm.helper.jar' does not exist or contains no resources.
07-26 15:17:25.737  4438  4454 W ContextImpl: Calling a method in the system process without a qualified user: android.app.ContextImpl.stopService:1738 android.content.ContextWrapper.stopService:521 com.honda.auto.linkmanager.helperservice.LMHelperCommService.stopLMService:289 com.honda.auto.linkmanager.helperservice.LMHelperStateMachine$StateDisconnecting.enter:353 com.android.internal.util.StateMachine$SmHandler.invokeEnterMethods:1008 
07-26 15:17:25.802  2309  2325 I ActivityManager: Process com.honda.auto.linkmanager.helperservice:lmsrv (pid 8134) has died
07-26 15:17:43.002  2309  2465 D Watchdog: Android watchdog is alive!!!
07-26 15:17:55.769  4438  4454 W ContextImpl: Calling a method in the system process without a qualified user: android.app.ContextImpl.startService:1732 android.content.ContextWrapper.startService:516 com.honda.auto.linkmanager.helperservice.LMHelperCommService.startLMService:262 com.honda.auto.linkmanager.helperservice.LMHelperStateMachine$StateConnecting.enter:245 com.android.internal.util.StateMachine$SmHandler.invokeEnterMethods:1008 
07-26 15:17:55.808  2309  3177 I ActivityManager: Start proc 8214:com.honda.auto.linkmanager.helperservice:lmsrv/1000 for service com.honda.auto.linkmanager.helperservice/uie.linkmanager.LinkManagerService
07-26 15:17:55.809  4438  4454 W ContextImpl: Calling a method in the system process without a qualified user: android.app.ContextImpl.bindService:1796 android.content.ContextWrapper.bindService:539 com.honda.auto.linkmanager.helperservice.LMHelperCommService.startLMService:267 com.honda.auto.linkmanager.helperservice.LMHelperStateMachine$StateConnecting.enter:245 com.android.internal.util.StateMachine$SmHandler.invokeEnterMethods:1008 
07-26 15:17:55.847  8214  8214 W ResourcesManager: Asset path '/system/framework/com.honda.auto.linkmanager.jar' does not exist or contains no resources.
07-26 15:17:55.847  8214  8214 W ResourcesManager: Asset path '/system/framework/com.honda.ipod.jar' does not exist or contains no resources.
07-26 15:17:55.848  8214  8214 W ResourcesManager: Asset path '/system/framework/uie.linkmanager.jar' does not exist or contains no resources.
07-26 15:17:55.848  8214  8214 W ResourcesManager: Asset path '/system/framework/com.broadcom.bt.jar' does not exist or contains no resources.
07-26 15:17:55.848  8214  8214 W ResourcesManager: Asset path '/system/framework/com.honda.auto.btrfcomm.helper.jar' does not exist or contains no resources.
07-26 15:17:55.984  4438  4454 W ContextImpl: Calling a method in the system process without a qualified user: android.app.ContextImpl.stopService:1738 android.content.ContextWrapper.stopService:521 com.honda.auto.linkmanager.helperservice.LMHelperCommService.stopLMService:289 com.honda.auto.linkmanager.helperservice.LMHelperStateMachine$StateDisconnecting.enter:353 com.android.internal.util.StateMachine$SmHandler.invokeEnterMethods:1008 
07-26 15:17:56.072  2309  2539 I ActivityManager: Process com.honda.auto.linkmanager.helperservice:lmsrv (pid 8214) has died
07-26 15:18:10.162  2309  2355 W ContextImpl: Calling a method in the system process without a qualified user: android.app.ContextImpl.sendBroadcast:1367 com.android.server.wm.WindowManagerService.broadcastFocusedWindowType:8183 com.android.server.wm.WindowManagerService.access$200:176 com.android.server.wm.WindowManagerService$H.handleMessage:7698 android.os.Handler.dispatchMessage:102 
07-26 15:18:10.186  2309  2355 W ContextImpl: Calling a method in the system process without a qualified user: android.app.ContextImpl.sendBroadcast:1367 com.android.server.wm.WindowManagerService.broadcastFocusedWindowType:8183 com.android.server.wm.WindowManagerService.access$200:176 com.android.server.wm.WindowManagerService$H.handleMessage:7698 android.os.Handler.dispatchMessage:102 
07-26 15:18:10.186  2309  2700 W InputMethodManagerService: Window already focused, ignoring focus gain of: com.android.internal.view.IInputMethodClient$Stub$Proxy@1acf6210 attribute=null, token = android.os.BinderProxy@3bdfce47
07-26 15:18:13.002  2309  2465 D Watchdog: Android watchdog is alive!!!
07-26 15:18:19.398  2309  2456 D UsbHostManager: Added device UsbDevice[mName=/dev/bus/usb/003/002,mVendorId=6353,mProductId=20199,mClass=0,mSubclass=0,mProtocol=0,mManufacturerName=Huawei,mProductName=Nexus 6P,mSerialNumber=CVH7N16612000359,mConfigurations=[
07-26 15:18:19.398  2309  2456 D UsbHostManager: UsbConfiguration[mId=1,mName=null,mAttributes=128,mMaxPower=250,mInterfaces=[
07-26 15:18:19.398  2309  2456 D UsbHostManager: UsbInterface[mId=0,mAlternateSetting=0,mName=ADB Interface,mClass=255,mSubclass=66,mProtocol=1,mEndpoints=[
07-26 15:18:19.398  2309  2456 D UsbHostManager: UsbEndpoint[mAddress=1,mAttributes=2,mMaxPacketSize=512,mInterval=0]
07-26 15:18:19.398  2309  2456 D UsbHostManager: UsbEndpoint[mAddress=129,mAttributes=2,mMaxPacketSize=512,mInterval=0]]]]
07-26 15:18:19.398  2309  2456 W ContextImpl: Calling a method in the system process without a qualified user: android.app.ContextImpl.sendBroadcast:1367 com.android.server.usb.UsbSettingsManager.deviceAttached:741 com.android.server.usb.UsbHostManager.endUsbDeviceAdded:239 com.android.server.usb.UsbHostManager.monitorUsbHostBus:-2 com.android.server.usb.UsbHostManager.access$000:56 
07-26 15:18:19.403  2477  2477 W ContextImpl: Calling a method in the system process without a qualified user: android.app.ContextImpl.startService:1732 android.content.ContextWrapper.startService:516 android.content.ContextWrapper.startService:516 com.honda.androidauto.projection.sink.receiver.StartReceiver.onReceive:39 android.app.ActivityThread.handleReceiver:2609 
07-26 15:18:19.424  2579  2579 W ContextImpl: Calling a method in the system process without a qualified user: android.app.ContextImpl.bindService:1796 android.content.ContextWrapper.bindService:539 com.honda.applicationsicon.client.ApplicationsIconItemClientBase.connect:53 com.honda.usbmediaservice.UsbMediaHandler.initCarPlay:516 com.honda.usbmediaservice.UsbMediaHandler.<init>:106 
07-26 15:18:19.433  2579  2579 W ContextImpl: Calling a method in the system process without a qualified user: android.app.ContextImpl.bindService:1796 android.content.ContextWrapper.bindService:539 com.honda.applicationsicon.client.ApplicationsIconItemClientBase.connect:53 com.honda.usbmediaservice.UsbMediaHandler.initAndroidAuto:597 com.honda.usbmediaservice.UsbMediaHandler.<init>:108 
07-26 15:18:19.476  2579  2579 W ContextImpl: Calling a method in the system process without a qualified user: android.app.ContextImpl.sendStickyBroadcast:1534 android.content.ContextWrapper.sendStickyBroadcast:449 com.honda.usbmediaservice.UsbMediaService.onCreate:60 android.app.ActivityThread.handleCreateService:2761 android.app.ActivityThread.access$1800:151 
07-26 15:18:19.960  2309  2456 D UsbHostManager: Added device UsbDevice[mName=/dev/bus/usb/003/003,mVendorId=6353,mProductId=11521,mClass=0,mSubclass=0,mProtocol=0,mManufacturerName=Huawei,mProductName=Nexus 6P,mSerialNumber=CVH7N16612000359,mConfigurations=[
07-26 15:18:19.960  2309  2456 D UsbHostManager: UsbConfiguration[mId=1,mName=null,mAttributes=128,mMaxPower=250,mInterfaces=[
07-26 15:18:19.960  2309  2456 D UsbHostManager: UsbInterface[mId=0,mAlternateSetting=0,mName=Android Accessory Interface,mClass=255,mSubclass=255,mProtocol=0,mEndpoints=[
07-26 15:18:19.960  2309  2456 D UsbHostManager: UsbEndpoint[mAddress=129,mAttributes=2,mMaxPacketSize=512,mInterval=0]
07-26 15:18:19.960  2309  2456 D UsbHostManager: UsbEndpoint[mAddress=2,mAttributes=2,mMaxPacketSize=512,mInterval=0]]
07-26 15:18:19.960  2309  2456 D UsbHostManager: UsbInterface[mId=1,mAlternateSetting=0,mName=ADB Interface,mClass=255,mSubclass=66,mProtocol=1,mEndpoints=[
07-26 15:18:19.960  2309  2456 D UsbHostManager: UsbEndpoint[mAddress=3,mAttributes=2,mMaxPacketSize=512,mInterval=0]
07-26 15:18:19.960  2309  2456 D UsbHostManager: UsbEndpoint[mAddress=130,mAttributes=2,mMaxPacketSize=512,mInterval=0]]]]
07-26 15:18:19.961  2309  2456 W ContextImpl: Calling a method in the system process without a qualified user: android.app.ContextImpl.sendBroadcast:1367 com.android.server.usb.UsbSettingsManager.deviceAttached:741 com.android.server.usb.UsbHostManager.endUsbDeviceAdded:239 com.android.server.usb.UsbHostManager.monitorUsbHostBus:-2 com.android.server.usb.UsbHostManager.access$000:56 
07-26 15:18:19.966  2477  2477 W ContextImpl: Calling a method in the system process without a qualified user: android.app.ContextImpl.startService:1732 android.content.ContextWrapper.startService:516 android.content.ContextWrapper.startService:516 com.honda.androidauto.projection.sink.receiver.StartReceiver.onReceive:39 android.app.ActivityThread.handleReceiver:2609 
07-26 15:18:19.989  2477  2477 W ContextImpl: Calling a method in the system process without a qualified user: android.app.ContextImpl.startActivity:1264 android.content.ContextWrapper.startActivity:323 com.honda.androidauto.projection.sink.service.GalService.startProjectionActivity:653 com.honda.androidauto.projection.sink.service.GalService.startGal:637 com.honda.androidauto.projection.sink.service.GalService.onUsbDeviceConnected:436 
07-26 15:18:19.989  2477  2477 W ContextImpl: Calling a method in the system process without a qualified user: android.app.ContextImpl.startActivity:1276 android.app.ContextImpl.startActivity:1265 android.content.ContextWrapper.startActivity:323 com.honda.androidauto.projection.sink.service.GalService.startProjectionActivity:653 com.honda.androidauto.projection.sink.service.GalService.startGal:637 
07-26 15:18:19.993  2309  2570 I ActivityManager: START u0 {flg=0x10000000 cmp=com.honda.androidauto.projection.sink/.ui.ProjectionActivity (has extras)} from uid 1000 on display 0
07-26 15:18:19.994  2309  2570 W ResourcesManager: Asset path '/system/framework/com.honda.ui.jar' does not exist or contains no resources.
07-26 15:18:19.994  2309  2570 W ResourcesManager: Asset path '/system/framework/com.broadcom.bt.jar' does not exist or contains no resources.
07-26 15:18:20.001  2309  2570 V WindowManager: addAppToken: AppWindowToken{5f8d01f token=Token{371537be ActivityRecord{1e500e79 u0 com.honda.androidauto.projection.sink/.ui.ProjectionActivity t11}}} to stack=1 task=11 at 0
07-26 15:18:20.006  2309  2355 V WindowManager: Adding window Window{78013b1 u0 Starting com.honda.androidauto.projection.sink} at 9 of 10 (after Window{3a5a9306 u0 com.honda.tjba.phone/com.honda.tjba.sms.ui.SmsLandingPageActivity})
07-26 15:18:20.178  2477  2477 W ContextImpl: Calling a method in the system process without a qualified user: android.app.ContextImpl.startService:1732 android.content.ContextWrapper.startService:516 com.honda.androidauto.projection.sink.ui.ProjectionActivity.onCreate:766 android.app.Activity.performCreate:5990 android.app.Instrumentation.callActivityOnCreate:1106 
07-26 15:18:20.179  2477  2477 W ContextImpl: Calling a method in the system process without a qualified user: android.app.ContextImpl.bindService:1796 android.content.ContextWrapper.bindService:539 com.honda.androidauto.projection.sink.ui.ProjectionActivity.onCreate:767 android.app.Activity.performCreate:5990 android.app.Instrumentation.callActivityOnCreate:1106 
07-26 15:18:20.180  2477  2477 W ContextImpl: Calling a method in the system process without a qualified user: android.app.ContextImpl.bindService:1796 android.content.ContextWrapper.bindService:539 com.honda.androidauto.projection.sink.ui.ProjectionActivity.onCreate:769 android.app.Activity.performCreate:5990 android.app.Instrumentation.callActivityOnCreate:1106 
07-26 15:18:20.191  2309  2623 I ActivityManager: moveTaskToBack: TaskRecord{23e19588 #11 A=android.task.music U=0 sz=1}
07-26 15:18:20.196  2477  2477 W ContextImpl: Calling a method in the system process without a qualified user: android.app.ContextImpl.sendBroadcast:1367 android.content.ContextWrapper.sendBroadcast:377 com.honda.appfixup.BzoneLifecycleCallbacks.sendActivityOnResumeBroadcast:74 com.honda.appfixup.BzoneLifecycleCallbacks.onActivityResumed:42 android.app.Application.dispatchActivityResumed:211 
07-26 15:18:20.225  2309  3176 V WindowManager: Adding window Window{22b866a3 u0 com.honda.androidauto.projection.sink/com.honda.androidauto.projection.sink.ui.ProjectionActivity} at 9 of 11 (before Window{78013b1 u0 Starting com.honda.androidauto.projection.sink})
07-26 15:18:20.260  2309  2355 W ContextImpl: Calling a method in the system process without a qualified user: android.app.ContextImpl.sendBroadcast:1367 com.android.server.wm.WindowManagerService.broadcastFocusedWindowType:8183 com.android.server.wm.WindowManagerService.access$200:176 com.android.server.wm.WindowManagerService$H.handleMessage:7698 android.os.Handler.dispatchMessage:102 
07-26 15:18:20.312  2477  2477 W ContextImpl: Calling a method in the system process without a qualified user: android.app.ContextImpl.bindService:1796 android.content.ContextWrapper.bindService:539 com.honda.androidauto.projection.sink.ui.ProjectionActivity.startGAL:1546 com.honda.androidauto.projection.sink.ui.ProjectionActivity.access$5500:140 com.honda.androidauto.projection.sink.ui.ProjectionActivity$21.run:1984 
07-26 15:18:20.360  2309  2623 W InputMethodManagerService: Window already focused, ignoring focus gain of: com.android.internal.view.IInputMethodClient$Stub$Proxy@24c744da attribute=null, token = android.os.BinderProxy@3bdfce47
07-26 15:18:26.016  4438  4454 W ContextImpl: Calling a method in the system process without a qualified user: android.app.ContextImpl.startService:1732 android.content.ContextWrapper.startService:516 com.honda.auto.linkmanager.helperservice.LMHelperCommService.startLMService:262 com.honda.auto.linkmanager.helperservice.LMHelperStateMachine$StateConnecting.enter:245 com.android.internal.util.StateMachine$SmHandler.invokeEnterMethods:1008 
07-26 15:18:26.051  2309  2570 I ActivityManager: Start proc 8336:com.honda.auto.linkmanager.helperservice:lmsrv/1000 for service com.honda.auto.linkmanager.helperservice/uie.linkmanager.LinkManagerService
07-26 15:18:26.053  4438  4454 W ContextImpl: Calling a method in the system process without a qualified user: android.app.ContextImpl.bindService:1796 android.content.ContextWrapper.bindService:539 com.honda.auto.linkmanager.helperservice.LMHelperCommService.startLMService:267 com.honda.auto.linkmanager.helperservice.LMHelperStateMachine$StateConnecting.enter:245 com.android.internal.util.StateMachine$SmHandler.invokeEnterMethods:1008 
07-26 15:18:26.097  8336  8336 W ResourcesManager: Asset path '/system/framework/com.honda.auto.linkmanager.jar' does not exist or contains no resources.
07-26 15:18:26.098  8336  8336 W ResourcesManager: Asset path '/system/framework/com.honda.ipod.jar' does not exist or contains no resources.
07-26 15:18:26.099  8336  8336 W ResourcesManager: Asset path '/system/framework/uie.linkmanager.jar' does not exist or contains no resources.
07-26 15:18:26.099  8336  8336 W ResourcesManager: Asset path '/system/framework/com.broadcom.bt.jar' does not exist or contains no resources.
07-26 15:18:26.099  8336  8336 W ResourcesManager: Asset path '/system/framework/com.honda.auto.btrfcomm.helper.jar' does not exist or contains no resources.
07-26 15:18:26.197  4438  4454 W ContextImpl: Calling a method in the system process without a qualified user: android.app.ContextImpl.stopService:1738 android.content.ContextWrapper.stopService:521 com.honda.auto.linkmanager.helperservice.LMHelperCommService.stopLMService:289 com.honda.auto.linkmanager.helperservice.LMHelperStateMachine$StateDisconnecting.enter:353 com.android.internal.util.StateMachine$SmHandler.invokeEnterMethods:1008 
07-26 15:18:26.404  2896  8359 W ContextImpl: Calling a method in the system process without a qualified user: android.app.ContextImpl.sendBroadcast:1367 android.content.ContextWrapper.sendBroadcast:377 com.honda.settings.bluetooth.LocalService.onStableStateChanged:1244 com.honda.settings.bluetooth.ProfileManager$ConnectionThread.run:486 <bottom of call stack> 
07-26 15:18:26.689  2309  2325 I ActivityManager: Process com.honda.auto.linkmanager.helperservice:lmsrv (pid 8336) has died
07-26 15:18:26.878  2896  8359 W ContextImpl: Calling a method in the system process without a qualified user: android.app.ContextImpl.sendBroadcast:1367 android.content.ContextWrapper.sendBroadcast:377 com.honda.settings.bluetooth.LocalService.onStableStateChanged:1244 com.honda.settings.bluetooth.ProfileManager$ConnectionThread.onThreadEnd:449 com.honda.settings.bluetooth.ProfileManager$ConnectionThread.run:511 
07-26 15:18:33.944  2309  2327 I ActivityManager: START u0 {flg=0x4000000 cmp=com.honda.androidauto.projection.sink/.ui.ProjectionActivity} from uid 10036 on display 0
