07-26 15:00:09.985  2309  2616 V WindowManager: not Base app: Adding window Window{12fae14d u0 com.honda.settings/com.honda.settings.bluetooth.ui.ProfilesActivity} at 11 of 12
07-26 15:00:09.986  2309  2355 W ContextImpl: Calling a method in the system process without a qualified user: android.app.ContextImpl.sendBroadcast:1367 com.android.server.wm.WindowManagerService.broadcastFocusedWindowType:8183 com.android.server.wm.WindowManagerService.access$200:176 com.android.server.wm.WindowManagerService$H.handleMessage:7698 android.os.Handler.dispatchMessage:102 
07-26 15:00:10.043  2309  2512 V WindowManager: not Base app: Adding window Window{1272ff50 u0 com.honda.settings/com.honda.settings.bluetooth.ui.ProfilesActivity} at 12 of 13
07-26 15:00:10.044  2309  2355 W ContextImpl: Calling a method in the system process without a qualified user: android.app.ContextImpl.sendBroadcast:1367 com.android.server.wm.WindowManagerService.broadcastFocusedWindowType:8183 com.android.server.wm.WindowManagerService.access$200:176 com.android.server.wm.WindowManagerService$H.handleMessage:7698 android.os.Handler.dispatchMessage:102 
07-26 15:00:10.185  2896  4778 W ContextImpl: Calling a method in the system process without a qualified user: android.app.ContextImpl.sendBroadcast:1367 android.content.ContextWrapper.sendBroadcast:377 com.honda.settings.bluetooth.LocalService.onStableStateChanged:1244 com.honda.settings.bluetooth.ProfileManager$ConnectionThread.run:486 <bottom of call stack> 
07-26 15:00:11.813  2309  2355 W ContextImpl: Calling a method in the system process without a qualified user: android.app.ContextImpl.sendBroadcast:1367 com.android.server.wm.WindowManagerService.broadcastFocusedWindowType:8183 com.android.server.wm.WindowManagerService.access$200:176 com.android.server.wm.WindowManagerService$H.handleMessage:7698 android.os.Handler.dispatchMessage:102 
07-26 15:00:12.994  2309  2465 D Watchdog: Android watchdog is alive!!!
07-26 15:00:15.161  4395  4395 W ContextImpl: Calling a method in the system process without a qualified user: android.app.ContextImpl.startService:1732 android.content.ContextWrapper.startService:516 com.honda.sms.receivers.SmsReceiver.onReceive:50 android.app.LoadedApk$ReceiverDispatcher$Args.run:866 android.os.Handler.handleCallback:739 
07-26 15:00:15.170  4438  4454 W ContextImpl: Calling a method in the system process without a qualified user: android.app.ContextImpl.startService:1732 android.content.ContextWrapper.startService:516 com.honda.auto.linkmanager.helperservice.LMHelperCommService.startLMService:262 com.honda.auto.linkmanager.helperservice.LMHelperStateMachine$StateConnecting.enter:245 com.android.internal.util.StateMachine$SmHandler.invokeEnterMethods:1008 
07-26 15:00:15.228  2309  3177 I ActivityManager: Start proc 4794:com.honda.auto.linkmanager.helperservice:lmsrv/1000 for service com.honda.auto.linkmanager.helperservice/uie.linkmanager.LinkManagerService
07-26 15:00:15.229  4438  4454 W ContextImpl: Calling a method in the system process without a qualified user: android.app.ContextImpl.bindService:1796 android.content.ContextWrapper.bindService:539 com.honda.auto.linkmanager.helperservice.LMHelperCommService.startLMService:267 com.honda.auto.linkmanager.helperservice.LMHelperStateMachine$StateConnecting.enter:245 com.android.internal.util.StateMachine$SmHandler.invokeEnterMethods:1008 
07-26 15:00:15.249  2965  4779 W ContextImpl: Calling a method in the system process without a qualified user: android.app.ContextImpl.bindService:1796 android.content.ContextWrapper.bindService:539 com.honda.applicationsicon.client.ApplicationsIconItemClientBase.connect:53 com.honda.telephonyservice.BluetoothUtils.connectAndroidAutoIcon:2257 com.honda.telephonyservice.BluetoothUtils.initAndroidAuto:2249 
07-26 15:00:15.276  4395  4395 W ContextImpl: Calling a method in the system process without a qualified user: android.app.ContextImpl.sendStickyBroadcast:1534 android.content.ContextWrapper.sendStickyBroadcast:449 com.honda.messaging.service.SmsMessagingService.onStartCommand:99 android.app.ActivityThread.handleServiceArgs:2894 android.app.ActivityThread.access$2100:151 
07-26 15:00:15.370  2965  4779 W ContextImpl: Calling a method in the system process without a qualified user: android.app.ContextImpl.sendBroadcast:1367 android.content.ContextWrapper.sendBroadcast:377 com.honda.telephonyservice.BluetoothUtils$BluetoothHfDeviceEventHandler$2.run:662 java.util.concurrent.ThreadPoolExecutor.runWorker:1112 java.util.concurrent.ThreadPoolExecutor$Worker.run:587 
07-26 15:00:15.397  4395  4395 W ContextImpl: Calling a method in the system process without a qualified user: android.app.ContextImpl.startService:1732 android.content.ContextWrapper.startService:516 android.content.ContextWrapper.startService:516 com.honda.sms.receivers.HFTReceiver.onReceive:41 android.app.ActivityThread.handleReceiver:2609 
07-26 15:00:15.584  2309  2325 W ActivityManager: Unable to start service Intent { cmp=com.honda.tjba.phone.service/.TJBATelService } U=0: not found
07-26 15:00:15.586  2965  4779 W ContextImpl: Calling a method in the system process without a qualified user: android.app.ContextImpl.sendBroadcast:1367 android.content.ContextWrapper.sendBroadcast:377 com.honda.telephonyservice.BluetoothUtils$BluetoothHfDeviceEventHandler$4.run:766 java.util.concurrent.ThreadPoolExecutor.runWorker:1112 java.util.concurrent.ThreadPoolExecutor$Worker.run:587 
07-26 15:00:15.589  4395  4395 W ContextImpl: Calling a method in the system process without a qualified user: android.app.ContextImpl.sendStickyBroadcast:1534 android.content.ContextWrapper.sendStickyBroadcast:449 com.honda.messaging.service.SmsMessagingService.onStartCommand:99 android.app.ActivityThread.handleServiceArgs:2894 android.app.ActivityThread.access$2100:151 
07-26 15:00:15.602  2309  3176 W ActivityManager: Unable to start service Intent { cmp=com.honda.tjba.phone.service/.TJBATelService } U=0: not found
07-26 15:00:15.621  4794  4794 W ResourcesManager: Asset path '/system/framework/com.honda.auto.linkmanager.jar' does not exist or contains no resources.
07-26 15:00:15.621  4794  4794 W ResourcesManager: Asset path '/system/framework/com.honda.ipod.jar' does not exist or contains no resources.
07-26 15:00:15.622  4794  4794 W ResourcesManager: Asset path '/system/framework/uie.linkmanager.jar' does not exist or contains no resources.
07-26 15:00:15.623  4794  4794 W ResourcesManager: Asset path '/system/framework/com.broadcom.bt.jar' does not exist or contains no resources.
07-26 15:00:15.623  4794  4794 W ResourcesManager: Asset path '/system/framework/com.honda.auto.btrfcomm.helper.jar' does not exist or contains no resources.
07-26 15:00:15.626  2309  2350 W ActivityManager: Activity pause timeout for ActivityRecord{cc7c516 u0 com.honda.settings/.bluetooth.ui.ProfilesActivity t6 f}
07-26 15:00:15.914  2309  3176 V WindowManager: not Base app: Adding window Window{14df2175 u0 com.honda.settings/com.honda.settings.bluetooth.ui.ProfilesActivity} at 10 of 11
07-26 15:00:15.916  2896  2896 W ContextImpl: Calling a method in the system process without a qualified user: android.app.ContextImpl.sendBroadcast:1367 android.content.ContextWrapper.sendBroadcast:377 com.honda.appfixup.BzoneLifecycleCallbacks.sendActivityOnResumeBroadcast:74 com.honda.appfixup.BzoneLifecycleCallbacks.onActivityResumed:42 android.app.Application.dispatchActivityResumed:211 
07-26 15:00:15.989  4438  4454 W ContextImpl: Calling a method in the system process without a qualified user: android.app.ContextImpl.stopService:1738 android.content.ContextWrapper.stopService:521 com.honda.auto.linkmanager.helperservice.LMHelperCommService.stopLMService:289 com.honda.auto.linkmanager.helperservice.LMHelperStateMachine$StateDisconnecting.enter:353 com.android.internal.util.StateMachine$SmHandler.invokeEnterMethods:1008 
07-26 15:00:16.012  2896  2896 W ContextImpl: Calling a method in the system process without a qualified user: android.app.ContextImpl.bindService:1796 android.content.ContextWrapper.bindService:539 com.honda.settings.bluetooth.ui.MainActivity.onResume:225 android.app.Instrumentation.callActivityOnResume:1257 android.app.Activity.performResume:6076 
07-26 15:00:16.144  2309  2355 W ContextImpl: Calling a method in the system process without a qualified user: android.app.ContextImpl.sendBroadcast:1367 com.android.server.wm.WindowManagerService.broadcastFocusedWindowType:8183 com.android.server.wm.WindowManagerService.access$200:176 com.android.server.wm.WindowManagerService$H.handleMessage:7698 android.os.Handler.dispatchMessage:102 
07-26 15:00:16.709  2309  3175 I ActivityManager: Process com.honda.auto.linkmanager.helperservice:lmsrv (pid 4794) has died
07-26 15:00:17.859  2535  4548 W ContextImpl: Calling a method in the system process without a qualified user: android.app.ContextImpl.sendBroadcast:1381 android.content.ContextWrapper.sendBroadcast:382 com.redbend.app.EventIntentService.recvEvent:173 com.redbend.client.BasicService.recvEvent:239 <bottom of call stack> 
07-26 15:00:18.013  2309  2432 D ConnectivityService: Got NetworkFactory Messenger for Bluetooth Tethering
07-26 15:00:18.027  1840  2336 E NetlinkEvent: Unknown ifindex 7 in RTM_DELADDR
07-26 15:00:18.169  2896  4778 W ContextImpl: Calling a method in the system process without a qualified user: android.app.ContextImpl.sendBroadcast:1367 android.content.ContextWrapper.sendBroadcast:377 com.honda.settings.bluetooth.LocalService.onStableStateChanged:1244 com.honda.settings.bluetooth.ProfileManager$ConnectionThread.onThreadEnd:449 com.honda.settings.bluetooth.ProfileManager$ConnectionThread.run:511 
07-26 15:00:18.228  2309  2432 D ConnectivityService: unregisterNetworkFactory for Bluetooth Tethering
07-26 15:00:19.412  2309  2413 I ActivityManager: START u0 {act=android.intent.action.MAIN cat=[android.intent.category.HOME] flg=0x10200000 cmp=com.honda.tjba.launcher/.ui.HomeActivity} from uid 1000 on display 0
07-26 15:00:19.487  2309  2432 D ConnectivityService: Got NetworkFactory Messenger for Bluetooth Tethering
07-26 15:00:19.599  2309  2355 W ContextImpl: Calling a method in the system process without a qualified user: android.app.ContextImpl.sendBroadcast:1367 com.android.server.wm.WindowManagerService.broadcastFocusedWindowType:8183 com.android.server.wm.WindowManagerService.access$200:176 com.android.server.wm.WindowManagerService$H.handleMessage:7698 android.os.Handler.dispatchMessage:102 
07-26 15:00:19.719  2309  2432 D ConnectivityService: unregisterNetworkFactory for Bluetooth Tethering
07-26 15:00:21.190  2309  3185 V WindowManager: not Base app: Adding window Window{3cd7e06a u0 com.honda.settings/com.honda.settings.bluetooth.ui.MainActivity} at 6 of 8
07-26 15:00:21.910  2309  2512 I ActivityManager: START u0 {flg=0x8000 cmp=com.honda.tjba.phone/com.honda.tjba.sms.ui.SmsLandingPageActivity} from uid 10036 on display 0
07-26 15:00:21.911  2309  2512 W ResourcesManager: Asset path '/system/framework/com.honda.applicationsicon.jar' does not exist or contains no resources.
07-26 15:00:21.911  2309  2512 W ResourcesManager: Asset path '/system/framework/com.honda.mapconnection.jar' does not exist or contains no resources.
07-26 15:00:21.911  2309  2512 W ResourcesManager: Asset path '/system/framework/com.honda.ui.jar' does not exist or contains no resources.
07-26 15:00:21.911  2309  2512 W ResourcesManager: Asset path '/system/framework/com.broadcom.bt.jar' does not exist or contains no resources.
07-26 15:00:21.915  2309  2512 V WindowManager: addAppToken: AppWindowToken{67469a4 token=Token{34e2e037 ActivityRecord{78b9936 u0 com.honda.tjba.phone/com.honda.tjba.sms.ui.SmsLandingPageActivity t7}}} to stack=1 task=7 at 0
07-26 15:00:21.987  2309  2355 V WindowManager: Adding window Window{8279f2f u0 Starting com.honda.tjba.phone} at 8 of 9 (after Window{3cd7e06a u0 com.honda.settings/com.honda.settings.bluetooth.ui.MainActivity})
07-26 15:00:22.322  2309  2539 V WindowManager: Adding window Window{3125ea41 u0 com.honda.tjba.phone/com.honda.tjba.sms.ui.SmsLandingPageActivity} at 8 of 10 (before Window{8279f2f u0 Starting com.honda.tjba.phone})
07-26 15:00:22.323  2309  2355 W ContextImpl: Calling a method in the system process without a qualified user: android.app.ContextImpl.sendBroadcast:1367 com.android.server.wm.WindowManagerService.broadcastFocusedWindowType:8183 com.android.server.wm.WindowManagerService.access$200:176 com.android.server.wm.WindowManagerService$H.handleMessage:7698 android.os.Handler.dispatchMessage:102 
07-26 15:00:22.531  2309  2539 V WindowManager: Adding window Window{a764527 u0 com.honda.tjba.phone/com.honda.tjba.sms.ui.SmsLandingPageActivity} at 8 of 11 (before Window{3125ea41 u0 com.honda.tjba.phone/com.honda.tjba.sms.ui.SmsLandingPageActivity})
07-26 15:00:22.626  2309  3185 I ActivityManager: Start proc 4883:android.process.acore/u0a41 for content provider com.honda.providers.tjba.favouritesprovider/com.honda.provider.favouritesprovider.core.FavouritesProvider
07-26 15:00:23.680  2309  2432 D ConnectivityService: Got NetworkFactory Messenger for Bluetooth Tethering
07-26 15:00:23.959  2309  2432 D ConnectivityService: unregisterNetworkFactory for Bluetooth Tethering
07-26 15:00:24.106  2881  4859 E BluetoothTetheringNetworkFactory: DHCP request error:DHCP result was failed
07-26 15:00:26.900  2309  2413 I ActivityManager: START u0 {act=android.intent.action.MAIN cat=[android.intent.category.HOME] flg=0x10200000 cmp=com.honda.tjba.launcher/.ui.HomeActivity} from uid 1000 on display 0
07-26 15:00:26.937  2309  2355 W ContextImpl: Calling a method in the system process without a qualified user: android.app.ContextImpl.sendBroadcast:1367 com.android.server.wm.WindowManagerService.broadcastFocusedWindowType:8183 com.android.server.wm.WindowManagerService.access$200:176 com.android.server.wm.WindowManagerService$H.handleMessage:7698 android.os.Handler.dispatchMessage:102 
07-26 15:00:26.952  2309  2616 W InputMethodManagerService: Focus gain on non-focused client com.android.internal.view.IInputMethodClient$Stub$Proxy@332fea96 (uid=10037 pid=2814)
07-26 15:00:27.004  2309  2355 W ContextImpl: Calling a method in the system process without a qualified user: android.app.ContextImpl.sendBroadcast:1367 com.android.server.wm.WindowManagerService.broadcastFocusedWindowType:8183 com.android.server.wm.WindowManagerService.access$200:176 com.android.server.wm.WindowManagerService$H.handleMessage:7698 android.os.Handler.dispatchMessage:102 
07-26 15:00:27.502  2309  2432 D ConnectivityService: Got NetworkFactory Messenger for Bluetooth Tethering
07-26 15:00:27.522  1840  2336 E NetlinkEvent: Unknown ifindex 10 in RTM_DELADDR
07-26 15:00:27.724  2309  2432 D ConnectivityService: unregisterNetworkFactory for Bluetooth Tethering
07-26 15:00:28.040  2881  4847 E BluetoothTetheringNetworkFactory: DHCP request error:Timed out waiting for dhcpcd to start
07-26 15:00:28.226  2309  3176 I ActivityManager: START u0 {flg=0x8000 cmp=com.honda.tjba.phone/.ui.LandingPageActivity} from uid 10036 on display 0
07-26 15:00:28.232  2309  3176 V WindowManager: addAppToken: AppWindowToken{12d6307 token=Token{2f562546 ActivityRecord{1419d21 u0 com.honda.tjba.phone/.ui.LandingPageActivity t8}}} to stack=1 task=8 at 0
07-26 15:00:28.303  2309  2355 V WindowManager: Adding window Window{2b3f4fd2 u0 Starting com.honda.tjba.phone} at 8 of 9 (after Window{a764527 u0 com.honda.tjba.phone/com.honda.tjba.sms.ui.SmsLandingPageActivity})
07-26 15:00:28.380  2309  2327 V WindowManager: Adding window Window{32efcf59 u0 com.honda.tjba.phone/com.honda.tjba.phone.ui.LandingPageActivity} at 8 of 10 (before Window{2b3f4fd2 u0 Starting com.honda.tjba.phone})
07-26 15:00:28.381  2309  2355 W ContextImpl: Calling a method in the system process without a qualified user: android.app.ContextImpl.sendBroadcast:1367 com.android.server.wm.WindowManagerService.broadcastFocusedWindowType:8183 com.android.server.wm.WindowManagerService.access$200:176 com.android.server.wm.WindowManagerService$H.handleMessage:7698 android.os.Handler.dispatchMessage:102 
07-26 15:00:28.623  2309  2700 V WindowManager: Adding window Window{a450815 u0 com.honda.tjba.phone/com.honda.tjba.phone.ui.LandingPageActivity} at 8 of 11 (before Window{32efcf59 u0 com.honda.tjba.phone/com.honda.tjba.phone.ui.LandingPageActivity})
07-26 15:00:28.854  2309  2355 W ContextImpl: Calling a method in the system process without a qualified user: android.app.ContextImpl.sendBroadcast:1367 com.android.server.wm.WindowManagerService.broadcastFocusedWindowType:8183 com.android.server.wm.WindowManagerService.access$200:176 com.android.server.wm.WindowManagerService$H.handleMessage:7698 android.os.Handler.dispatchMessage:102 
07-26 15:00:31.790  2309  2512 V WindowManager: not Base app: Adding window Window{169640c9 u0 com.honda.tjba.phone/com.honda.tjba.phone.ui.LandingPageActivity} at 9 of 10
07-26 15:00:31.793  2309  2355 W ContextImpl: Calling a method in the system process without a qualified user: android.app.ContextImpl.sendBroadcast:1367 com.android.server.wm.WindowManagerService.broadcastFocusedWindowType:8183 com.android.server.wm.WindowManagerService.access$200:176 com.android.server.wm.WindowManagerService$H.handleMessage:7698 android.os.Handler.dispatchMessage:102 
07-26 15:00:33.101  2309  2657 I ActivityManager: START u0 {act=action_return_favourite_recent_contact_selected cmp=com.honda.tjba.phone/.ui.FavouriteRecentListActivity} from uid 10037 on display 0
07-26 15:00:33.103  2309  2657 V WindowManager: addAppToken: AppWindowToken{33ad1e8 token=Token{22046f0b ActivityRecord{33198eda u0 com.honda.tjba.phone/.ui.FavouriteRecentListActivity t8}}} to stack=1 task=8 at 1
07-26 15:00:33.340  2309  2569 V WindowManager: Adding window Window{16df2494 u0 com.honda.tjba.phone/com.honda.tjba.phone.ui.FavouriteRecentListActivity} at 10 of 11 (after Window{169640c9 u0 com.honda.tjba.phone/com.honda.tjba.phone.ui.LandingPageActivity EXITING})
07-26 15:00:33.367  2309  2355 W ContextImpl: Calling a method in the system process without a qualified user: android.app.ContextImpl.sendBroadcast:1367 com.android.server.wm.WindowManagerService.broadcastFocusedWindowType:8183 com.android.server.wm.WindowManagerService.access$200:176 com.android.server.wm.WindowManagerService$H.handleMessage:7698 android.os.Handler.dispatchMessage:102 
07-26 15:00:33.693  2881  4906 E BluetoothTetheringNetworkFactory: DHCP request error:Timed out waiting for dhcpcd to start
07-26 15:00:34.958  2309  2355 W ContextImpl: Calling a method in the system process without a qualified user: android.app.ContextImpl.sendBroadcast:1367 com.android.server.wm.WindowManagerService.broadcastFocusedWindowType:8183 com.android.server.wm.WindowManagerService.access$200:176 com.android.server.wm.WindowManagerService$H.handleMessage:7698 android.os.Handler.dispatchMessage:102 
07-26 15:00:37.532  2881  4931 E BluetoothTetheringNetworkFactory: DHCP request error:Timed out waiting for dhcpcd to start
07-26 15:00:39.613  2309  2569 I ActivityManager: START u0 {cmp=com.honda.tjba.phone/.ui.ContactsActivity (has extras)} from uid 10037 on display 0
07-26 15:00:39.615  2309  2569 V WindowManager: addAppToken: AppWindowToken{179d1d56 token=Token{2e882b71 ActivityRecord{aba8518 u0 com.honda.tjba.phone/.ui.ContactsActivity t8}}} to stack=1 task=8 at 1
07-26 15:00:39.782  2309  2700 V WindowManager: Adding window Window{35edac4 u0 com.honda.tjba.phone/com.honda.tjba.phone.ui.ContactsActivity} at 9 of 10 (after Window{a450815 u0 com.honda.tjba.phone/com.honda.tjba.phone.ui.LandingPageActivity})
07-26 15:00:39.783  2309  2355 W ContextImpl: Calling a method in the system process without a qualified user: android.app.ContextImpl.sendBroadcast:1367 com.android.server.wm.WindowManagerService.broadcastFocusedWindowType:8183 com.android.server.wm.WindowManagerService.access$200:176 com.android.server.wm.WindowManagerService$H.handleMessage:7698 android.os.Handler.dispatchMessage:102 
07-26 15:00:39.993  2309  2700 V WindowManager: Adding window Window{36d0df30 u0 com.honda.tjba.phone/com.honda.tjba.phone.ui.ContactsActivity} at 9 of 11 (before Window{35edac4 u0 com.honda.tjba.phone/com.honda.tjba.phone.ui.ContactsActivity})
07-26 15:00:41.230  2309  2355 W ContextImpl: Calling a method in the system process without a qualified user: android.app.ContextImpl.sendBroadcast:1367 com.android.server.wm.WindowManagerService.broadcastFocusedWindowType:8183 com.android.server.wm.WindowManagerService.access$200:176 com.android.server.wm.WindowManagerService$H.handleMessage:7698 android.os.Handler.dispatchMessage:102 
07-26 15:00:41.240  2309  2623 V WindowManager: not Base app: Adding window Window{3993b063 u0 com.honda.tjba.phone/com.honda.tjba.phone.ui.ContactsActivity} at 11 of 12
07-26 15:00:41.241  2309  2355 W ContextImpl: Calling a method in the system process without a qualified user: android.app.ContextImpl.sendBroadcast:1367 com.android.server.wm.WindowManagerService.broadcastFocusedWindowType:8183 com.android.server.wm.WindowManagerService.access$200:176 com.android.server.wm.WindowManagerService$H.handleMessage:7698 android.os.Handler.dispatchMessage:102 
07-26 15:00:42.994  2309  2465 D Watchdog: Android watchdog is alive!!!
07-26 15:00:46.021  4438  4454 W ContextImpl: Calling a method in the system process without a qualified user: android.app.ContextImpl.startService:1732 android.content.ContextWrapper.startService:516 com.honda.auto.linkmanager.helperservice.LMHelperCommService.startLMService:262 com.honda.auto.linkmanager.helperservice.LMHelperStateMachine$StateConnecting.enter:245 com.android.internal.util.StateMachine$SmHandler.invokeEnterMethods:1008 
07-26 15:00:46.062  2309  3177 I ActivityManager: Start proc 5000:com.honda.auto.linkmanager.helperservice:lmsrv/1000 for service com.honda.auto.linkmanager.helperservice/uie.linkmanager.LinkManagerService
07-26 15:00:46.062  4438  4454 W ContextImpl: Calling a method in the system process without a qualified user: android.app.ContextImpl.bindService:1796 android.content.ContextWrapper.bindService:539 com.honda.auto.linkmanager.helperservice.LMHelperCommService.startLMService:267 com.honda.auto.linkmanager.helperservice.LMHelperStateMachine$StateConnecting.enter:245 com.android.internal.util.StateMachine$SmHandler.invokeEnterMethods:1008 
07-26 15:00:46.102  5000  5000 W ResourcesManager: Asset path '/system/framework/com.honda.auto.linkmanager.jar' does not exist or contains no resources.
07-26 15:00:46.102  5000  5000 W ResourcesManager: Asset path '/system/framework/com.honda.ipod.jar' does not exist or contains no resources.
07-26 15:00:46.103  5000  5000 W ResourcesManager: Asset path '/system/framework/uie.linkmanager.jar' does not exist or contains no resources.
07-26 15:00:46.104  5000  5000 W ResourcesManager: Asset path '/system/framework/com.broadcom.bt.jar' does not exist or contains no resources.
07-26 15:00:46.104  5000  5000 W ResourcesManager: Asset path '/system/framework/com.honda.auto.btrfcomm.helper.jar' does not exist or contains no resources.
07-26 15:00:46.270  4438  4454 W ContextImpl: Calling a method in the system process without a qualified user: android.app.ContextImpl.stopService:1738 android.content.ContextWrapper.stopService:521 com.honda.auto.linkmanager.helperservice.LMHelperCommService.stopLMService:289 com.honda.auto.linkmanager.helperservice.LMHelperStateMachine$StateDisconnecting.enter:353 com.android.internal.util.StateMachine$SmHandler.invokeEnterMethods:1008 
07-26 15:00:46.381  2309  2327 I ActivityManager: Process com.honda.auto.linkmanager.helperservice:lmsrv (pid 5000) has died
07-26 15:00:54.239  2309  2355 W ContextImpl: Calling a method in the system process without a qualified user: android.app.ContextImpl.sendBroadcast:1367 com.android.server.wm.WindowManagerService.broadcastFocusedWindowType:8183 com.android.server.wm.WindowManagerService.access$200:176 com.android.server.wm.WindowManagerService$H.handleMessage:7698 android.os.Handler.dispatchMessage:102 
07-26 15:00:56.015  2309  2355 W ContextImpl: Calling a method in the system process without a qualified user: android.app.ContextImpl.sendBroadcast:1367 com.android.server.wm.WindowManagerService.broadcastFocusedWindowType:8183 com.android.server.wm.WindowManagerService.access$200:176 com.android.server.wm.WindowManagerService$H.handleMessage:7698 android.os.Handler.dispatchMessage:102 
07-26 15:00:59.571  2309  2327 V WindowManager: not Base app: Adding window Window{1ec59ecb u0 com.honda.tjba.phone/com.honda.tjba.phone.ui.LandingPageActivity} at 8 of 9
07-26 15:00:59.574  2309  2355 W ContextImpl: Calling a method in the system process without a qualified user: android.app.ContextImpl.sendBroadcast:1367 com.android.server.wm.WindowManagerService.broadcastFocusedWindowType:8183 com.android.server.wm.WindowManagerService.access$200:176 com.android.server.wm.WindowManagerService$H.handleMessage:7698 android.os.Handler.dispatchMessage:102 
07-26 15:01:00.945  2309  2569 I ActivityManager: START u0 {act=action_return_favourite_recent_contact_selected cmp=com.honda.tjba.phone/.ui.FavouriteRecentListActivity} from uid 10037 on display 0
07-26 15:01:00.949  2309  2569 V WindowManager: addAppToken: AppWindowToken{24291c43 token=Token{340c4df2 ActivityRecord{20c18cfd u0 com.honda.tjba.phone/.ui.FavouriteRecentListActivity t8}}} to stack=1 task=8 at 1
07-26 15:01:01.087  2309  2325 V WindowManager: Adding window Window{28c2aec u0 com.honda.tjba.phone/com.honda.tjba.phone.ui.FavouriteRecentListActivity} at 9 of 10 (after Window{1ec59ecb u0 com.honda.tjba.phone/com.honda.tjba.phone.ui.LandingPageActivity EXITING})
07-26 15:01:01.113  2309  2355 W ContextImpl: Calling a method in the system process without a qualified user: android.app.ContextImpl.sendBroadcast:1367 com.android.server.wm.WindowManagerService.broadcastFocusedWindowType:8183 com.android.server.wm.WindowManagerService.access$200:176 com.android.server.wm.WindowManagerService$H.handleMessage:7698 android.os.Handler.dispatchMessage:102 
07-26 15:01:03.606  2309  2355 W ContextImpl: Calling a method in the system process without a qualified user: android.app.ContextImpl.sendBroadcast:1367 com.android.server.wm.WindowManagerService.broadcastFocusedWindowType:8183 com.android.server.wm.WindowManagerService.access$200:176 com.android.server.wm.WindowManagerService$H.handleMessage:7698 android.os.Handler.dispatchMessage:102 
07-26 15:01:04.520  3517  3517 W ContextImpl: Calling a method in the system process without a qualified user: android.app.ContextImpl.sendBroadcast:1367 android.content.ContextWrapper.sendBroadcast:377 com.honda.auto.userexperienceservice.most.UserExperienceMostProxy.sendBroadcast:494 com.honda.auto.userexperienceservice.most.UserExperienceMostProxy.sendSolarElevationAngle:467 com.honda.auto.userexperienceservice.most.UserExperienceMostProxy.access$800:102 
07-26 15:01:09.464  2814  2814 W ResourcesManager: Asset path '/system/framework/com.honda.ui.jar' does not exist or contains no resources.
07-26 15:01:09.469  2814  2814 W ResourcesManager: Asset path '/system/framework/com.honda.auto.navigation.jar' does not exist or contains no resources.
07-26 15:01:09.477  2814  2814 W ResourcesManager: Asset path '/system/framework/com.honda.ui.jar' does not exist or contains no resources.
07-26 15:01:09.481  2814  2814 W ResourcesManager: Asset path '/system/framework/com.honda.applicationsicon.jar' does not exist or contains no resources.
07-26 15:01:09.481  2814  2814 W ResourcesManager: Asset path '/system/framework/com.honda.ui.jar' does not exist or contains no resources.
07-26 15:01:09.481  2814  2814 W ResourcesManager: Asset path '/system/framework/com.broadcom.bt.jar' does not exist or contains no resources.
07-26 15:01:09.484  2814  2814 W ResourcesManager: Asset path '/system/framework/com.honda.touchbridge.jar' does not exist or contains no resources.
07-26 15:01:09.485  2814  2814 W ResourcesManager: Asset path '/system/framework/javax.obex.jar' does not exist or contains no resources.
07-26 15:01:09.485  2814  2814 W ResourcesManager: Asset path '/system/framework/com.honda.applicationsicon.jar' does not exist or contains no resources.
07-26 15:01:09.485  2814  2814 W ResourcesManager: Asset path '/system/framework/com.honda.ui.jar' does not exist or contains no resources.
07-26 15:01:09.485  2814  2814 W ResourcesManager: Asset path '/system/framework/com.broadcom.bt.jar' does not exist or contains no resources.
07-26 15:01:09.488  2814  2814 W ResourcesManager: Asset path '/system/framework/com.honda.ui.jar' does not exist or contains no resources.
07-26 15:01:09.488  2814  2814 W ResourcesManager: Asset path '/system/framework/com.broadcom.bt.jar' does not exist or contains no resources.
07-26 15:01:09.491  2814  2814 W ResourcesManager: Asset path '/system/framework/com.honda.ui.jar' does not exist or contains no resources.
07-26 15:01:09.491  2814  2814 W ResourcesManager: Asset path '/system/framework/com.broadcom.bt.jar' does not exist or contains no resources.
07-26 15:01:09.494  2814  2814 W ResourcesManager: Asset path '/system/framework/com.honda.ui.jar' does not exist or contains no resources.
07-26 15:01:09.498  2814  2814 W ResourcesManager: Asset path '/system/framework/com.honda.ipod.jar' does not exist or contains no resources.
07-26 15:01:09.498  2814  2814 W ResourcesManager: Asset path '/system/framework/com.honda.ui.jar' does not exist or contains no resources.
07-26 15:01:09.501  2814  2814 W ResourcesManager: Asset path '/system/framework/com.honda.ui.jar' does not exist or contains no resources.
07-26 15:01:12.995  2309  2465 D Watchdog: Android watchdog is alive!!!
07-26 15:01:14.402  2309  2413 I ActivityManager: START u0 {act=android.intent.action.MAIN cat=[android.intent.category.HOME] flg=0x10200000 cmp=com.honda.tjba.launcher/.ui.HomeActivity} from uid 1000 on display 0
07-26 15:01:14.457  2309  2355 W ContextImpl: Calling a method in the system process without a qualified user: android.app.ContextImpl.sendBroadcast:1367 com.android.server.wm.WindowManagerService.broadcastFocusedWindowType:8183 com.android.server.wm.WindowManagerService.access$200:176 com.android.server.wm.WindowManagerService$H.handleMessage:7698 android.os.Handler.dispatchMessage:102 
07-26 15:01:16.302  4438  4454 W ContextImpl: Calling a method in the system process without a qualified user: android.app.ContextImpl.startService:1732 android.content.ContextWrapper.startService:516 com.honda.auto.linkmanager.helperservice.LMHelperCommService.startLMService:262 com.honda.auto.linkmanager.helperservice.LMHelperStateMachine$StateConnecting.enter:245 com.android.internal.util.StateMachine$SmHandler.invokeEnterMethods:1008 
07-26 15:01:16.329  2309  2569 I ActivityManager: Start proc 5097:com.honda.auto.linkmanager.helperservice:lmsrv/1000 for service com.honda.auto.linkmanager.helperservice/uie.linkmanager.LinkManagerService
07-26 15:01:16.330  4438  4454 W ContextImpl: Calling a method in the system process without a qualified user: android.app.ContextImpl.bindService:1796 android.content.ContextWrapper.bindService:539 com.honda.auto.linkmanager.helperservice.LMHelperCommService.startLMService:267 com.honda.auto.linkmanager.helperservice.LMHelperStateMachine$StateConnecting.enter:245 com.android.internal.util.StateMachine$SmHandler.invokeEnterMethods:1008 
07-26 15:01:16.366  5097  5097 W ResourcesManager: Asset path '/system/framework/com.honda.auto.linkmanager.jar' does not exist or contains no resources.
07-26 15:01:16.366  5097  5097 W ResourcesManager: Asset path '/system/framework/com.honda.ipod.jar' does not exist or contains no resources.
07-26 15:01:16.367  5097  5097 W ResourcesManager: Asset path '/system/framework/uie.linkmanager.jar' does not exist or contains no resources.
07-26 15:01:16.367  5097  5097 W ResourcesManager: Asset path '/system/framework/com.broadcom.bt.jar' does not exist or contains no resources.
07-26 15:01:16.367  5097  5097 W ResourcesManager: Asset path '/system/framework/com.honda.auto.btrfcomm.helper.jar' does not exist or contains no resources.
07-26 15:01:16.569  4438  4454 W ContextImpl: Calling a method in the system process without a qualified user: android.app.ContextImpl.stopService:1738 android.content.ContextWrapper.stopService:521 com.honda.auto.linkmanager.helperservice.LMHelperCommService.stopLMService:289 com.honda.auto.linkmanager.helperservice.LMHelperStateMachine$StateDisconnecting.enter:353 com.android.internal.util.StateMachine$SmHandler.invokeEnterMethods:1008 
07-26 15:01:16.703  2309  2512 I ActivityManager: Process com.honda.auto.linkmanager.helperservice:lmsrv (pid 5097) has died
07-26 15:01:19.131  2309  3175 I ActivityManager: START u0 {flg=0x8000 cmp=com.honda.tjba.phone/.ui.LandingPageActivity} from uid 10036 on display 0
07-26 15:01:19.140  2309  2355 W ContextImpl: Calling a method in the system process without a qualified user: android.app.ContextImpl.sendBroadcast:1367 com.android.server.wm.WindowManagerService.broadcastFocusedWindowType:8183 com.android.server.wm.WindowManagerService.access$200:176 com.android.server.wm.WindowManagerService$H.handleMessage:7698 android.os.Handler.dispatchMessage:102 
07-26 15:01:19.149  2309  3175 V WindowManager: addAppToken: AppWindowToken{22913013 token=Token{e9c0f02 ActivityRecord{3642684d u0 com.honda.tjba.phone/.ui.LandingPageActivity t8}}} to stack=1 task=8 at 1
07-26 15:01:19.162  2309  2325 W InputMethodManagerService: Focus gain on non-focused client com.android.internal.view.IInputMethodClient$Stub$Proxy@2d685f01 (uid=10036 pid=2558)
07-26 15:01:19.223  2309  2355 V WindowManager: Based on layer: Adding window Window{3040194e u0 Starting com.honda.tjba.phone} at 7 of 8
07-26 15:01:19.254  2309  3185 V WindowManager: Adding window Window{cbb637c u0 com.honda.tjba.phone/com.honda.tjba.phone.ui.LandingPageActivity} at 7 of 9 (before Window{3040194e u0 Starting com.honda.tjba.phone})
07-26 15:01:19.298  2309  2355 W ContextImpl: Calling a method in the system process without a qualified user: android.app.ContextImpl.sendBroadcast:1367 com.android.server.wm.WindowManagerService.broadcastFocusedWindowType:8183 com.android.server.wm.WindowManagerService.access$200:176 com.android.server.wm.WindowManagerService$H.handleMessage:7698 android.os.Handler.dispatchMessage:102 
07-26 15:01:19.505  2309  2539 V WindowManager: Adding window Window{2193b68 u0 com.honda.tjba.phone/com.honda.tjba.phone.ui.LandingPageActivity} at 7 of 10 (before Window{cbb637c u0 com.honda.tjba.phone/com.honda.tjba.phone.ui.LandingPageActivity})
07-26 15:01:19.696  2309  2355 W ContextImpl: Calling a method in the system process without a qualified user: android.app.ContextImpl.sendBroadcast:1367 com.android.server.wm.WindowManagerService.broadcastFocusedWindowType:8183 com.android.server.wm.WindowManagerService.access$200:176 com.android.server.wm.WindowManagerService$H.handleMessage:7698 android.os.Handler.dispatchMessage:102 
07-26 15:01:22.954  2814  2814 W ResourcesManager: Asset path '/system/framework/com.honda.ui.jar' does not exist or contains no resources.
07-26 15:01:22.966  2814  2814 W ResourcesManager: Asset path '/system/framework/com.honda.auto.navigation.jar' does not exist or contains no resources.
07-26 15:01:22.984  2814  2814 W ResourcesManager: Asset path '/system/framework/com.honda.ui.jar' does not exist or contains no resources.
07-26 15:01:22.990  2814  2814 W ResourcesManager: Asset path '/system/framework/com.honda.applicationsicon.jar' does not exist or contains no resources.
07-26 15:01:22.990  2814  2814 W ResourcesManager: Asset path '/system/framework/com.honda.ui.jar' does not exist or contains no resources.
07-26 15:01:22.990  2814  2814 W ResourcesManager: Asset path '/system/framework/com.broadcom.bt.jar' does not exist or contains no resources.
07-26 15:01:23.002  2814  2814 W ResourcesManager: Asset path '/system/framework/com.honda.touchbridge.jar' does not exist or contains no resources.
07-26 15:01:23.003  2814  2814 W ResourcesManager: Asset path '/system/framework/javax.obex.jar' does not exist or contains no resources.
07-26 15:01:23.003  2814  2814 W ResourcesManager: Asset path '/system/framework/com.honda.applicationsicon.jar' does not exist or contains no resources.
07-26 15:01:23.003  2814  2814 W ResourcesManager: Asset path '/system/framework/com.honda.ui.jar' does not exist or contains no resources.
07-26 15:01:23.003  2814  2814 W ResourcesManager: Asset path '/system/framework/com.broadcom.bt.jar' does not exist or contains no resources.
07-26 15:01:23.009  2814  2814 W ResourcesManager: Asset path '/system/framework/com.honda.ui.jar' does not exist or contains no resources.
07-26 15:01:23.009  2814  2814 W ResourcesManager: Asset path '/system/framework/com.broadcom.bt.jar' does not exist or contains no resources.
07-26 15:01:23.014  2814  2814 W ResourcesManager: Asset path '/system/framework/com.honda.ui.jar' does not exist or contains no resources.
07-26 15:01:23.014  2814  2814 W ResourcesManager: Asset path '/system/framework/com.broadcom.bt.jar' does not exist or contains no resources.
07-26 15:01:23.021  2814  2814 W ResourcesManager: Asset path '/system/framework/com.honda.ui.jar' does not exist or contains no resources.
07-26 15:01:23.028  2814  2814 W ResourcesManager: Asset path '/system/framework/com.honda.ipod.jar' does not exist or contains no resources.
07-26 15:01:23.028  2814  2814 W ResourcesManager: Asset path '/system/framework/com.honda.ui.jar' does not exist or contains no resources.
07-26 15:01:23.032  2814  2814 W ResourcesManager: Asset path '/system/framework/com.honda.ui.jar' does not exist or contains no resources.
07-26 15:01:26.251  2309  3176 V WindowManager: not Base app: Adding window Window{31584875 u0 com.honda.tjba.phone/com.honda.tjba.phone.ui.LandingPageActivity} at 8 of 9
07-26 15:01:26.252  2309  2355 W ContextImpl: Calling a method in the system process without a qualified user: android.app.ContextImpl.sendBroadcast:1367 com.android.server.wm.WindowManagerService.broadcastFocusedWindowType:8183 com.android.server.wm.WindowManagerService.access$200:176 com.android.server.wm.WindowManagerService$H.handleMessage:7698 android.os.Handler.dispatchMessage:102 
07-26 15:01:28.428  2309  3185 I ActivityManager: START u0 {act=action_return_favourite_contact_selected cmp=com.honda.tjba.phone/.ui.FavouriteContactsListActivity (has extras)} from uid 10037 on display 0
07-26 15:01:28.431  2309  3185 V WindowManager: addAppToken: AppWindowToken{2c1dbc44 token=Token{35295957 ActivityRecord{1ca9c2d6 u0 com.honda.tjba.phone/.ui.FavouriteContactsListActivity t8}}} to stack=1 task=8 at 1
07-26 15:01:28.634  2309  2569 V WindowManager: Adding window Window{1c7656ae u0 com.honda.tjba.phone/com.honda.tjba.phone.ui.FavouriteContactsListActivity} at 9 of 10 (after Window{31584875 u0 com.honda.tjba.phone/com.honda.tjba.phone.ui.LandingPageActivity EXITING})
07-26 15:01:28.675  2309  2355 W ContextImpl: Calling a method in the system process without a qualified user: android.app.ContextImpl.sendBroadcast:1367 com.android.server.wm.WindowManagerService.broadcastFocusedWindowType:8183 com.android.server.wm.WindowManagerService.access$200:176 com.android.server.wm.WindowManagerService$H.handleMessage:7698 android.os.Handler.dispatchMessage:102 
07-26 15:01:30.538  2309  3185 I ActivityManager: START u0 {act=action_search_activity_impl_for_result cmp=com.honda.tjba.phone/.ui.SearchActivityImpl (has extras)} from uid 10037 on display 0
07-26 15:01:30.540  2309  3185 V WindowManager: addAppToken: AppWindowToken{3d0abe74 token=Token{285d4647 ActivityRecord{14168d86 u0 com.honda.tjba.phone/.ui.SearchActivityImpl t8}}} to stack=1 task=8 at 2
07-26 15:01:30.770  2309  3177 I ActivityManager: Start proc 5186:com.honda.tjba.handwriting/u0a20 for service com.honda.tjba.handwriting/.service.HandwritingService
07-26 15:01:30.803  2309  2512 V WindowManager: Adding window Window{18d9885b u0 com.honda.tjba.phone/com.honda.tjba.phone.ui.SearchActivityImpl} at 9 of 10 (after Window{1c7656ae u0 com.honda.tjba.phone/com.honda.tjba.phone.ui.FavouriteContactsListActivity})
07-26 15:01:30.855  2309  2355 W ContextImpl: Calling a method in the system process without a qualified user: android.app.ContextImpl.sendBroadcast:1367 com.android.server.wm.WindowManagerService.broadcastFocusedWindowType:8183 com.android.server.wm.WindowManagerService.access$200:176 com.android.server.wm.WindowManagerService$H.handleMessage:7698 android.os.Handler.dispatchMessage:102 
07-26 15:01:41.272  2309  2569 I ActivityManager: START u0 {act=action_return_contact_card_contact_selected cmp=com.honda.tjba.phone/.ui.ContactCardActivity (has extras)} from uid 10037 on display 0
07-26 15:01:41.277  2309  2569 V WindowManager: addAppToken: AppWindowToken{15f98dc2 token=Token{a3faa0d ActivityRecord{3214aca4 u0 com.honda.tjba.phone/.ui.ContactCardActivity t8}}} to stack=1 task=8 at 3
07-26 15:01:41.432  2309  3175 V WindowManager: Adding window Window{3701ee2f u0 com.honda.tjba.phone/com.honda.tjba.phone.ui.ContactCardActivity} at 10 of 11 (after Window{18d9885b u0 com.honda.tjba.phone/com.honda.tjba.phone.ui.SearchActivityImpl})
07-26 15:01:41.469  2309  2355 W ContextImpl: Calling a method in the system process without a qualified user: android.app.ContextImpl.sendBroadcast:1367 com.android.server.wm.WindowManagerService.broadcastFocusedWindowType:8183 com.android.server.wm.WindowManagerService.access$200:176 com.android.server.wm.WindowManagerService$H.handleMessage:7698 android.os.Handler.dispatchMessage:102 
07-26 15:01:42.854  2309  2355 W ContextImpl: Calling a method in the system process without a qualified user: android.app.ContextImpl.sendBroadcast:1367 com.android.server.wm.WindowManagerService.broadcastFocusedWindowType:8183 com.android.server.wm.WindowManagerService.access$200:176 com.android.server.wm.WindowManagerService$H.handleMessage:7698 android.os.Handler.dispatchMessage:102 
07-26 15:01:42.995  2309  2465 D Watchdog: Android watchdog is alive!!!
07-26 15:01:45.732  2814  2814 W ResourcesManager: Asset path '/system/framework/com.honda.ui.jar' does not exist or contains no resources.
07-26 15:01:45.736  2814  2814 W ResourcesManager: Asset path '/system/framework/com.honda.auto.navigation.jar' does not exist or contains no resources.
07-26 15:01:45.747  2814  2814 W ResourcesManager: Asset path '/system/framework/com.honda.ui.jar' does not exist or contains no resources.
07-26 15:01:45.749  2814  2814 W ResourcesManager: Asset path '/system/framework/com.honda.applicationsicon.jar' does not exist or contains no resources.
07-26 15:01:45.749  2814  2814 W ResourcesManager: Asset path '/system/framework/com.honda.ui.jar' does not exist or contains no resources.
07-26 15:01:45.749  2814  2814 W ResourcesManager: Asset path '/system/framework/com.broadcom.bt.jar' does not exist or contains no resources.
07-26 15:01:45.753  2814  2814 W ResourcesManager: Asset path '/system/framework/com.honda.touchbridge.jar' does not exist or contains no resources.
07-26 15:01:45.753  2814  2814 W ResourcesManager: Asset path '/system/framework/javax.obex.jar' does not exist or contains no resources.
07-26 15:01:45.753  2814  2814 W ResourcesManager: Asset path '/system/framework/com.honda.applicationsicon.jar' does not exist or contains no resources.
07-26 15:01:45.753  2814  2814 W ResourcesManager: Asset path '/system/framework/com.honda.ui.jar' does not exist or contains no resources.
07-26 15:01:45.753  2814  2814 W ResourcesManager: Asset path '/system/framework/com.broadcom.bt.jar' does not exist or contains no resources.
07-26 15:01:45.757  2814  2814 W ResourcesManager: Asset path '/system/framework/com.honda.ui.jar' does not exist or contains no resources.
07-26 15:01:45.757  2814  2814 W ResourcesManager: Asset path '/system/framework/com.broadcom.bt.jar' does not exist or contains no resources.
07-26 15:01:45.760  2814  2814 W ResourcesManager: Asset path '/system/framework/com.honda.ui.jar' does not exist or contains no resources.
07-26 15:01:45.760  2814  2814 W ResourcesManager: Asset path '/system/framework/com.broadcom.bt.jar' does not exist or contains no resources.
07-26 15:01:45.763  2814  2814 W ResourcesManager: Asset path '/system/framework/com.honda.ui.jar' does not exist or contains no resources.
07-26 15:01:45.768  2814  2814 W ResourcesManager: Asset path '/system/framework/com.honda.ipod.jar' does not exist or contains no resources.
07-26 15:01:45.768  2814  2814 W ResourcesManager: Asset path '/system/framework/com.honda.ui.jar' does not exist or contains no resources.
07-26 15:01:45.772  2814  2814 W ResourcesManager: Asset path '/system/framework/com.honda.ui.jar' does not exist or contains no resources.
07-26 15:01:46.603  4438  4454 W ContextImpl: Calling a method in the system process without a qualified user: android.app.ContextImpl.startService:1732 android.content.ContextWrapper.startService:516 com.honda.auto.linkmanager.helperservice.LMHelperCommService.startLMService:262 com.honda.auto.linkmanager.helperservice.LMHelperStateMachine$StateConnecting.enter:245 com.android.internal.util.StateMachine$SmHandler.invokeEnterMethods:1008 
07-26 15:01:46.685  2309  3175 I ActivityManager: Start proc 5618:com.honda.auto.linkmanager.helperservice:lmsrv/1000 for service com.honda.auto.linkmanager.helperservice/uie.linkmanager.LinkManagerService
07-26 15:01:46.686  4438  4454 W ContextImpl: Calling a method in the system process without a qualified user: android.app.ContextImpl.bindService:1796 android.content.ContextWrapper.bindService:539 com.honda.auto.linkmanager.helperservice.LMHelperCommService.startLMService:267 com.honda.auto.linkmanager.helperservice.LMHelperStateMachine$StateConnecting.enter:245 com.android.internal.util.StateMachine$SmHandler.invokeEnterMethods:1008 
07-26 15:01:46.740  5618  5618 W ResourcesManager: Asset path '/system/framework/com.honda.auto.linkmanager.jar' does not exist or contains no resources.
07-26 15:01:46.740  5618  5618 W ResourcesManager: Asset path '/system/framework/com.honda.ipod.jar' does not exist or contains no resources.
07-26 15:01:46.742  5618  5618 W ResourcesManager: Asset path '/system/framework/uie.linkmanager.jar' does not exist or contains no resources.
07-26 15:01:46.743  5618  5618 W ResourcesManager: Asset path '/system/framework/com.broadcom.bt.jar' does not exist or contains no resources.
07-26 15:01:46.743  5618  5618 W ResourcesManager: Asset path '/system/framework/com.honda.auto.btrfcomm.helper.jar' does not exist or contains no resources.
07-26 15:01:46.952  4438  4454 W ContextImpl: Calling a method in the system process without a qualified user: android.app.ContextImpl.stopService:1738 android.content.ContextWrapper.stopService:521 com.honda.auto.linkmanager.helperservice.LMHelperCommService.stopLMService:289 com.honda.auto.linkmanager.helperservice.LMHelperStateMachine$StateDisconnecting.enter:353 com.android.internal.util.StateMachine$SmHandler.invokeEnterMethods:1008 
07-26 15:01:47.092  2309  2327 I ActivityManager: Process com.honda.auto.linkmanager.helperservice:lmsrv (pid 5618) has died
07-26 15:01:48.815  2309  2413 I ActivityManager: START u0 {act=android.intent.action.MAIN cat=[android.intent.category.HOME] flg=0x10200000 cmp=com.honda.tjba.launcher/.ui.HomeActivity} from uid 1000 on display 0
07-26 15:01:48.871  2309  2355 W ContextImpl: Calling a method in the system process without a qualified user: android.app.ContextImpl.sendBroadcast:1367 com.android.server.wm.WindowManagerService.broadcastFocusedWindowType:8183 com.android.server.wm.WindowManagerService.access$200:176 com.android.server.wm.WindowManagerService$H.handleMessage:7698 android.os.Handler.dispatchMessage:102 
07-26 15:01:52.359  2309  3176 I ActivityManager: START u0 {flg=0x8000 cmp=com.honda.tjba.phone/com.honda.tjba.sms.ui.SmsLandingPageActivity} from uid 10036 on display 0
07-26 15:01:52.370  2309  3176 V WindowManager: addAppToken: AppWindowToken{3339616e token=Token{b0910e9 ActivityRecord{3ff23570 u0 com.honda.tjba.phone/com.honda.tjba.sms.ui.SmsLandingPageActivity t7}}} to stack=1 task=7 at 1
07-26 15:01:52.443  2309  2355 V WindowManager: Adding window Window{14d8d2a5 u0 Starting com.honda.tjba.phone} at 8 of 10 (after Window{2193b68 u0 com.honda.tjba.phone/com.honda.tjba.phone.ui.LandingPageActivity})
07-26 15:01:52.729  2309  3177 V WindowManager: Adding window Window{1fffb15d u0 com.honda.tjba.phone/com.honda.tjba.sms.ui.SmsLandingPageActivity} at 8 of 11 (before Window{14d8d2a5 u0 Starting com.honda.tjba.phone})
07-26 15:01:52.757  2309  2355 W ContextImpl: Calling a method in the system process without a qualified user: android.app.ContextImpl.sendBroadcast:1367 com.android.server.wm.WindowManagerService.broadcastFocusedWindowType:8183 com.android.server.wm.WindowManagerService.access$200:176 com.android.server.wm.WindowManagerService$H.handleMessage:7698 android.os.Handler.dispatchMessage:102 
07-26 15:01:58.555  2309  2327 I ActivityManager: START u0 {act=android.intent.action.MAIN cat=[android.intent.category.HOME] flg=0x14000000 cmp=com.honda.tjba.launcher/.ui.HomeActivity} from uid 10037 on display 0
07-26 15:01:58.627  2309  2355 W ContextImpl: Calling a method in the system process without a qualified user: android.app.ContextImpl.sendBroadcast:1367 com.android.server.wm.WindowManagerService.broadcastFocusedWindowType:8183 com.android.server.wm.WindowManagerService.access$200:176 com.android.server.wm.WindowManagerService$H.handleMessage:7698 android.os.Handler.dispatchMessage:102 
07-26 15:02:01.503  2309  3176 I ActivityManager: START u0 {flg=0x8000 cmp=com.honda.tjba.phone/com.honda.tjba.sms.ui.SmsLandingPageActivity} from uid 10036 on display 0
