07-26 15:13:52.663  3313  3342 I force_gc: Binder
07-26 15:13:53.412  2309  2327 I am_proc_start: [0,7567,1000,com.honda.auto.linkmanager.helperservice:lmsrv,service,com.honda.auto.linkmanager.helperservice/uie.linkmanager.LinkManagerService]
07-26 15:13:53.436  2309  2623 I am_proc_bound: [0,7567,com.honda.auto.linkmanager.helperservice:lmsrv]
07-26 15:13:54.072  2309  3177 I am_proc_died: [0,7567,com.honda.auto.linkmanager.helperservice:lmsrv]
07-26 15:14:22.281  2309  2539 I force_gc: Binder
07-26 15:14:22.354  4518  4538 I force_gc: Binder
07-26 15:14:22.748  3313  3427 I force_gc: Binder
07-26 15:14:24.032  2309  3177 I am_proc_start: [0,7650,1000,com.honda.auto.linkmanager.helperservice:lmsrv,service,com.honda.auto.linkmanager.helperservice/uie.linkmanager.LinkManagerService]
07-26 15:14:24.063  2309  3176 I am_proc_bound: [0,7650,com.honda.auto.linkmanager.helperservice:lmsrv]
07-26 15:14:24.302  2309  3175 I am_proc_died: [0,7650,com.honda.auto.linkmanager.helperservice:lmsrv]
07-26 15:14:52.105  2309  2539 I force_gc: Binder
07-26 15:14:52.674  3313  3345 I force_gc: Binder
07-26 15:14:52.736  2309  2325 I force_gc: Binder
07-26 15:14:54.296  2309  2623 I am_proc_start: [0,7730,1000,com.honda.auto.linkmanager.helperservice:lmsrv,service,com.honda.auto.linkmanager.helperservice/uie.linkmanager.LinkManagerService]
07-26 15:14:54.322  2309  2539 I am_proc_bound: [0,7730,com.honda.auto.linkmanager.helperservice:lmsrv]
07-26 15:14:54.592  2309  2512 I am_proc_died: [0,7730,com.honda.auto.linkmanager.helperservice:lmsrv]
07-26 15:15:21.050  2309  2309 I notification_enqueue: [10010,2495,com.android.systemui,-284765,NULL,0,Notification(pri=0 contentView=null vibrate=null sound=null defaults=0x0 flags=0x2 color=0x00000000 groupKey=honda_notification_icons_group vis=PRIVATE),1]
07-26 15:15:21.054  2309  2309 I notification_enqueue: [10010,2495,com.android.systemui,-284766,NULL,0,Notification(pri=0 contentView=null vibrate=null sound=null defaults=0x0 flags=0x2 color=0x00000000 groupKey=honda_notification_icons_group vis=PRIVATE),1]
07-26 15:15:22.278  4518  4538 I force_gc: Binder
07-26 15:15:22.547  2309  3177 I force_gc: Binder
07-26 15:15:22.728  3313  3342 I force_gc: Binder
07-26 15:15:24.555  2309  2570 I am_proc_start: [0,7810,1000,com.honda.auto.linkmanager.helperservice:lmsrv,service,com.honda.auto.linkmanager.helperservice/uie.linkmanager.LinkManagerService]
07-26 15:15:24.579  2309  3176 I am_proc_bound: [0,7810,com.honda.auto.linkmanager.helperservice:lmsrv]
07-26 15:15:24.792  2309  2325 I am_proc_died: [0,7810,com.honda.auto.linkmanager.helperservice:lmsrv]
07-26 15:15:52.312  2309  3176 I force_gc: Binder
07-26 15:15:52.677  3313  3345 I force_gc: Binder
07-26 15:15:54.772  2309  2325 I am_proc_start: [0,7890,1000,com.honda.auto.linkmanager.helperservice:lmsrv,service,com.honda.auto.linkmanager.helperservice/uie.linkmanager.LinkManagerService]
07-26 15:15:54.800  2309  3175 I am_proc_bound: [0,7890,com.honda.auto.linkmanager.helperservice:lmsrv]
07-26 15:15:55.052  2309  3185 I am_proc_died: [0,7890,com.honda.auto.linkmanager.helperservice:lmsrv]
07-26 15:16:07.129  2309  2309 I notification_enqueue: [10010,2495,com.android.systemui,-284765,NULL,0,Notification(pri=0 contentView=null vibrate=null sound=null defaults=0x0 flags=0x2 color=0x00000000 groupKey=honda_notification_icons_group vis=PRIVATE),1]
07-26 15:16:07.136  2309  2309 I notification_enqueue: [10010,2495,com.android.systemui,-284766,NULL,0,Notification(pri=0 contentView=null vibrate=null sound=null defaults=0x0 flags=0x2 color=0x00000000 groupKey=honda_notification_icons_group vis=PRIVATE),1]
07-26 15:16:22.142  2309  2325 I force_gc: Binder
07-26 15:16:22.358  4518  4538 I force_gc: Binder
07-26 15:16:22.689  3313  3428 I force_gc: Binder
07-26 15:16:22.772  2309  2623 I force_gc: Binder
07-26 15:16:25.033  2309  3177 I am_proc_start: [0,7973,1000,com.honda.auto.linkmanager.helperservice:lmsrv,service,com.honda.auto.linkmanager.helperservice/uie.linkmanager.LinkManagerService]
07-26 15:16:25.065  2309  2327 I am_proc_bound: [0,7973,com.honda.auto.linkmanager.helperservice:lmsrv]
07-26 15:16:25.311  2309  2623 I am_proc_died: [0,7973,com.honda.auto.linkmanager.helperservice:lmsrv]
07-26 15:16:52.511  2309  2616 I force_gc: Binder
07-26 15:16:52.671  3313  3345 I force_gc: Binder
07-26 15:16:55.281  2309  2325 I am_proc_start: [0,8053,1000,com.honda.auto.linkmanager.helperservice:lmsrv,service,com.honda.auto.linkmanager.helperservice/uie.linkmanager.LinkManagerService]
07-26 15:16:55.311  2309  3176 I am_proc_bound: [0,8053,com.honda.auto.linkmanager.helperservice:lmsrv]
07-26 15:16:55.582  2309  2616 I am_proc_died: [0,8053,com.honda.auto.linkmanager.helperservice:lmsrv]
07-26 15:17:22.292  4518  4538 I force_gc: Binder
07-26 15:17:22.410  2309  2512 I force_gc: Binder
07-26 15:17:22.736  3313  3387 I force_gc: Binder
07-26 15:17:25.560  2309  2657 I am_proc_start: [0,8134,1000,com.honda.auto.linkmanager.helperservice:lmsrv,service,com.honda.auto.linkmanager.helperservice/uie.linkmanager.LinkManagerService]
07-26 15:17:25.585  2309  2327 I am_proc_bound: [0,8134,com.honda.auto.linkmanager.helperservice:lmsrv]
07-26 15:17:25.802  2309  2325 I am_proc_died: [0,8134,com.honda.auto.linkmanager.helperservice:lmsrv]
07-26 15:17:52.171  2309  3177 I force_gc: Binder
07-26 15:17:52.670  3313  6215 I force_gc: Binder
07-26 15:17:52.793  2309  2539 I force_gc: Binder
07-26 15:17:55.808  2309  3177 I am_proc_start: [0,8214,1000,com.honda.auto.linkmanager.helperservice:lmsrv,service,com.honda.auto.linkmanager.helperservice/uie.linkmanager.LinkManagerService]
07-26 15:17:55.835  2309  2616 I am_proc_bound: [0,8214,com.honda.auto.linkmanager.helperservice:lmsrv]
07-26 15:17:56.072  2309  2539 I am_proc_died: [0,8214,com.honda.auto.linkmanager.helperservice:lmsrv]
07-26 15:18:19.411  2309  2309 I notification_enqueue: [10010,2495,com.android.systemui,-284768,NULL,0,Notification(pri=0 contentView=null vibrate=null sound=null defaults=0x0 flags=0x2 color=0x00000000 groupKey=honda_notification_icons_group vis=PRIVATE),0]
07-26 15:18:19.474  3051  3051 I auditd  : type=1400 audit(0.0:19): avc: denied { write } for comm="a.tjba.usbaudio" name="property_service" dev="tmpfs" ino=1434 scontext=u:r:platform_app:s0 tcontext=u:object_r:property_socket:s0 tclass=sock_file permissive=1
07-26 15:18:19.474  3051  3051 I auditd  : type=1400 audit(0.0:20): avc: denied { connectto } for comm="a.tjba.usbaudio" path="/dev/socket/property_service" scontext=u:r:platform_app:s0 tcontext=u:r:init:s0 tclass=unix_stream_socket permissive=1
07-26 15:18:19.495  2309  2309 I notification_cancel: [10010,2495,com.android.systemui,-284768,NULL,0,0,64,8,NULL]
07-26 15:18:19.495  2309  2309 I notification_canceled: [0|com.android.systemui|-284768|null|10010,8]
07-26 15:18:19.982  2309  2309 I notification_enqueue: [10010,2495,com.android.systemui,-284768,NULL,0,Notification(pri=0 contentView=null vibrate=null sound=null defaults=0x0 flags=0x2 color=0x00000000 groupKey=honda_notification_icons_group vis=PRIVATE),0]
07-26 15:18:19.995  2309  2570 I am_home_stack_moved: [0,0,1,1,startingNewTask]
07-26 15:18:19.995  2309  2570 I wm_task_moved: [10,1,5]
07-26 15:18:20.000  2309  2570 I am_create_task: [0,11]
07-26 15:18:20.000  2309  2570 I am_create_activity: [0,508563065,11,com.honda.androidauto.projection.sink/.ui.ProjectionActivity,NULL,NULL,NULL,268435456]
07-26 15:18:20.001  2309  2570 I wm_task_created: [11,1]
07-26 15:18:20.001  2309  2570 I wm_task_moved: [11,1,6]
07-26 15:18:20.002  2309  2570 I am_pause_activity: [0,482506687,com.honda.tjba.launcher/.ui.HomeActivity]
07-26 15:18:20.012  2309  2570 I am_home_stack_moved: [0,0,1,1,startedActivity setFocusedActivity]
07-26 15:18:20.012  2309  2570 I am_focused_activity: [0,com.honda.androidauto.projection.sink/.ui.ProjectionActivity]
07-26 15:18:20.016  2558  2558 I am_on_paused_called: [0,com.honda.tjba.launcher.ui.HomeActivity]
07-26 15:18:20.021  2309  3176 I am_restart_activity: [0,508563065,11,com.honda.androidauto.projection.sink/.ui.ProjectionActivity]
07-26 15:18:20.191  2309  2623 I wm_task_moved: [11,0,0]
07-26 15:18:20.192  2309  2623 I am_home_stack_moved: [0,1,0,0,moveTaskToBack]
07-26 15:18:20.192  2309  2623 I wm_task_moved: [1,1,0]
07-26 15:18:20.193  2309  2623 I am_home_stack_moved: [0,1,0,0,moveTaskToBack setFocusedActivity]
07-26 15:18:20.193  2309  2623 I am_focused_activity: [0,com.honda.tjba.launcher/.ui.HomeActivity]
07-26 15:18:20.194  2309  2623 I am_pause_activity: [0,508563065,com.honda.androidauto.projection.sink/.ui.ProjectionActivity]
07-26 15:18:20.201  2477  2477 I am_on_resume_called: [0,com.honda.androidauto.projection.sink.ui.ProjectionActivity]
07-26 15:18:20.228  2309  2309 I notification_enqueue: [10010,2495,com.android.systemui,-284765,NULL,0,Notification(pri=0 contentView=null vibrate=null sound=null defaults=0x0 flags=0x2 color=0x00000000 groupKey=honda_notification_icons_group vis=PRIVATE),1]
07-26 15:18:20.235  2309  2309 I notification_enqueue: [10010,2495,com.android.systemui,-284766,NULL,0,Notification(pri=0 contentView=null vibrate=null sound=null defaults=0x0 flags=0x2 color=0x00000000 groupKey=honda_notification_icons_group vis=PRIVATE),1]
07-26 15:18:20.241  2477  2477 I am_on_paused_called: [0,com.honda.androidauto.projection.sink.ui.ProjectionActivity]
07-26 15:18:20.243  2309  3177 I am_resume_activity: [0,482506687,1,com.honda.tjba.launcher/.ui.HomeActivity]
07-26 15:18:20.358  2558  2558 I am_on_resume_called: [0,com.honda.tjba.launcher.ui.HomeActivity]
07-26 15:18:22.333  4518  4538 I force_gc: Binder
07-26 15:18:22.609  2309  2700 I force_gc: Binder
07-26 15:18:22.916  3313  3342 I force_gc: Binder
07-26 15:18:26.051  2309  2570 I am_proc_start: [0,8336,1000,com.honda.auto.linkmanager.helperservice:lmsrv,service,com.honda.auto.linkmanager.helperservice/uie.linkmanager.LinkManagerService]
07-26 15:18:26.088  2309  3175 I am_proc_bound: [0,8336,com.honda.auto.linkmanager.helperservice:lmsrv]
07-26 15:18:26.689  2309  2325 I am_proc_died: [0,8336,com.honda.auto.linkmanager.helperservice:lmsrv]
07-26 15:18:33.944  2309  2327 I am_home_stack_moved: [0,0,1,1,intentActivityFound]
07-26 15:18:33.944  2309  2327 I wm_task_moved: [10,1,6]
07-26 15:18:33.947  2309  2327 I am_home_stack_moved: [0,0,1,1,bringingFoundTaskToFront]
07-26 15:18:33.947  2309  2327 I wm_task_moved: [11,1,6]
07-26 15:18:33.950  2309  2327 I am_pause_activity: [0,482506687,com.honda.tjba.launcher/.ui.HomeActivity]
07-26 15:18:33.951  2309  2327 I am_task_to_front: [0,11]
07-26 15:18:33.951  2309  2327 I am_new_intent: [0,805356848,11,com.honda.androidauto.projection.sink/.ui.ProjectionActivity,NULL,NULL,NULL,339738624]
07-26 15:18:33.953  2558  2558 I am_on_paused_called: [0,com.honda.tjba.launcher.ui.HomeActivity]
07-26 15:18:33.957  2309  2657 I am_resume_activity: [0,508563065,11,com.honda.androidauto.projection.sink/.ui.ProjectionActivity]
07-26 15:18:33.982  2477  2477 I am_on_resume_called: [0,com.honda.androidauto.projection.sink.ui.ProjectionActivity]
07-26 15:18:34.687  1837  1837 I sf_frame_dur: [com.honda.tjba.launcher/com.honda.tjba.launcher.ui.HomeActivity,98,20,10,20,12,4,12]
07-26 15:18:37.661  2309  2309 I notification_enqueue: [1000,2477,com.honda.androidauto.projection.sink,511513,NULL,0,Notification(pri=0 contentView=com.honda.androidauto.projection.sink/0x109007b vibrate=null sound=null defaults=0x0 flags=0x40 color=0x00000000 vis=PRIVATE),0]
07-26 15:18:37.672  2309  2309 I notification_cancel: [10010,2495,com.honda.androidauto.projection.sink,511513,NULL,0,0,66,2,NULL]
07-26 15:18:37.765  2309  2309 I notification_enqueue: [1000,2965,com.honda.telephonyservice,4660,NULL,0,Notification(pri=0 contentView=null vibrate=null sound=null defaults=0x0 flags=0x0 color=0x00000000 category=call vis=PRIVATE),0]
07-26 15:18:37.796  2309  2309 I notification_cancel: [10010,2495,com.honda.telephonyservice,4660,NULL,0,0,66,2,NULL]
07-26 15:18:37.797  2309  2309 I notification_canceled: [0|com.honda.telephonyservice|4660|null|1000,2]
07-26 15:18:38.247  2309  2309 I notification_enqueue: [1000,2965,com.honda.telephonyservice,4660,NULL,0,Notification(pri=0 contentView=null vibrate=null sound=null defaults=0x0 flags=0x0 color=0x00000000 category=call vis=PRIVATE),0]
07-26 15:18:38.347  2309  2309 I notification_cancel: [10010,2495,com.honda.telephonyservice,4660,NULL,0,0,66,2,NULL]
07-26 15:18:38.347  2309  2309 I notification_canceled: [0|com.honda.telephonyservice|4660|null|1000,2]
07-26 15:18:38.735  2309  2309 I notification_enqueue: [10010,2495,com.android.systemui,-284765,NULL,0,Notification(pri=0 contentView=null vibrate=null sound=null defaults=0x0 flags=0x2 color=0x00000000 groupKey=honda_notification_icons_group vis=PRIVATE),1]
07-26 15:18:38.741  2309  2309 I notification_enqueue: [10010,2495,com.android.systemui,-284766,NULL,0,Notification(pri=0 contentView=null vibrate=null sound=null defaults=0x0 flags=0x2 color=0x00000000 groupKey=honda_notification_icons_group vis=PRIVATE),1]
07-26 15:18:40.250  2309  2309 I notification_enqueue: [10010,2495,com.android.systemui,-284765,NULL,0,Notification(pri=0 contentView=null vibrate=null sound=null defaults=0x0 flags=0x2 color=0x00000000 groupKey=honda_notification_icons_group vis=PRIVATE),1]
07-26 15:18:40.257  2309  2309 I notification_enqueue: [10010,2495,com.android.systemui,-284766,NULL,0,Notification(pri=0 contentView=null vibrate=null sound=null defaults=0x0 flags=0x2 color=0x00000000 groupKey=honda_notification_icons_group vis=PRIVATE),1]
07-26 15:18:41.728  2309  2309 I notification_enqueue: [1000,2965,com.honda.telephonyservice,4660,NULL,0,Notification(pri=0 contentView=null vibrate=null sound=null defaults=0x0 flags=0x0 color=0x00000000 category=call vis=PRIVATE),0]
07-26 15:18:41.782  2309  2309 I notification_cancel: [10010,2495,com.honda.telephonyservice,4660,NULL,0,0,66,2,NULL]
07-26 15:18:41.783  2309  2309 I notification_canceled: [0|com.honda.telephonyservice|4660|null|1000,2]
07-26 15:18:41.825  2309  2616 I force_gc: Binder
07-26 15:18:42.290  2309  2309 I notification_cancel: [1000,2309,com.honda.androidauto.projection.sink,511513,NULL,0,0,0,8,NULL]
07-26 15:18:42.290  2309  2309 I notification_canceled: [0|com.honda.androidauto.projection.sink|511513|null|1000,8]
07-26 15:18:42.312  2309  2309 I notification_enqueue: [10040,3051,com.honda.tjba.usbaudio,-1836721132,NULL,0,Notification(pri=0 contentView=com.honda.tjba.usbaudio/0x109007b vibrate=null sound=null defaults=0x0 flags=0x40 color=0x00000000 vis=PRIVATE),1]
07-26 15:18:42.345  2309  2309 I notification_cancel: [10010,2495,com.honda.tjba.usbaudio,-1836721132,NULL,0,0,66,2,NULL]
07-26 15:18:44.769  2309  2623 I notification_clicked: 0|com.honda.telephonyservice|4660|null|1000
07-26 15:18:44.770  2309  2309 I notification_cancel: [10010,2495,com.honda.telephonyservice,4660,NULL,0,0,66,2,NULL]
07-26 15:18:49.509  2309  2309 I notification_enqueue: [1000,2477,com.honda.androidauto.projection.sink,511513,NULL,0,Notification(pri=0 contentView=com.honda.androidauto.projection.sink/0x109007b vibrate=null sound=null defaults=0x0 flags=0x40 color=0x00000000 vis=PRIVATE),0]
07-26 15:18:49.520  2309  2309 I notification_cancel: [10010,2495,com.honda.androidauto.projection.sink,511513,NULL,0,0,66,2,NULL]
07-26 15:18:49.694  2309  2309 I notification_enqueue: [1000,2965,com.honda.telephonyservice,4660,NULL,0,Notification(pri=0 contentView=null vibrate=null sound=null defaults=0x0 flags=0x0 color=0x00000000 category=call vis=PRIVATE),0]
07-26 15:18:49.739  2309  2309 I notification_cancel: [10010,2495,com.honda.telephonyservice,4660,NULL,0,0,66,2,NULL]
07-26 15:18:49.739  2309  2309 I notification_canceled: [0|com.honda.telephonyservice|4660|null|1000,2]
07-26 15:18:50.118  2309  2309 I notification_enqueue: [1000,2965,com.honda.telephonyservice,4660,NULL,0,Notification(pri=0 contentView=null vibrate=null sound=null defaults=0x0 flags=0x0 color=0x00000000 category=call vis=PRIVATE),0]
07-26 15:18:50.147  2309  2309 I notification_cancel: [10010,2495,com.honda.telephonyservice,4660,NULL,0,0,66,2,NULL]
07-26 15:18:50.147  2309  2309 I notification_canceled: [0|com.honda.telephonyservice|4660|null|1000,2]
07-26 15:18:52.822  2309  2309 I notification_enqueue: [10010,2495,com.android.systemui,-284765,NULL,0,Notification(pri=0 contentView=null vibrate=null sound=null defaults=0x0 flags=0x2 color=0x00000000 groupKey=honda_notification_icons_group vis=PRIVATE),1]
07-26 15:18:52.830  2309  2309 I notification_enqueue: [10010,2495,com.android.systemui,-284766,NULL,0,Notification(pri=0 contentView=null vibrate=null sound=null defaults=0x0 flags=0x2 color=0x00000000 groupKey=honda_notification_icons_group vis=PRIVATE),1]
07-26 15:18:52.856  2309  2657 I force_gc: Binder
07-26 15:18:52.968  3313  3342 I force_gc: Binder
07-26 15:18:55.201  2309  2309 I notification_enqueue: [10010,2495,com.android.systemui,-284765,NULL,0,Notification(pri=0 contentView=null vibrate=null sound=null defaults=0x0 flags=0x2 color=0x00000000 groupKey=honda_notification_icons_group vis=PRIVATE),1]
07-26 15:18:55.211  2309  2309 I notification_enqueue: [10010,2495,com.android.systemui,-284766,NULL,0,Notification(pri=0 contentView=null vibrate=null sound=null defaults=0x0 flags=0x2 color=0x00000000 groupKey=honda_notification_icons_group vis=PRIVATE),1]
07-26 15:18:55.382  2309  2309 I notification_enqueue: [10010,2495,com.android.systemui,-284765,NULL,0,Notification(pri=0 contentView=null vibrate=null sound=null defaults=0x0 flags=0x2 color=0x00000000 groupKey=honda_notification_icons_group vis=PRIVATE),1]
07-26 15:18:55.386  2309  2309 I notification_enqueue: [10010,2495,com.android.systemui,-284766,NULL,0,Notification(pri=0 contentView=null vibrate=null sound=null defaults=0x0 flags=0x2 color=0x00000000 groupKey=honda_notification_icons_group vis=PRIVATE),1]
07-26 15:18:56.256  2309  2539 I am_proc_start: [0,8449,1000,com.honda.auto.linkmanager.helperservice:lmsrv,service,com.honda.auto.linkmanager.helperservice/uie.linkmanager.LinkManagerService]
07-26 15:18:56.292  2309  3175 I am_proc_bound: [0,8449,com.honda.auto.linkmanager.helperservice:lmsrv]
07-26 15:18:56.742  2309  2657 I am_proc_died: [0,8449,com.honda.auto.linkmanager.helperservice:lmsrv]
07-26 15:19:01.606  2309  2413 I am_home_stack_moved: [0,1,0,0,intentActivityFound]
07-26 15:19:01.606  2309  2413 I wm_task_moved: [1,1,0]
07-26 15:19:01.608  2309  2413 I am_home_stack_moved: [0,1,0,0,bringingFoundTaskToFront]
07-26 15:19:01.608  2309  2413 I wm_task_moved: [1,1,0]
07-26 15:19:01.610  2309  2413 I am_pause_activity: [0,508563065,com.honda.androidauto.projection.sink/.ui.ProjectionActivity]
07-26 15:19:01.612  2309  2413 I am_task_to_front: [0,1]
07-26 15:19:01.612  2309  2413 I am_new_intent: [0,767571539,1,com.honda.tjba.launcher/.ui.HomeActivity,android.intent.action.MAIN,NULL,NULL,274726912]
07-26 15:19:01.841  2477  2477 I am_on_paused_called: [0,com.honda.androidauto.projection.sink.ui.ProjectionActivity]
07-26 15:19:01.845  2309  2327 I am_resume_activity: [0,482506687,1,com.honda.tjba.launcher/.ui.HomeActivity]
07-26 15:19:01.866  2558  2558 I am_on_resume_called: [0,com.honda.tjba.launcher.ui.HomeActivity]
07-26 15:19:03.455  2309  2623 I am_home_stack_moved: [0,0,1,1,intentActivityFound]
07-26 15:19:03.455  2309  2623 I wm_task_moved: [11,1,6]
07-26 15:19:03.459  2309  2623 I am_home_stack_moved: [0,0,1,1,bringingFoundTaskToFront]
07-26 15:19:03.459  2309  2623 I wm_task_moved: [8,1,6]
07-26 15:19:03.461  2309  2623 I am_pause_activity: [0,482506687,com.honda.tjba.launcher/.ui.HomeActivity]
07-26 15:19:03.462  2309  2623 I am_task_to_front: [0,8]
07-26 15:19:03.462  2309  2623 I am_finish_activity: [0,910321741,8,com.honda.tjba.phone/.ui.LandingPageActivity,clear]
07-26 15:19:03.463  2309  2623 I am_destroy_activity: [0,910321741,8,com.honda.tjba.phone/.ui.LandingPageActivity,finish-imm]
07-26 15:19:03.465  2309  2623 I am_home_stack_moved: [0,0,1,1,startingNewTask]
07-26 15:19:03.465  2309  2623 I wm_task_moved: [8,1,6]
07-26 15:19:03.468  2309  2623 I am_create_task: [0,8]
07-26 15:19:03.468  2309  2623 I am_create_activity: [0,794447016,8,com.honda.tjba.phone/.ui.LandingPageActivity,NULL,NULL,NULL,272662528]
07-26 15:19:03.469  2309  2623 I wm_task_moved: [8,1,6]
07-26 15:19:03.472  2309  2623 I am_home_stack_moved: [0,0,1,1,startedActivity setFocusedActivity]
07-26 15:19:03.473  2309  2623 I am_focused_activity: [0,com.honda.tjba.phone/.ui.LandingPageActivity]
07-26 15:19:03.486  2558  2558 I am_on_paused_called: [0,com.honda.tjba.launcher.ui.HomeActivity]
07-26 15:19:03.489  2309  2325 I am_restart_activity: [0,794447016,8,com.honda.tjba.phone/.ui.LandingPageActivity]
07-26 15:19:03.902  2309  2327 I am_home_stack_moved: [0,0,1,1,sourceStackToFront]
07-26 15:19:03.902  2309  2327 I wm_task_moved: [8,1,6]
07-26 15:19:03.904  2309  2327 I am_create_activity: [0,447950142,8,com.honda.tjba.phone/.ui.InCallActivity,NULL,NULL,NULL,131072]
07-26 15:19:03.908  2309  2327 I am_pause_activity: [0,794447016,com.honda.tjba.phone/.ui.LandingPageActivity]
07-26 15:19:03.910  2309  2327 I am_home_stack_moved: [0,0,1,1,startedActivity setFocusedActivity]
07-26 15:19:03.911  2309  2327 I am_focused_activity: [0,com.honda.tjba.phone/.ui.InCallActivity]
07-26 15:19:03.933  2814  2814 I am_on_resume_called: [0,com.honda.tjba.phone.ui.LandingPageActivity]
07-26 15:19:04.091  2814  2814 I am_on_paused_called: [0,com.honda.tjba.phone.ui.LandingPageActivity]
07-26 15:19:04.092  2309  2327 I am_restart_activity: [0,447950142,8,com.honda.tjba.phone/.ui.InCallActivity]
07-26 15:19:04.155  1837  1837 I sf_frame_dur: [com.honda.tjba.launcher/com.honda.tjba.launcher.ui.HomeActivity,0,0,2,2,2,2,0]
07-26 15:19:04.182  2814  2814 I am_on_resume_called: [0,com.honda.tjba.phone.ui.InCallActivity]
07-26 15:19:04.375  2309  2355 I am_activity_launch_time: [0,447950142,com.honda.tjba.phone/.ui.InCallActivity,283,44357]
07-26 15:19:04.444  2309  2309 I notification_enqueue: [10010,2495,com.android.systemui,-284765,NULL,0,Notification(pri=0 contentView=null vibrate=null sound=null defaults=0x0 flags=0x2 color=0x00000000 groupKey=honda_notification_icons_group vis=PRIVATE),1]
07-26 15:19:04.451  2309  2309 I notification_enqueue: [10010,2495,com.android.systemui,-284766,NULL,0,Notification(pri=0 contentView=null vibrate=null sound=null defaults=0x0 flags=0x2 color=0x00000000 groupKey=honda_notification_icons_group vis=PRIVATE),1]
07-26 15:19:08.578  1837  1837 I sf_frame_dur: [HondaStatusBar,0,0,2,0,0,0,0]
07-26 15:19:10.582  2309  2309 I notification_enqueue: [1000,2965,com.honda.telephonyservice,4660,NULL,0,Notification(pri=0 contentView=null vibrate=null sound=null defaults=0x0 flags=0x0 color=0x00000000 category=call vis=PRIVATE),0]
07-26 15:19:10.601  2309  2309 I notification_cancel: [10010,2495,com.honda.telephonyservice,4660,NULL,0,0,66,2,NULL]
07-26 15:19:10.601  2309  2309 I notification_canceled: [0|com.honda.telephonyservice|4660|null|1000,2]
07-26 15:19:10.723  2309  2569 I force_gc: Binder
07-26 15:19:11.575  2309  2309 I notification_enqueue: [1000,2965,com.honda.telephonyservice,4660,NULL,0,Notification(pri=0 contentView=null vibrate=null sound=null defaults=0x0 flags=0x0 color=0x00000000 category=call vis=PRIVATE),0]
07-26 15:19:11.582  2309  2309 I notification_cancel: [10010,2495,com.honda.telephonyservice,4660,NULL,0,0,66,2,NULL]
07-26 15:19:11.583  2309  2309 I notification_canceled: [0|com.honda.telephonyservice|4660|null|1000,2]
07-26 15:19:12.579  2309  2309 I notification_enqueue: [1000,2965,com.honda.telephonyservice,4660,NULL,0,Notification(pri=0 contentView=null vibrate=null sound=null defaults=0x0 flags=0x0 color=0x00000000 category=call vis=PRIVATE),0]
07-26 15:19:12.585  2309  2309 I notification_cancel: [10010,2495,com.honda.telephonyservice,4660,NULL,0,0,66,2,NULL]
07-26 15:19:12.585  2309  2309 I notification_canceled: [0|com.honda.telephonyservice|4660|null|1000,2]
07-26 15:19:13.043  2309  2413 I am_home_stack_moved: [0,1,0,0,intentActivityFound]
07-26 15:19:13.043  2309  2413 I wm_task_moved: [1,1,0]
07-26 15:19:13.044  2309  2413 I am_home_stack_moved: [0,1,0,0,bringingFoundTaskToFront]
07-26 15:19:13.044  2309  2413 I wm_task_moved: [1,1,0]
07-26 15:19:13.046  2309  2413 I am_pause_activity: [0,447950142,com.honda.tjba.phone/.ui.InCallActivity]
07-26 15:19:13.047  2309  2413 I am_task_to_front: [0,1]
07-26 15:19:13.047  2309  2413 I am_new_intent: [0,215564040,1,com.honda.tjba.launcher/.ui.HomeActivity,android.intent.action.MAIN,NULL,NULL,274726912]
07-26 15:19:13.054  2814  2814 I am_on_paused_called: [0,com.honda.tjba.phone.ui.InCallActivity]
07-26 15:19:13.061  2309  2623 I am_resume_activity: [0,482506687,1,com.honda.tjba.launcher/.ui.HomeActivity]
07-26 15:19:13.091  2558  2558 I am_on_resume_called: [0,com.honda.tjba.launcher.ui.HomeActivity]
07-26 15:19:13.575  2309  2309 I notification_enqueue: [1000,2965,com.honda.telephonyservice,4660,NULL,0,Notification(pri=0 contentView=null vibrate=null sound=null defaults=0x0 flags=0x0 color=0x00000000 category=call vis=PRIVATE),0]
07-26 15:19:13.583  2309  2309 I notification_cancel: [10010,2495,com.honda.telephonyservice,4660,NULL,0,0,66,2,NULL]
07-26 15:19:13.585  2309  2309 I notification_canceled: [0|com.honda.telephonyservice|4660|null|1000,2]
07-26 15:19:13.809  1837  1837 I sf_frame_dur: [com.honda.tjba.phone/com.honda.tjba.phone.ui.InCallActivity,12,6,8,0,2,2,2]
07-26 15:19:14.386  2309  3185 I am_home_stack_moved: [0,0,1,1,intentActivityFound]
07-26 15:19:14.386  2309  3185 I wm_task_moved: [8,1,6]
07-26 15:19:14.390  2309  3185 I am_home_stack_moved: [0,0,1,1,bringingFoundTaskToFront]
07-26 15:19:14.390  2309  3185 I wm_task_moved: [11,1,6]
07-26 15:19:14.392  2309  3185 I am_pause_activity: [0,482506687,com.honda.tjba.launcher/.ui.HomeActivity]
07-26 15:19:14.393  2309  3185 I am_task_to_front: [0,11]
07-26 15:19:14.393  2309  3185 I am_new_intent: [0,340216337,11,com.honda.androidauto.projection.sink/.ui.ProjectionActivity,NULL,NULL,NULL,339738624]
07-26 15:19:14.395  2558  2558 I am_on_paused_called: [0,com.honda.tjba.launcher.ui.HomeActivity]
07-26 15:19:14.398  2309  3175 I am_resume_activity: [0,508563065,11,com.honda.androidauto.projection.sink/.ui.ProjectionActivity]
07-26 15:19:14.416  2477  2477 I am_on_resume_called: [0,com.honda.androidauto.projection.sink.ui.ProjectionActivity]
07-26 15:19:14.581  2309  2309 I notification_enqueue: [1000,2965,com.honda.telephonyservice,4660,NULL,0,Notification(pri=0 contentView=null vibrate=null sound=null defaults=0x0 flags=0x0 color=0x00000000 category=call vis=PRIVATE),0]
07-26 15:19:14.617  2309  2309 I notification_cancel: [10010,2495,com.honda.telephonyservice,4660,NULL,0,0,66,2,NULL]
07-26 15:19:14.618  2309  2309 I notification_canceled: [0|com.honda.telephonyservice|4660|null|1000,2]
07-26 15:19:15.127  1837  1837 I sf_frame_dur: [com.honda.tjba.launcher/com.honda.tjba.launcher.ui.HomeActivity,0,0,2,4,4,0,0]
07-26 15:19:15.574  2309  2309 I notification_enqueue: [1000,2965,com.honda.telephonyservice,4660,NULL,0,Notification(pri=0 contentView=null vibrate=null sound=null defaults=0x0 flags=0x0 color=0x00000000 category=call vis=PRIVATE),0]
07-26 15:19:15.582  2309  2309 I notification_cancel: [10010,2495,com.honda.telephonyservice,4660,NULL,0,0,66,2,NULL]
07-26 15:19:15.583  2309  2309 I notification_canceled: [0|com.honda.telephonyservice|4660|null|1000,2]
07-26 15:19:16.576  2309  2309 I notification_enqueue: [1000,2965,com.honda.telephonyservice,4660,NULL,0,Notification(pri=0 contentView=null vibrate=null sound=null defaults=0x0 flags=0x0 color=0x00000000 category=call vis=PRIVATE),0]
07-26 15:19:16.582  2309  2309 I notification_cancel: [10010,2495,com.honda.telephonyservice,4660,NULL,0,0,66,2,NULL]
07-26 15:19:16.583  2309  2309 I notification_canceled: [0|com.honda.telephonyservice|4660|null|1000,2]
07-26 15:19:17.575  2309  2309 I notification_enqueue: [1000,2965,com.honda.telephonyservice,4660,NULL,0,Notification(pri=0 contentView=null vibrate=null sound=null defaults=0x0 flags=0x0 color=0x00000000 category=call vis=PRIVATE),0]
07-26 15:19:17.586  2309  2309 I notification_cancel: [10010,2495,com.honda.telephonyservice,4660,NULL,0,0,66,2,NULL]
07-26 15:19:17.586  2309  2309 I notification_canceled: [0|com.honda.telephonyservice|4660|null|1000,2]
07-26 15:19:18.575  2309  2309 I notification_enqueue: [1000,2965,com.honda.telephonyservice,4660,NULL,0,Notification(pri=0 contentView=null vibrate=null sound=null defaults=0x0 flags=0x0 color=0x00000000 category=call vis=PRIVATE),0]
07-26 15:19:18.589  2309  2309 I notification_cancel: [10010,2495,com.honda.telephonyservice,4660,NULL,0,0,66,2,NULL]
07-26 15:19:18.589  2309  2309 I notification_canceled: [0|com.honda.telephonyservice|4660|null|1000,2]
07-26 15:19:18.747  2309  2309 I notification_enqueue: [1000,2965,com.honda.telephonyservice,4660,NULL,0,Notification(pri=0 contentView=null vibrate=null sound=null defaults=0x0 flags=0x0 color=0x00000000 category=call vis=PRIVATE),0]
07-26 15:19:18.765  2309  2309 I notification_cancel: [10010,2495,com.honda.telephonyservice,4660,NULL,0,0,66,2,NULL]
07-26 15:19:18.766  2309  2309 I notification_canceled: [0|com.honda.telephonyservice|4660|null|1000,2]
07-26 15:19:19.285  2309  2309 I notification_cancel: [1000,2309,com.honda.androidauto.projection.sink,511513,NULL,0,0,0,8,NULL]
07-26 15:19:19.285  2309  2309 I notification_canceled: [0|com.honda.androidauto.projection.sink|511513|null|1000,8]
07-26 15:19:19.306  2309  2309 I notification_enqueue: [10040,3051,com.honda.tjba.usbaudio,-1836721132,NULL,0,Notification(pri=0 contentView=com.honda.tjba.usbaudio/0x109007b vibrate=null sound=null defaults=0x0 flags=0x40 color=0x00000000 vis=PRIVATE),1]
07-26 15:19:19.324  2309  2309 I notification_cancel: [10010,2495,com.honda.tjba.usbaudio,-1836721132,NULL,0,0,66,2,NULL]
07-26 15:19:21.252  2309  2309 I notification_enqueue: [10010,2495,com.android.systemui,-284765,NULL,0,Notification(pri=0 contentView=null vibrate=null sound=null defaults=0x0 flags=0x2 color=0x00000000 groupKey=honda_notification_icons_group vis=PRIVATE),1]
07-26 15:19:21.259  2309  2309 I notification_enqueue: [10010,2495,com.android.systemui,-284766,NULL,0,Notification(pri=0 contentView=null vibrate=null sound=null defaults=0x0 flags=0x2 color=0x00000000 groupKey=honda_notification_icons_group vis=PRIVATE),1]
07-26 15:19:21.764  2309  2327 I notification_clicked: 0|com.honda.telephonyservice|4660|null|1000
07-26 15:19:21.765  2309  2309 I notification_cancel: [10010,2495,com.honda.telephonyservice,4660,NULL,0,0,66,2,NULL]
07-26 15:19:22.402  4518  4538 I force_gc: Binder
07-26 15:19:22.435  2309  2309 I notification_enqueue: [1000,2477,com.honda.androidauto.projection.sink,511513,NULL,0,Notification(pri=0 contentView=com.honda.androidauto.projection.sink/0x109007b vibrate=null sound=null defaults=0x0 flags=0x40 color=0x00000000 vis=PRIVATE),0]
07-26 15:19:22.443  2309  2309 I notification_cancel: [10010,2495,com.honda.androidauto.projection.sink,511513,NULL,0,0,66,2,NULL]
07-26 15:19:22.543  2309  2309 I notification_enqueue: [1000,2477,com.honda.androidauto.projection.sink,511513,NULL,0,Notification(pri=0 contentView=com.honda.androidauto.projection.sink/0x109007b vibrate=null sound=null defaults=0x0 flags=0x40 color=0x00000000 vis=PRIVATE),1]
07-26 15:19:22.565  2309  2309 I notification_cancel: [10010,2495,com.honda.androidauto.projection.sink,511513,NULL,0,0,66,2,NULL]
07-26 15:19:22.566  2309  2309 I notification_enqueue: [1000,2965,com.honda.telephonyservice,4660,NULL,0,Notification(pri=0 contentView=null vibrate=null sound=null defaults=0x0 flags=0x0 color=0x00000000 category=call vis=PRIVATE),0]
07-26 15:19:22.605  2309  2309 I notification_cancel: [10010,2495,com.honda.telephonyservice,4660,NULL,0,0,66,2,NULL]
07-26 15:19:22.607  2309  2309 I notification_canceled: [0|com.honda.telephonyservice|4660|null|1000,2]
07-26 15:19:22.954  2309  3175 I force_gc: Binder
07-26 15:19:23.199  2309  2309 I notification_enqueue: [1000,2965,com.honda.telephonyservice,4660,NULL,0,Notification(pri=0 contentView=null vibrate=null sound=null defaults=0x0 flags=0x0 color=0x00000000 category=call vis=PRIVATE),0]
07-26 15:19:23.217  2309  2309 I notification_cancel: [10010,2495,com.honda.telephonyservice,4660,NULL,0,0,66,2,NULL]
07-26 15:19:23.218  2309  2309 I notification_canceled: [0|com.honda.telephonyservice|4660|null|1000,2]
07-26 15:19:23.251  2965  8398 I force_gc: Binder
07-26 15:19:23.506  2309  2356 I dvm_lock_sample: [system_server,1,PowerManagerService,36,MessageQueue.java,145,-,323,7]
07-26 15:19:23.524  3313  3427 I force_gc: Binder
07-26 15:19:23.915  2309  2309 I notification_enqueue: [10010,2495,com.android.systemui,-284765,NULL,0,Notification(pri=0 contentView=null vibrate=null sound=null defaults=0x0 flags=0x2 color=0x00000000 groupKey=honda_notification_icons_group vis=PRIVATE),1]
07-26 15:19:23.924  2309  2309 I notification_enqueue: [10010,2495,com.android.systemui,-284766,NULL,0,Notification(pri=0 contentView=null vibrate=null sound=null defaults=0x0 flags=0x2 color=0x00000000 groupKey=honda_notification_icons_group vis=PRIVATE),1]
07-26 15:19:25.244  2309  2309 I notification_enqueue: [10010,2495,com.android.systemui,-284765,NULL,0,Notification(pri=0 contentView=null vibrate=null sound=null defaults=0x0 flags=0x2 color=0x00000000 groupKey=honda_notification_icons_group vis=PRIVATE),1]
07-26 15:19:25.248  2309  2309 I notification_enqueue: [10010,2495,com.android.systemui,-284766,NULL,0,Notification(pri=0 contentView=null vibrate=null sound=null defaults=0x0 flags=0x2 color=0x00000000 groupKey=honda_notification_icons_group vis=PRIVATE),1]
07-26 15:19:26.657  2309  2539 I am_proc_start: [0,8565,1000,com.honda.auto.linkmanager.helperservice:lmsrv,service,com.honda.auto.linkmanager.helperservice/uie.linkmanager.LinkManagerService]
07-26 15:19:26.691  2309  2512 I am_proc_bound: [0,8565,com.honda.auto.linkmanager.helperservice:lmsrv]
07-26 15:19:27.012  2309  2700 I am_proc_died: [0,8565,com.honda.auto.linkmanager.helperservice:lmsrv]
07-26 15:19:27.087  2309  2309 I notification_enqueue: [1000,2965,com.honda.telephonyservice,4660,NULL,0,Notification(pri=0 contentView=null vibrate=null sound=null defaults=0x0 flags=0x0 color=0x00000000 category=call vis=PRIVATE),0]
07-26 15:19:27.116  2309  2309 I notification_cancel: [10010,2495,com.honda.telephonyservice,4660,NULL,0,0,66,2,NULL]
07-26 15:19:27.116  2309  2309 I notification_canceled: [0|com.honda.telephonyservice|4660|null|1000,2]
07-26 15:19:27.116  2309  2309 I force_gc: Binder
07-26 15:19:27.229  2309  2309 I notification_enqueue: [1000,2477,com.honda.androidauto.projection.sink,511513,NULL,0,Notification(pri=0 contentView=com.honda.androidauto.projection.sink/0x109007b vibrate=null sound=null defaults=0x0 flags=0x40 color=0x00000000 vis=PRIVATE),1]
07-26 15:19:27.244  2309  2309 I notification_cancel: [10010,2495,com.honda.androidauto.projection.sink,511513,NULL,0,0,66,2,NULL]
07-26 15:19:27.635  2309  2309 I notification_cancel: [1000,2309,com.honda.androidauto.projection.sink,511513,NULL,0,0,0,8,NULL]
07-26 15:19:27.635  2309  2309 I notification_canceled: [0|com.honda.androidauto.projection.sink|511513|null|1000,8]
07-26 15:19:27.666  2309  2309 I notification_enqueue: [10040,3051,com.honda.tjba.usbaudio,-1836721132,NULL,0,Notification(pri=0 contentView=com.honda.tjba.usbaudio/0x109007b vibrate=null sound=null defaults=0x0 flags=0x40 color=0x00000000 vis=PRIVATE),1]
07-26 15:19:27.728  2309  2309 I notification_cancel: [10010,2495,com.honda.tjba.usbaudio,-1836721132,NULL,0,0,66,2,NULL]
07-26 15:19:28.464  2309  2309 I notification_enqueue: [10010,2495,com.android.systemui,-284765,NULL,0,Notification(pri=0 contentView=null vibrate=null sound=null defaults=0x0 flags=0x2 color=0x00000000 groupKey=honda_notification_icons_group vis=PRIVATE),1]
07-26 15:19:28.469  2309  2309 I notification_enqueue: [10010,2495,com.android.systemui,-284766,NULL,0,Notification(pri=0 contentView=null vibrate=null sound=null defaults=0x0 flags=0x2 color=0x00000000 groupKey=honda_notification_icons_group vis=PRIVATE),1]
07-26 15:19:29.329  2309  2413 I am_home_stack_moved: [0,1,0,0,intentActivityFound]
07-26 15:19:29.329  2309  2413 I wm_task_moved: [1,1,0]
07-26 15:19:29.332  2309  2413 I am_home_stack_moved: [0,1,0,0,bringingFoundTaskToFront]
07-26 15:19:29.332  2309  2413 I wm_task_moved: [1,1,0]
07-26 15:19:29.334  2309  2413 I am_pause_activity: [0,508563065,com.honda.androidauto.projection.sink/.ui.ProjectionActivity]
07-26 15:19:29.335  2309  2413 I am_task_to_front: [0,1]
07-26 15:19:29.335  2309  2413 I am_new_intent: [0,91703294,1,com.honda.tjba.launcher/.ui.HomeActivity,android.intent.action.MAIN,NULL,NULL,274726912]
07-26 15:19:29.569  2477  2477 I am_on_paused_called: [0,com.honda.androidauto.projection.sink.ui.ProjectionActivity]
07-26 15:19:29.575  2309  2623 I am_resume_activity: [0,482506687,1,com.honda.tjba.launcher/.ui.HomeActivity]
07-26 15:19:29.613  2558  2558 I am_on_resume_called: [0,com.honda.tjba.launcher.ui.HomeActivity]
07-26 15:19:30.113  2309  3177 I notification_clicked: 0|com.honda.telephonyservice|4660|null|1000
07-26 15:19:30.114  2309  2309 I notification_cancel: [10010,2495,com.honda.telephonyservice,4660,NULL,0,0,66,2,NULL]
07-26 15:19:30.670  2309  2309 I notification_enqueue: [10010,2495,com.android.systemui,-284765,NULL,0,Notification(pri=0 contentView=null vibrate=null sound=null defaults=0x0 flags=0x2 color=0x00000000 groupKey=honda_notification_icons_group vis=PRIVATE),1]
07-26 15:19:30.676  2309  2309 I notification_enqueue: [10010,2495,com.android.systemui,-284766,NULL,0,Notification(pri=0 contentView=null vibrate=null sound=null defaults=0x0 flags=0x2 color=0x00000000 groupKey=honda_notification_icons_group vis=PRIVATE),1]
07-26 15:19:32.251  2309  2309 I notification_cancel: [10010,2495,com.android.systemui,-284768,NULL,0,0,64,8,NULL]
07-26 15:19:32.252  2309  2309 I notification_canceled: [0|com.android.systemui|-284768|null|10010,8]
07-26 15:19:32.332  2309  2657 I am_finish_activity: [0,508563065,11,com.honda.androidauto.projection.sink/.ui.ProjectionActivity,app-request]
07-26 15:19:32.333  2309  2657 I am_destroy_activity: [0,508563065,11,com.honda.androidauto.projection.sink/.ui.ProjectionActivity,finish-imm]
07-26 15:19:32.376  2309  3185 I wm_task_removed: [11,removeAppToken: last token]
07-26 15:19:32.377  2309  3185 I wm_task_removed: [11,removeTask]
07-26 15:19:34.683  2309  2309 I notification_enqueue: [10010,2495,com.android.systemui,-284768,NULL,0,Notification(pri=0 contentView=null vibrate=null sound=null defaults=0x0 flags=0x2 color=0x00000000 groupKey=honda_notification_icons_group vis=PRIVATE),0]
07-26 15:19:34.932  2309  2309 I notification_cancel: [10010,2495,com.android.systemui,-284768,NULL,0,0,64,8,NULL]
07-26 15:19:34.932  2309  2309 I notification_canceled: [0|com.android.systemui|-284768|null|10010,8]
07-26 15:19:35.246  2309  2309 I notification_enqueue: [10010,2495,com.android.systemui,-284768,NULL,0,Notification(pri=0 contentView=null vibrate=null sound=null defaults=0x0 flags=0x2 color=0x00000000 groupKey=honda_notification_icons_group vis=PRIVATE),0]
07-26 15:19:35.257  2309  2325 I am_home_stack_moved: [0,0,1,1,startingNewTask]
07-26 15:19:35.257  2309  2325 I wm_task_moved: [8,1,5]
07-26 15:19:35.260  2309  2325 I am_create_task: [0,12]
07-26 15:19:35.260  2309  2325 I am_create_activity: [0,683784783,12,com.honda.androidauto.projection.sink/.ui.ProjectionActivity,NULL,NULL,NULL,268435456]
07-26 15:19:35.260  2309  2325 I wm_task_created: [12,1]
07-26 15:19:35.260  2309  2325 I wm_task_moved: [12,1,6]
07-26 15:19:35.260  2309  2325 I am_pause_activity: [0,482506687,com.honda.tjba.launcher/.ui.HomeActivity]
07-26 15:19:35.262  2309  2325 I am_home_stack_moved: [0,0,1,1,startedActivity setFocusedActivity]
07-26 15:19:35.262  2309  2325 I am_focused_activity: [0,com.honda.androidauto.projection.sink/.ui.ProjectionActivity]
07-26 15:19:35.265  2558  2558 I am_on_paused_called: [0,com.honda.tjba.launcher.ui.HomeActivity]
07-26 15:19:35.267  2309  2539 I am_restart_activity: [0,683784783,12,com.honda.androidauto.projection.sink/.ui.ProjectionActivity]
07-26 15:19:35.300  2309  2327 I wm_task_moved: [12,0,0]
07-26 15:19:35.301  2309  2327 I am_home_stack_moved: [0,1,0,0,moveTaskToBack]
07-26 15:19:35.302  2309  2327 I wm_task_moved: [1,1,0]
07-26 15:19:35.307  2309  2327 I am_home_stack_moved: [0,1,0,0,moveTaskToBack setFocusedActivity]
07-26 15:19:35.307  2309  2327 I am_focused_activity: [0,com.honda.tjba.launcher/.ui.HomeActivity]
07-26 15:19:35.307  2309  2327 I am_pause_activity: [0,683784783,com.honda.androidauto.projection.sink/.ui.ProjectionActivity]
07-26 15:19:35.314  2477  2477 I am_on_resume_called: [0,com.honda.androidauto.projection.sink.ui.ProjectionActivity]
07-26 15:19:35.398  2477  2477 I am_on_paused_called: [0,com.honda.androidauto.projection.sink.ui.ProjectionActivity]
07-26 15:19:35.399  2309  2539 I am_resume_activity: [0,482506687,1,com.honda.tjba.launcher/.ui.HomeActivity]
07-26 15:19:35.412  2558  2558 I am_on_resume_called: [0,com.honda.tjba.launcher.ui.HomeActivity]
07-26 15:19:36.043  2309  2309 I notification_enqueue: [10010,2495,com.android.systemui,-284765,NULL,0,Notification(pri=0 contentView=null vibrate=null sound=null defaults=0x0 flags=0x2 color=0x00000000 groupKey=honda_notification_icons_group vis=PRIVATE),1]
07-26 15:19:36.057  2309  2309 I notification_enqueue: [10010,2495,com.android.systemui,-284766,NULL,0,Notification(pri=0 contentView=null vibrate=null sound=null defaults=0x0 flags=0x2 color=0x00000000 groupKey=honda_notification_icons_group vis=PRIVATE),1]
07-26 15:19:36.540  2309  2309 I notification_enqueue: [10010,2495,com.android.systemui,-284765,NULL,0,Notification(pri=0 contentView=null vibrate=null sound=null defaults=0x0 flags=0x2 color=0x00000000 groupKey=honda_notification_icons_group vis=PRIVATE),1]
07-26 15:19:36.544  2309  2309 I notification_enqueue: [10010,2495,com.android.systemui,-284766,NULL,0,Notification(pri=0 contentView=null vibrate=null sound=null defaults=0x0 flags=0x2 color=0x00000000 groupKey=honda_notification_icons_group vis=PRIVATE),1]
07-26 15:19:40.578  2309  3185 I am_home_stack_moved: [0,0,1,1,intentActivityFound]
07-26 15:19:40.578  2309  3185 I wm_task_moved: [8,1,6]
07-26 15:19:40.580  2309  3185 I am_home_stack_moved: [0,0,1,1,bringingFoundTaskToFront]
07-26 15:19:40.580  2309  3185 I wm_task_moved: [12,1,6]
07-26 15:19:40.581  2309  3185 I am_pause_activity: [0,482506687,com.honda.tjba.launcher/.ui.HomeActivity]
07-26 15:19:40.582  2309  3185 I am_task_to_front: [0,12]
07-26 15:19:40.583  2309  3185 I am_new_intent: [0,488622998,12,com.honda.androidauto.projection.sink/.ui.ProjectionActivity,NULL,NULL,NULL,339738624]
07-26 15:19:40.584  2558  2558 I am_on_paused_called: [0,com.honda.tjba.launcher.ui.HomeActivity]
07-26 15:19:40.587  2309  3177 I am_resume_activity: [0,683784783,12,com.honda.androidauto.projection.sink/.ui.ProjectionActivity]
07-26 15:19:40.605  2477  2477 I am_on_resume_called: [0,com.honda.androidauto.projection.sink.ui.ProjectionActivity]
07-26 15:19:41.279  1837  1837 I sf_frame_dur: [com.honda.tjba.launcher/com.honda.tjba.launcher.ui.HomeActivity,0,2,4,4,4,10,6]
07-26 15:19:41.969  2309  2327 I dvm_lock_sample: [system_server,1,Binder_2,64,LocationManagerService.java,919,-,2280,12]
07-26 15:19:45.188  2309  2309 I notification_enqueue: [1000,2477,com.honda.androidauto.projection.sink,511513,NULL,0,Notification(pri=0 contentView=com.honda.androidauto.projection.sink/0x109007b vibrate=null sound=null defaults=0x0 flags=0x40 color=0x00000000 vis=PRIVATE),0]
07-26 15:19:45.196  2309  2309 I notification_cancel: [10010,2495,com.honda.androidauto.projection.sink,511513,NULL,0,0,66,2,NULL]
07-26 15:19:45.277  2309  2309 I notification_enqueue: [1000,2965,com.honda.telephonyservice,4660,NULL,0,Notification(pri=0 contentView=null vibrate=null sound=null defaults=0x0 flags=0x0 color=0x00000000 category=call vis=PRIVATE),0]
07-26 15:19:45.323  2309  2309 I notification_cancel: [10010,2495,com.honda.telephonyservice,4660,NULL,0,0,66,2,NULL]
07-26 15:19:45.323  2309  2309 I notification_canceled: [0|com.honda.telephonyservice|4660|null|1000,2]
07-26 15:19:45.655  2309  2309 I notification_enqueue: [1000,2965,com.honda.telephonyservice,4660,NULL,0,Notification(pri=0 contentView=null vibrate=null sound=null defaults=0x0 flags=0x0 color=0x00000000 category=call vis=PRIVATE),0]
07-26 15:19:45.678  2309  2309 I notification_cancel: [10010,2495,com.honda.telephonyservice,4660,NULL,0,0,66,2,NULL]
07-26 15:19:45.679  2309  2309 I notification_canceled: [0|com.honda.telephonyservice|4660|null|1000,2]
07-26 15:19:45.980  2309  2309 I notification_enqueue: [10010,2495,com.android.systemui,-284765,NULL,0,Notification(pri=0 contentView=null vibrate=null sound=null defaults=0x0 flags=0x2 color=0x00000000 groupKey=honda_notification_icons_group vis=PRIVATE),1]
07-26 15:19:45.986  2309  2309 I notification_enqueue: [10010,2495,com.android.systemui,-284766,NULL,0,Notification(pri=0 contentView=null vibrate=null sound=null defaults=0x0 flags=0x2 color=0x00000000 groupKey=honda_notification_icons_group vis=PRIVATE),1]
07-26 15:19:46.678  2309  2309 I notification_enqueue: [10010,2495,com.android.systemui,-284765,NULL,0,Notification(pri=0 contentView=null vibrate=null sound=null defaults=0x0 flags=0x2 color=0x00000000 groupKey=honda_notification_icons_group vis=PRIVATE),1]
07-26 15:19:46.689  2309  2309 I notification_enqueue: [10010,2495,com.android.systemui,-284766,NULL,0,Notification(pri=0 contentView=null vibrate=null sound=null defaults=0x0 flags=0x2 color=0x00000000 groupKey=honda_notification_icons_group vis=PRIVATE),1]
07-26 15:19:48.588  2309  2309 I notification_enqueue: [1000,2965,com.honda.telephonyservice,4660,NULL,0,Notification(pri=0 contentView=null vibrate=null sound=null defaults=0x0 flags=0x0 color=0x00000000 category=call vis=PRIVATE),0]
07-26 15:19:48.616  2309  2309 I notification_cancel: [10010,2495,com.honda.telephonyservice,4660,NULL,0,0,66,2,NULL]
07-26 15:19:48.617  2309  2309 I notification_canceled: [0|com.honda.telephonyservice|4660|null|1000,2]
07-26 15:19:48.996  2309  2309 I notification_cancel: [1000,2309,com.honda.androidauto.projection.sink,511513,NULL,0,0,0,8,NULL]
07-26 15:19:48.996  2309  2309 I notification_canceled: [0|com.honda.androidauto.projection.sink|511513|null|1000,8]
07-26 15:19:49.017  2309  2309 I notification_enqueue: [10040,3051,com.honda.tjba.usbaudio,-1836721132,NULL,0,Notification(pri=0 contentView=com.honda.tjba.usbaudio/0x109007b vibrate=null sound=null defaults=0x0 flags=0x40 color=0x00000000 vis=PRIVATE),1]
07-26 15:19:49.059  2309  2309 I notification_cancel: [10010,2495,com.honda.tjba.usbaudio,-1836721132,NULL,0,0,66,2,NULL]
07-26 15:19:51.612  2309  2700 I notification_clicked: 0|com.honda.telephonyservice|4660|null|1000
07-26 15:19:51.613  2309  2309 I notification_cancel: [10010,2495,com.honda.telephonyservice,4660,NULL,0,0,66,2,NULL]
07-26 15:19:52.516  2309  2616 I force_gc: Binder
07-26 15:19:52.879  3313  3387 I force_gc: Binder
07-26 15:19:55.704  2309  2309 I notification_enqueue: [10010,2495,com.android.systemui,-284765,NULL,0,Notification(pri=0 contentView=null vibrate=null sound=null defaults=0x0 flags=0x2 color=0x00000000 groupKey=honda_notification_icons_group vis=PRIVATE),1]
07-26 15:19:55.710  2309  2309 I notification_enqueue: [10010,2495,com.android.systemui,-284766,NULL,0,Notification(pri=0 contentView=null vibrate=null sound=null defaults=0x0 flags=0x2 color=0x00000000 groupKey=honda_notification_icons_group vis=PRIVATE),1]
07-26 15:19:56.981  2309  2325 I am_proc_start: [0,8713,1000,com.honda.auto.linkmanager.helperservice:lmsrv,service,com.honda.auto.linkmanager.helperservice/uie.linkmanager.LinkManagerService]
07-26 15:19:57.034  2309  2327 I am_proc_bound: [0,8713,com.honda.auto.linkmanager.helperservice:lmsrv]
07-26 15:19:58.162  2309  2569 I am_proc_died: [0,8713,com.honda.auto.linkmanager.helperservice:lmsrv]
07-26 15:20:02.083  2309  2309 I notification_enqueue: [10010,2495,com.android.systemui,-284765,NULL,0,Notification(pri=0 contentView=null vibrate=null sound=null defaults=0x0 flags=0x2 color=0x00000000 groupKey=honda_notification_icons_group vis=PRIVATE),1]
07-26 15:20:02.100  2309  2309 I notification_enqueue: [10010,2495,com.android.systemui,-284766,NULL,0,Notification(pri=0 contentView=null vibrate=null sound=null defaults=0x0 flags=0x2 color=0x00000000 groupKey=honda_notification_icons_group vis=PRIVATE),1]
07-26 15:20:02.863  2309  2309 I notification_enqueue: [1000,2477,com.honda.androidauto.projection.sink,511513,NULL,0,Notification(pri=0 contentView=com.honda.androidauto.projection.sink/0x109007b vibrate=null sound=null defaults=0x0 flags=0x40 color=0x00000000 vis=PRIVATE),0]
07-26 15:20:02.873  2309  2309 I notification_cancel: [10010,2495,com.honda.androidauto.projection.sink,511513,NULL,0,0,66,2,NULL]
07-26 15:20:02.907  2309  3185 I force_gc: Binder
07-26 15:20:03.096  2309  2309 I notification_enqueue: [1000,2965,com.honda.telephonyservice,4660,NULL,0,Notification(pri=0 contentView=null vibrate=null sound=null defaults=0x0 flags=0x0 color=0x00000000 category=call vis=PRIVATE),0]
07-26 15:20:03.126  2309  2309 I notification_cancel: [10010,2495,com.honda.telephonyservice,4660,NULL,0,0,66,2,NULL]
07-26 15:20:03.126  2309  2309 I notification_canceled: [0|com.honda.telephonyservice|4660|null|1000,2]
07-26 15:20:03.514  2309  2309 I notification_enqueue: [1000,2965,com.honda.telephonyservice,4660,NULL,0,Notification(pri=0 contentView=null vibrate=null sound=null defaults=0x0 flags=0x0 color=0x00000000 category=call vis=PRIVATE),0]
07-26 15:20:03.551  2309  2309 I notification_cancel: [10010,2495,com.honda.telephonyservice,4660,NULL,0,0,66,2,NULL]
