01-01 00:00:01.962  1836  1836 I Vold    : Vold 2.1 (the revenge) firing up
01-01 00:00:01.963  1836  1836 D Vold    : Volume usb0 state changing -1 (Initializing) -> 0 (No-Media)
01-01 00:00:01.963  1836  1836 D Vold    : Volume usb0 state changing -1 (Initializing) -> 0 (No-Media)
01-01 00:00:01.963  1836  1836 D Vold    : Volume usb0 state changing -1 (Initializing) -> 0 (No-Media)
01-01 00:00:05.764  2309  2309 I InstallerConnection: disconnecting...
01-01 00:00:05.782  2309  2309 I SystemServer: Entered the Android system server!
01-01 00:00:06.428  2309  2309 I SystemServiceManager: Starting com.android.server.pm.Installer
01-01 00:00:06.435  2309  2309 I Installer: Waiting for installd to be ready.
01-01 00:00:06.438  2309  2309 I InstallerConnection: connecting...
01-01 00:00:06.442  2309  2309 I SystemServiceManager: Starting com.android.server.am.ActivityManagerService$Lifecycle
01-01 00:00:06.485  2309  2309 I ActivityManager: Memory class: 80
01-01 00:00:06.500  2309  2350 I ServiceThread: Enabled StrictMode logging for ActivityManager looper.
01-01 00:00:06.545  2309  2309 I IntentFirewall: Read new rules (A:0 B:0 S:0)
01-01 00:00:06.561  2309  2353 I ServiceThread: Enabled StrictMode logging for android.ui looper.
01-01 00:00:06.576  2309  2355 I ServiceThread: Enabled StrictMode logging for android.display looper.
01-01 00:00:06.593  2309  2309 D AppOps  : AppOpsService published
01-01 00:00:06.673  2309  2309 I SystemServer: Scheduling Policy
01-01 00:00:06.673  2309  2309 I SystemServiceManager: Starting com.android.server.power.PowerManagerService
01-01 00:00:06.686  2309  2356 I ServiceThread: Enabled StrictMode logging for PowerManagerService looper.
01-01 00:00:06.700  2309  2309 I SystemServiceManager: Starting com.android.server.display.DisplayManagerService
01-01 00:00:06.707  2309  2309 I SystemServiceManager: Starting phase 100
01-01 00:00:06.719  2309  2355 E LocalDisplayAdapter: TJBA Setting resolution to 1920x720
01-01 00:00:06.727  2309  2355 I DisplayManagerService: Display device added: DisplayDeviceInfo{"Built-in Screen": uniqueId="local:0", 1920 x 720, 57.000004 fps, supportedRefreshRates [57.000004], density 160, 200.0 x 200.0 dpi, appVsyncOff 0, presDeadline 18543859, touch INTERNAL, rotation 0, type BUILT_IN, state UNKNOWN, FLAG_DEFAULT_DISPLAY, FLAG_ROTATES_WITH_CONTENT, FLAG_SECURE, FLAG_SUPPORTS_PROTECTED_BUFFERS}
01-01 00:00:06.727  2309  2309 I SystemServer: Package Manager
01-01 00:00:06.793  2309  2309 W SystemConfig: No directory /system/etc/sysconfig, skipping
01-01 00:00:06.895  2309  2309 D SELinuxMMAC: Using policy file /system/etc/security/mac_permissions.xml
01-01 00:00:07.105  2309  2309 D PackageManager: scanDirLI() !isPackage will ignore: SenderEngine.jar
01-01 00:00:07.105  2309  2309 D PackageManager: scanDirLI() !isPackage will ignore: am.jar
01-01 00:00:07.105  2309  2309 D PackageManager: scanDirLI() !isPackage will ignore: android.policy.jar
01-01 00:00:07.105  2309  2309 D PackageManager: scanDirLI() !isPackage will ignore: android.test.runner.jar
01-01 00:00:07.105  2309  2309 D PackageManager: scanDirLI() !isPackage will ignore: apache-xml.jar
01-01 00:00:07.106  2309  2309 D PackageManager: scanDirLI() !isPackage will ignore: appops.jar
01-01 00:00:07.106  2309  2309 D PackageManager: scanDirLI() !isPackage will ignore: appwidget.jar
01-01 00:00:07.106  2309  2309 D PackageManager: scanDirLI() !isPackage will ignore: bmgr.jar
01-01 00:00:07.106  2309  2309 D PackageManager: scanDirLI() !isPackage will ignore: bouncycastle.jar
01-01 00:00:07.106  2309  2309 D PackageManager: scanDirLI() !isPackage will ignore: bu.jar
01-01 00:00:07.106  2309  2309 D PackageManager: scanDirLI() !isPackage will ignore: com.android.future.usb.accessory.jar
01-01 00:00:07.106  2309  2309 D PackageManager: scanDirLI() !isPackage will ignore: com.android.location.provider.jar
01-01 00:00:07.106  2309  2309 D PackageManager: scanDirLI() !isPackage will ignore: com.android.media.remotedisplay.jar
01-01 00:00:07.106  2309  2309 D PackageManager: scanDirLI() !isPackage will ignore: com.android.mediadrm.signer.jar
01-01 00:00:07.106  2309  2309 D PackageManager: scanDirLI() !isPackage will ignore: com.broadcom.bt.jar
01-01 00:00:07.106  2309  2309 D PackageManager: scanDirLI() !isPackage will ignore: com.honda.app-fixup.jar
01-01 00:00:07.106  2309  2309 D PackageManager: scanDirLI() !isPackage will ignore: com.honda.applicationsicon.jar
01-01 00:00:07.106  2309  2309 D PackageManager: scanDirLI() !isPackage will ignore: com.honda.auto.btrfcomm.helper.jar
01-01 00:00:07.106  2309  2309 D PackageManager: scanDirLI() !isPackage will ignore: com.honda.auto.linkmanager.jar
01-01 00:00:07.106  2309  2309 D PackageManager: scanDirLI() !isPackage will ignore: com.honda.auto.media.jar
01-01 00:00:07.106  2309  2309 D PackageManager: scanDirLI() !isPackage will ignore: com.honda.auto.navigation.jar
01-01 00:00:07.106  2309  2309 D PackageManager: scanDirLI() !isPackage will ignore: com.honda.ipod.jar
01-01 00:00:07.106  2309  2309 D PackageManager: scanDirLI() !isPackage will ignore: com.honda.mapconnection.jar
01-01 00:00:07.106  2309  2309 D PackageManager: scanDirLI() !isPackage will ignore: com.honda.touchbridge.jar
01-01 00:00:07.106  2309  2309 D PackageManager: scanDirLI() !isPackage will ignore: com.honda.ui.jar
01-01 00:00:07.106  2309  2309 D PackageManager: scanDirLI() !isPackage will ignore: conscrypt.jar
01-01 00:00:07.106  2309  2309 D PackageManager: scanDirLI() !isPackage will ignore: content.jar
01-01 00:00:07.106  2309  2309 D PackageManager: scanDirLI() !isPackage will ignore: core-junit.jar
01-01 00:00:07.106  2309  2309 D PackageManager: scanDirLI() !isPackage will ignore: core-libart.jar
01-01 00:00:07.109  2309  2380 D PackageManager: scanDirLI() !isPackage will ignore: dpm.jar
01-01 00:00:07.109  2309  2380 D PackageManager: scanDirLI() !isPackage will ignore: eom-service.jar
01-01 00:00:07.109  2309  2380 D PackageManager: scanDirLI() !isPackage will ignore: ethernet-service.jar
01-01 00:00:07.109  2309  2380 D PackageManager: scanDirLI() !isPackage will ignore: ext.jar
01-01 00:00:07.152  2309  2380 D PackageManager: scanDirLI() !isPackage will ignore: framework.jar
01-01 00:00:07.152  2309  2380 D PackageManager: scanDirLI() !isPackage will ignore: honda-lib.jar
01-01 00:00:07.152  2309  2380 D PackageManager: scanDirLI() !isPackage will ignore: honda-manager.jar
01-01 00:00:07.152  2309  2380 D PackageManager: scanDirLI() !isPackage will ignore: ime.jar
01-01 00:00:07.152  2309  2380 D PackageManager: scanDirLI() !isPackage will ignore: ims-common.jar
01-01 00:00:07.152  2309  2380 D PackageManager: scanDirLI() !isPackage will ignore: input.jar
01-01 00:00:07.152  2309  2380 D PackageManager: scanDirLI() !isPackage will ignore: javax.obex.jar
01-01 00:00:07.152  2309  2380 D PackageManager: scanDirLI() !isPackage will ignore: k2l.acs.jar
01-01 00:00:07.152  2309  2380 D PackageManager: scanDirLI() !isPackage will ignore: media_cmd.jar
01-01 00:00:07.152  2309  2380 D PackageManager: scanDirLI() !isPackage will ignore: mms-common.jar
01-01 00:00:07.152  2309  2380 D PackageManager: scanDirLI() !isPackage will ignore: monkey.jar
01-01 00:00:07.152  2309  2380 D PackageManager: scanDirLI() !isPackage will ignore: okhttp.jar
01-01 00:00:07.152  2309  2380 D PackageManager: scanDirLI() !isPackage will ignore: pm.jar
01-01 00:00:07.153  2309  2380 D PackageManager: scanDirLI() !isPackage will ignore: requestsync.jar
01-01 00:00:07.153  2309  2380 D PackageManager: scanDirLI() !isPackage will ignore: services.jar
01-01 00:00:07.153  2309  2380 D PackageManager: scanDirLI() !isPackage will ignore: settings.jar
01-01 00:00:07.153  2309  2380 D PackageManager: scanDirLI() !isPackage will ignore: svc.jar
01-01 00:00:07.153  2309  2380 D PackageManager: scanDirLI() !isPackage will ignore: tcu-service.jar
01-01 00:00:07.153  2309  2380 D PackageManager: scanDirLI() !isPackage will ignore: telephony-common.jar
01-01 00:00:07.153  2309  2380 D PackageManager: scanDirLI() !isPackage will ignore: uiautomator.jar
01-01 00:00:07.153  2309  2380 D PackageManager: scanDirLI() !isPackage will ignore: uie.linkmanager.jar
01-01 00:00:07.153  2309  2380 D PackageManager: scanDirLI() !isPackage will ignore: voip-common.jar
01-01 00:00:07.153  2309  2380 D PackageManager: scanDirLI() !isPackage will ignore: wifi-service.jar
01-01 00:00:07.153  2309  2380 D PackageManager: scanDirLI() !isPackage will ignore: wm.jar
01-01 00:00:07.170  2309  2309 D PackageManager: scanDirLI() Contacts file scan delayed
01-01 00:00:07.250  2309  2397 D PackageManager: scanDirLI() QuickSearchBox file scan delayed
01-01 00:00:07.257  2309  2309 D PackageManager: scanDirLI() Calendar file scan delayed
01-01 00:00:07.413  2309  2309 D PackageManager: System package com.android.quicksearchbox is not no longer exists system package, just delayed scanning
01-01 00:00:07.413  2309  2309 D PackageManager: System package com.android.contacts is not no longer exists system package, just delayed scanning
01-01 00:00:07.413  2309  2309 D PackageManager: System package com.android.calendar is not no longer exists system package, just delayed scanning
01-01 00:00:07.416  2309  2309 I PackageManager: Adjusting ABI for : com.honda.auto.antitheft to armeabi-v7a
01-01 00:00:07.420  2309  2309 I PackageManager: Adjusting ABI for : com.honda.auto.media.raamservice to armeabi-v7a
01-01 00:00:07.434  2309  2309 I PackageManager: Adjusting ABI for : com.honda.auto.voicerecognitionservice to armeabi-v7a
01-01 00:00:07.442  2309  2309 I PackageManager: Adjusting ABI for : com.honda.auto.transportservice to armeabi-v7a
01-01 00:00:07.451  2309  2309 I PackageManager: Adjusting ABI for : com.honda.auto.audio.vlsservice to armeabi-v7a
01-01 00:00:07.459  2309  2309 I PackageManager: Adjusting ABI for : com.honda.auto.siriusxmservice to armeabi-v7a
01-01 00:00:07.468  2309  2309 I PackageManager: Adjusting ABI for : com.honda.auto.datetime to armeabi-v7a
01-01 00:00:07.471  2309  2309 I PackageManager: Adjusting ABI for : com.honda.auto.media.mass to armeabi-v7a
01-01 00:00:07.477  2309  2309 I PackageManager: Adjusting ABI for : com.honda.auto.linkmanager.helperservice to armeabi-v7a
01-01 00:00:07.483  2309  2309 I PackageManager: Adjusting ABI for : com.honda.auto.analoginputservice to armeabi-v7a
01-01 00:00:07.490  2309  2309 I PackageManager: Adjusting ABI for : com.honda.miscellaneous to armeabi-v7a
01-01 00:00:07.495  2309  2309 I PackageManager: Adjusting ABI for : com.honda.telephonyservice to armeabi-v7a
01-01 00:00:07.503  2309  2309 I PackageManager: Adjusting ABI for : com.redbend.client to armeabi-v7a
01-01 00:00:07.515  2309  2309 I PackageManager: Adjusting ABI for : com.honda.auto.hudservice to armeabi-v7a
01-01 00:00:07.521  2309  2309 I PackageManager: Adjusting ABI for : com.honda.auto.cameraservice to armeabi-v7a
01-01 00:00:07.528  2309  2309 I PackageManager: Adjusting ABI for : com.honda.auto.systemsynchronizationservice to armeabi-v7a
01-01 00:00:07.535  2309  2309 I PackageManager: Adjusting ABI for : com.android.keychain to armeabi-v7a
01-01 00:00:07.539  2309  2309 I PackageManager: Adjusting ABI for : com.honda.auto.bluetoothservice to armeabi-v7a
01-01 00:00:07.547  2309  2309 I PackageManager: Adjusting ABI for : com.honda.auto.telematics to armeabi-v7a
01-01 00:00:07.555  2309  2309 I PackageManager: Adjusting ABI for : com.honda.auto.traffictunerservice to armeabi-v7a
01-01 00:00:07.561  2309  2309 I PackageManager: Adjusting ABI for : com.honda.auto.softwareupdate to armeabi-v7a
01-01 00:00:07.570  2309  2309 I PackageManager: Adjusting ABI for : com.honda.auto.hvacservice to armeabi-v7a
01-01 00:00:07.578  2309  2309 I PackageManager: Adjusting ABI for : com.honda.auto.navigationservice to armeabi-v7a
01-01 00:00:07.585  2309  2309 I PackageManager: Adjusting ABI for : com.honda.navigationframework to armeabi-v7a
01-01 00:00:07.592  2309  2309 I PackageManager: Adjusting ABI for : com.android.location.fused to armeabi-v7a
01-01 00:00:07.595  2309  2309 I PackageManager: Adjusting ABI for : com.honda.ota to armeabi-v7a
01-01 00:00:07.603  2309  2309 I PackageManager: Adjusting ABI for : com.honda.auto.amplifierservice to armeabi-v7a
01-01 00:00:07.611  2309  2309 I PackageManager: Adjusting ABI for : com.honda.auto.media.hmcmservice to armeabi-v7a
01-01 00:00:07.620  2309  2309 I PackageManager: Adjusting ABI for : com.honda.auto.automotiveservice to armeabi-v7a
01-01 00:00:07.628  2309  2309 I PackageManager: Adjusting ABI for : com.honda.auto.hars to armeabi-v7a
01-01 00:00:07.636  2309  2309 I PackageManager: Adjusting ABI for : com.honda.auto.factoryflashing to armeabi-v7a
01-01 00:00:07.640  2309  2309 I PackageManager: Adjusting ABI for : com.honda.settings to armeabi-v7a
01-01 00:00:07.648  2309  2309 I PackageManager: Adjusting ABI for : com.honda.auto.userexperienceservice to armeabi-v7a
01-01 00:00:07.656  2309  2309 I PackageManager: Adjusting ABI for : com.honda.auto.wirelesschargingservice to armeabi-v7a
01-01 00:00:07.661  2309  2309 I PackageManager: Adjusting ABI for : com.honda.audiosourceservice to armeabi-v7a
01-01 00:00:07.664  2309  2309 I PackageManager: Adjusting ABI for : com.honda.siri to armeabi-v7a
01-01 00:00:07.671  2309  2309 I PackageManager: Adjusting ABI for : com.android.providers.settings to armeabi-v7a
01-01 00:00:07.680  2309  2309 I PackageManager: Adjusting ABI for : com.honda.auto.tunerservice to armeabi-v7a
01-01 00:00:07.688  2309  2309 I PackageManager: Adjusting ABI for : com.honda.auto.diagshadowservice to armeabi-v7a
01-01 00:00:07.695  2309  2309 I PackageManager: Adjusting ABI for : com.honda.auto.btrfcomm.helperservice to armeabi-v7a
01-01 00:00:07.699  2309  2309 I PackageManager: Adjusting ABI for : com.honda.messaging.service to armeabi-v7a
01-01 00:00:07.705  2309  2309 I PackageManager: Adjusting ABI for : com.honda.auto.autostateservice to armeabi-v7a
01-01 00:00:07.708  2309  2309 I PackageManager: Adjusting ABI for : com.honda.usbmediaservice to armeabi-v7a
01-01 00:00:07.714  2309  2309 I PackageManager: Time to scan packages: 0.748 seconds
01-01 00:00:07.714  2309  2309 W PackageManager: Unknown permission com.google.android.googleapps.permission.GOOGLE_AUTH in package com.android.providers.calendar
01-01 00:00:07.714  2309  2309 W PackageManager: Unknown permission com.google.android.googleapps.permission.GOOGLE_AUTH.cl in package com.android.providers.calendar
01-01 00:00:07.715  2309  2309 W PackageManager: Not granting permission android.permission.ACCESS_DOWNLOAD_MANAGER to package com.android.browser (protectionLevel=18 flags=0x9be45)
01-01 00:00:07.715  2309  2309 W PackageManager: Not granting permission android.permission.SEND_DOWNLOAD_COMPLETED_INTENTS to package com.android.browser (protectionLevel=2 flags=0x9be45)
01-01 00:00:07.715  2309  2309 W PackageManager: Unknown permission com.google.android.c2dm.permission.RECEIVE in package com.redbend.client
01-01 00:00:07.715  2309  2309 W PackageManager: Not granting permission auto.permission.HMCM_REGISTRATION_TEST to package com.honda.tjba.siriusxm (protectionLevel=18 flags=0x48be45)
01-01 00:00:07.715  2309  2309 W PackageManager: Not granting permission android.permission.SYSTEM_SIDE_DIALOG_WINDOW to package com.honda.tjba.siriusxm (protectionLevel=18 flags=0x48be45)
01-01 00:00:07.715  2309  2309 W PackageManager: Not granting permission android.permission.MEDIA_CONTENT_CONTROL to package com.honda.tjba.siriusxm (protectionLevel=18 flags=0x48be45)
01-01 00:00:07.715  2309  2309 W PackageManager: Unknown permission android.permission.NFC_UNLOCK in package com.android.nfc
01-01 00:00:07.716  2309  2309 W PackageManager: Unknown permission com.honda.auto.diagnostics.permission.DIAGNOSTICS in package com.honda.auto.diagnostics
01-01 00:00:07.717  2309  2309 W PackageManager: Unknown permission broadcom.permission.BLUETOOTH in package com.honda.siri
01-01 00:00:07.717  2309  2309 W PackageManager: Unknown permission auto.permission.BLUETOOTH in package com.honda.androidauto.projection.sink
01-01 00:00:07.717  2309  2309 W PackageManager: Unknown permission auto.permission.BLUETOOTH_ADMIN in package com.honda.androidauto.projection.sink
01-01 00:00:07.717  2309  2309 W PackageManager: Unknown permission auto.permission.ACCESS_FINE_LOCATION in package com.honda.androidauto.projection.sink
01-01 00:00:07.718  2309  2309 W PackageManager: Unknown permission com.android.launcher.permission.READ_SETTINGS in package com.honda.settings
01-01 00:00:07.718  2309  2309 W PackageManager: Not granting permission android.permission.DEVICE_POWER to package com.android.deskclock (protectionLevel=2 flags=0x48be45)
01-01 00:00:07.719  2309  2309 W PackageManager: Unknown permission com.google.android.gallery3d.permission.GALLERY_PROVIDER in package com.android.bluetooth
01-01 00:00:07.719  2309  2309 W PackageManager: Unknown permission com.android.gallery3d.permission.GALLERY_PROVIDER in package com.android.bluetooth
01-01 00:00:07.719  2309  2309 W PackageManager: Unknown permission android.permission.MMS_SEND_OUTBOX_MSG in package com.android.bluetooth
01-01 00:00:07.747  2309  2309 I SystemServer: User Service
01-01 00:00:07.755  2309  2309 I SystemServiceManager: Starting com.android.server.lights.LightsService
01-01 00:00:07.759  2309  2309 I SystemServiceManager: Starting com.android.server.BatteryService
01-01 00:00:07.766  2309  2309 I SystemServiceManager: Starting com.android.server.usage.UsageStatsService
01-01 00:00:07.772  2309  2309 I SystemServiceManager: Starting com.android.server.webkit.WebViewUpdateService
01-01 00:00:07.776  2309  2309 I SystemServer: Reading configuration...
01-01 00:00:07.777  2309  2309 I SystemServiceManager: Starting com.android.server.telecom.TelecomLoaderService
01-01 00:00:07.778  2309  2309 I SystemServer: Telephony Registry
01-01 00:00:07.786  2309  2309 I SystemServer: Entropy Mixer
01-01 00:00:07.788  2309  2309 I SystemServer: Account Manager
01-01 00:00:07.792  2309  2309 I SystemServer: Content Manager
01-01 00:00:07.796  2309  2309 I SystemServer: System Content Providers
01-01 00:00:07.819  2309  2309 I SystemServer: Vibrator Service
01-01 00:00:07.821  2309  2309 I SystemServer: Consumer IR Service - disabled
01-01 00:00:07.821  2309  2309 I SystemServiceManager: Starting com.android.server.AlarmManagerService
01-01 00:00:07.825  2309  2309 I SystemServer: Init Watchdog
01-01 00:00:07.825  2309  2309 I SystemServer: Input Manager
01-01 00:00:07.827  2309  2309 I InputManager: Initializing input manager, mUseDevInputEventForAudioJack=false
01-01 00:00:07.829  2309  2309 I SystemServer: Window Manager
01-01 00:00:07.853  2309  2355 I WindowManager: No existing display settings /data/system/display_settings.xml; starting empty
01-01 00:00:07.913  2309  2309 I InputManager: Starting input manager
01-01 00:00:07.915  2309  2309 I SystemServer: Bluetooth Manager Service
01-01 00:00:07.941  2309  2309 I SystemServer: Bluetooth Secure Mode Manager Service
01-01 00:00:07.942  2309  2309 I SystemServer: MediaSourceService
01-01 00:00:07.959  2309  2309 I SystemServer: Input Method Service
01-01 00:00:07.964  2309  2309 W InputMethodManagerService: Couldn't create dir.: /data/system/inputmethod
01-01 00:00:08.076  2309  2309 I SystemServer: Accessibility Manager
01-01 00:00:08.083  2309  2309 I ActivityManager: Config changes=1df8 {1.0 ?mcc?mnc en_US ?layoutDir sw139dp w1339dp h720dp 160dpi nrml long land ?uimode ?night -touch -keyb/v/h -nav/h s.2}
01-01 00:00:08.094  2309  2309 I SystemServer: Mount Service
01-01 00:00:08.102  2309  2413 I ActivityManager: Config changes=8 {1.0 ?mcc?mnc en_US ?layoutDir sw139dp w1339dp h720dp 160dpi nrml long land ?uimode ?night finger -keyb/v/h -nav/h s.3}
01-01 00:00:08.107  2309  2309 D MountService: got storage path: null description: Internal storage primary: true removable: false emulated: true mtpReserve: 100 allowMassStorage: false maxFileSize: 0
01-01 00:00:08.108  2309  2349 W UsageStatsService: User[0] Some stats have no latest available
01-01 00:00:08.108  2309  2309 D MountService: addVolumeLocked() StorageVolume:
01-01 00:00:08.108  2309  2309 D MountService:     mStorageId=65537 mPath=/storage/emulated/0 mDescriptionId=17040808 
01-01 00:00:08.108  2309  2309 D MountService:     mPrimary=true mRemovable=false mEmulated=true mMtpReserveSpace=100 
01-01 00:00:08.108  2309  2309 D MountService:     mAllowMassStorage=false mMaxFileSize=0 mOwner=UserHandle{0} mUuid=null 
01-01 00:00:08.108  2309  2309 D MountService:     mUserLabel=null mState=null 
01-01 00:00:08.108  2309  2309 D MountService: got storage path: /storage/usb0 description: USB storage primary: false removable: true emulated: false mtpReserve: 0 allowMassStorage: true maxFileSize: 0
01-01 00:00:08.109  2309  2309 D MountService: addVolumeLocked() StorageVolume:
01-01 00:00:08.109  2309  2309 D MountService:     mStorageId=0 mPath=/storage/usb0 mDescriptionId=17040810 mPrimary=false 
01-01 00:00:08.109  2309  2309 D MountService:     mRemovable=true mEmulated=false mMtpReserveSpace=0 mAllowMassStorage=true 
01-01 00:00:08.109  2309  2309 D MountService:     mMaxFileSize=0 mOwner=null mUuid=null mUserLabel=null mState=null 
01-01 00:00:08.113  2309  2349 I UsageStatsService: User[0] Rollover scheduled @ 2000-01-02 00:00:00(946771200000)
01-01 00:00:08.116  2309  2309 I SystemServer: LockSettingsService
01-01 00:00:08.120  2309  2309 I SystemServiceManager: Starting com.android.server.devicepolicy.DevicePolicyManagerService$Lifecycle
01-01 00:00:08.125  2309  2309 I SystemServer: Status Bar
01-01 00:00:08.126  2309  2421 D MountService: volume state changed for /storage/usb0 (unmounted -> removed)
01-01 00:00:08.126  2309  2421 W MountService: Duplicate state transition (removed -> removed) for /storage/usb0
01-01 00:00:08.126  2309  2421 W MountService: Duplicate state transition (removed -> removed) for /storage/usb0
01-01 00:00:08.127  2309  2309 I SystemServer: Clipboard Service
01-01 00:00:08.131  2309  2309 I SystemServer: NetworkManagement Service
01-01 00:00:08.137  2309  2309 I SystemServer: Text Service Manager Service
01-01 00:00:08.142  2309  2309 I SystemServer: UpdateLock Service
01-01 00:00:08.142  2309  2423 I SystemServer: Network Score Service
01-01 00:00:08.143  2309  2423 I SystemServer: NetworkStats Service
01-01 00:00:08.152  2309  2423 I SystemServer: NetworkPolicy Service
01-01 00:00:08.162  2309  2423 I SystemServiceManager: Starting com.android.server.wifi.p2p.WifiP2pService
01-01 00:00:08.182  2309  2309 I SystemServiceManager: Starting com.android.server.notification.NotificationManagerService
01-01 00:00:08.208  2309  2309 D ZenLog  : set_zen_mode: off,setting
01-01 00:00:08.210  2309  2423 I SystemServiceManager: Starting com.android.server.wifi.WifiService
01-01 00:00:08.211  2309  2309 I SystemServiceManager: Starting com.android.server.storage.DeviceStorageMonitorService
01-01 00:00:08.213  2309  2309 I SystemServer: Location Manager
01-01 00:00:08.219  2309  2309 I SystemServer: Country Detector - disabled
01-01 00:00:08.219  2309  2309 I SystemServer: Search Service
01-01 00:00:08.221  2309  2309 I SystemServer: DropBox Service
01-01 00:00:08.222  2309  2309 I SystemServer: Wallpaper Service
01-01 00:00:08.226  2309  2309 I SystemServer: Audio Service
01-01 00:00:08.259  2309  2423 I SystemServiceManager: Starting com.android.server.wifi.WifiScanningService
01-01 00:00:08.260  2309  2423 I SystemServiceManager: Starting com.android.server.wifi.RttService
01-01 00:00:08.261  2309  2423 I SystemServiceManager: Starting com.android.server.ethernet.EthernetService
01-01 00:00:08.264  2309  2423 I SystemServer: Connectivity Service
01-01 00:00:08.266  2309  2423 D ConnectivityService: ConnectivityService starting up
01-01 00:00:08.270  2309  2423 D ConnectivityService: wifiOnly=false
01-01 00:00:08.272  2309  2423 E ConnectivityService: Ignoring protectedNetwork 10
01-01 00:00:08.272  2309  2423 E ConnectivityService: Ignoring protectedNetwork 11
01-01 00:00:08.272  2309  2423 E ConnectivityService: Ignoring protectedNetwork 12
01-01 00:00:08.272  2309  2423 E ConnectivityService: Ignoring protectedNetwork 14
01-01 00:00:08.272  2309  2423 E ConnectivityService: Ignoring protectedNetwork 15
01-01 00:00:08.279  2309  2309 I SystemServer: Wired Accessory Manager
01-01 00:00:08.280  2309  2423 I SystemServer: Network Service Discovery Service
01-01 00:00:08.280  2309  2309 W WiredAccessoryManager: This kernel does not have wired headset support
01-01 00:00:08.281  2309  2309 W WiredAccessoryManager: This kernel does not have usb audio support
01-01 00:00:08.281  2309  2309 W WiredAccessoryManager: This kernel does not have HDMI audio support
01-01 00:00:08.281  2309  2309 I SystemServiceManager: Starting com.android.server.usb.UsbService$Lifecycle
01-01 00:00:08.283  2309  2423 D NsdService: Network service discovery enabled true
01-01 00:00:08.283  2309  2309 E UsbDeviceManager: failed to write to /sys/class/android_usb/android0/f_rndis/ethaddr
01-01 00:00:08.286  2309  2309 I SystemServer: Serial Service
01-01 00:00:08.286  2309  2309 I SystemServiceManager: Starting com.android.server.twilight.TwilightService
01-01 00:00:08.289  2309  2309 I SystemServiceManager: Starting com.android.server.UiModeManagerService
01-01 00:00:08.290  2309  2423 W SystemServer: RCB not present
01-01 00:00:08.291  2309  2423 I SystemServiceManager: Starting com.honda.auto.tcu.TcuDataSystemService
01-01 00:00:08.292  2309  2309 I SystemServiceManager: Starting com.android.server.job.JobSchedulerService
01-01 00:00:08.296  2309  2309 I SystemServer: DiskStats Service
01-01 00:00:08.297  2309  2309 I SystemServer: SamplingProfiler Service
01-01 00:00:08.302  2309  2309 I SystemServer: NetworkTimeUpdateService
01-01 00:00:08.303  2309  2309 I SystemServer: CommonTimeManagementService
01-01 00:00:08.304  2309  2309 I SystemServer: CertBlacklister
01-01 00:00:08.304  2309  2309 I SystemServiceManager: Starting com.android.server.dreams.DreamManagerService
01-01 00:00:08.306  2309  2309 I SystemServer: Assets Atlas Service
01-01 00:00:08.308  2309  2309 I SystemServiceManager: Starting com.android.server.restrictions.RestrictionsManagerService
01-01 00:00:08.309  2309  2309 I SystemServiceManager: Starting com.android.server.media.MediaSessionService
01-01 00:00:08.314  2309  2309 I SystemServer: Media Router Service
01-01 00:00:08.315  2309  2309 I SystemServiceManager: Starting com.android.server.trust.TrustManagerService
01-01 00:00:08.316  2309  2309 I SystemServiceManager: Starting com.android.server.fingerprint.FingerprintService
01-01 00:00:08.317  2309  2309 I SystemServer: BackgroundDexOptService
01-01 00:00:08.322  2309  2309 I SystemServiceManager: Starting com.android.server.pm.LauncherAppsService
01-01 00:00:08.323  2309  2309 I SystemServiceManager: Starting com.android.server.media.projection.MediaProjectionManagerService
01-01 00:00:08.329  2309  2309 I SystemServer: StateMachineService
01-01 00:00:08.331  2309  2309 I SystemServiceManager: Starting com.android.server.MmsServiceBroker
01-01 00:00:08.342  2309  2309 E LockSettingsStorage: Cannot read file java.io.FileNotFoundException: /data/system/password.key: open failed: ENOENT (No such file or directory)
01-01 00:00:08.342  2309  2309 E LockSettingsStorage: Cannot read file java.io.FileNotFoundException: /data/system/gesture.key: open failed: ENOENT (No such file or directory)
01-01 00:00:08.342  2309  2309 I SystemServiceManager: Starting phase 480
01-01 00:00:08.342  2309  2309 I SystemServiceManager: Starting phase 500
01-01 00:00:08.348  2309  2430 D WifiService: New client listening to asynchronous messages
01-01 00:00:08.353  2309  2309 D WifiScanningService: New client, channel: null messenger: null
01-01 00:00:08.358  2309  2309 I ActivityManager: Config changes=200 {1.0 ?mcc?mnc en_US ?layoutDir sw139dp w1339dp h720dp 160dpi nrml long land car finger -keyb/v/h -nav/h s.4}
01-01 00:00:08.363  2309  2309 I WindowManager: systemReady() - KeyguardServiceDelegate disabled
01-01 00:00:08.411  2309  2309 I ActivityManager: System now ready
01-01 00:00:08.418  2309  2355 E LocalDisplayAdapter: TJBA Setting resolution to 1920x720
01-01 00:00:08.418  2309  2355 I DisplayManagerService: Display device changed: DisplayDeviceInfo{"Built-in Screen": uniqueId="local:0", 1920 x 720, 57.000004 fps, supportedRefreshRates [57.000004], density 160, 200.0 x 200.0 dpi, appVsyncOff 0, presDeadline 18543859, touch INTERNAL, rotation 0, type BUILT_IN, state ON, FLAG_DEFAULT_DISPLAY, FLAG_ROTATES_WITH_CONTENT, FLAG_SECURE, FLAG_SUPPORTS_PROTECTED_BUFFERS}
01-01 00:00:08.418  2309  2309 I SystemServer: Making services ready
01-01 00:00:08.418  2309  2309 I SystemServiceManager: Starting phase 550
01-01 00:00:08.428  2309  2309 W ActivityManager: Unable to start service Intent { act=com.android.ITelecomService cmp=com.android.server.telecom/.TelecomService } U=0: not found
01-01 00:00:08.430  2309  2309 I SystemServer: WebViewFactory preparation
01-01 00:00:08.445  2309  2456 D UsbHostManager: Added device UsbDevice[mName=/dev/bus/usb/002/001,mVendorId=7531,mProductId=3,mClass=9,mSubclass=0,mProtocol=3,mManufacturerName=Linux 3.14.51 xhci-hcd,mProductName=xHCI Host Controller,mSerialNumber=xhci-hcd.1.auto,mConfigurations=[
01-01 00:00:08.445  2309  2456 D UsbHostManager: UsbConfiguration[mId=1,mName=null,mAttributes=224,mMaxPower=0,mInterfaces=[
01-01 00:00:08.445  2309  2456 D UsbHostManager: UsbInterface[mId=0,mAlternateSetting=0,mName=null,mClass=9,mSubclass=0,mProtocol=0,mEndpoints=[
01-01 00:00:08.445  2309  2456 D UsbHostManager: UsbEndpoint[mAddress=129,mAttributes=3,mMaxPacketSize=4,mInterval=12]]]]
01-01 00:00:08.446  2309  2456 W ContextImpl: Calling a method in the system process without a qualified user: android.app.ContextImpl.sendBroadcast:1367 com.android.server.usb.UsbSettingsManager.deviceAttached:741 com.android.server.usb.UsbHostManager.endUsbDeviceAdded:239 com.android.server.usb.UsbHostManager.monitorUsbHostBus:-2 com.android.server.usb.UsbHostManager.access$000:56 
01-01 00:00:08.458  2309  2309 I ActivityManager: Start proc 2458:WebViewLoader-armeabi-v7a/1037 [android.webkit.WebViewFactory$RelroFileCreator] for 
01-01 00:00:08.458  2309  2419 W MountService: Duplicate state transition (mounted -> mounted) for /storage/emulated/0
01-01 00:00:08.459  2309  2309 I SystemServiceManager: Starting phase 600
01-01 00:00:08.464  2309  2465 D Watchdog: Android watchdog is alive!!!
01-01 00:00:08.493  2309  2350 I ActivityManager: Start proc 2477:com.honda.androidauto.projection.sink/1000 for broadcast com.honda.androidauto.projection.sink/.receiver.StartReceiver
01-01 00:00:08.494  2309  2464 W NetworkStats: bandwidth controls disabled, unable to track stats
01-01 00:00:08.494  2309  2464 W NetworkPolicy: bandwidth controls disabled, unable to enforce policy
01-01 00:00:08.543  2309  2309 I ActivityManager: Start proc 2495:com.android.systemui/u0a10 for service com.android.systemui/.ImageWallpaper
01-01 00:00:08.544  2309  2309 E InputMethodManagerService: Ignoring setImeWindowStatus due to an invalid token. uid:1000 token:null
01-01 00:00:08.565  2309  2456 D UsbHostManager: Added device UsbDevice[mName=/dev/bus/usb/001/002,mVendorId=1060,mProductId=9492,mClass=9,mSubclass=0,mProtocol=2,mManufacturerName=null,mProductName=null,mSerialNumber=null,mConfigurations=[
01-01 00:00:08.565  2309  2456 D UsbHostManager: UsbConfiguration[mId=1,mName=null,mAttributes=224,mMaxPower=1,mInterfaces=[
01-01 00:00:08.565  2309  2456 D UsbHostManager: UsbInterface[mId=0,mAlternateSetting=0,mName=null,mClass=9,mSubclass=0,mProtocol=1,mEndpoints=[
01-01 00:00:08.565  2309  2456 D UsbHostManager: UsbEndpoint[mAddress=129,mAttributes=3,mMaxPacketSize=1,mInterval=12]]
01-01 00:00:08.565  2309  2456 D UsbHostManager: UsbInterface[mId=0,mAlternateSetting=1,mName=null,mClass=9,mSubclass=0,mProtocol=2,mEndpoints=[
01-01 00:00:08.565  2309  2456 D UsbHostManager: UsbEndpoint[mAddress=129,mAttributes=3,mMaxPacketSize=1,mInterval=12]]]]
01-01 00:00:08.565  2309  2456 W ContextImpl: Calling a method in the system process without a qualified user: android.app.ContextImpl.sendBroadcast:1367 com.android.server.usb.UsbSettingsManager.deviceAttached:741 com.android.server.usb.UsbHostManager.endUsbDeviceAdded:239 com.android.server.usb.UsbHostManager.monitorUsbHostBus:-2 com.android.server.usb.UsbHostManager.access$000:56 
01-01 00:00:08.596  2477  2477 W ResourcesManager: Asset path '/system/framework/com.honda.ui.jar' does not exist or contains no resources.
01-01 00:00:08.596  2477  2477 W ResourcesManager: Asset path '/system/framework/com.broadcom.bt.jar' does not exist or contains no resources.
01-01 00:00:08.602  2309  2309 W LocationManagerService: no network location provider found
01-01 00:00:08.611  2309  2456 D UsbHostManager: Added device UsbDevice[mName=/dev/bus/usb/001/001,mVendorId=7531,mProductId=2,mClass=9,mSubclass=0,mProtocol=1,mManufacturerName=Linux 3.14.51 xhci-hcd,mProductName=xHCI Host Controller,mSerialNumber=xhci-hcd.1.auto,mConfigurations=[
01-01 00:00:08.611  2309  2456 D UsbHostManager: UsbConfiguration[mId=1,mName=null,mAttributes=224,mMaxPower=0,mInterfaces=[
01-01 00:00:08.611  2309  2456 D UsbHostManager: UsbInterface[mId=0,mAlternateSetting=0,mName=null,mClass=9,mSubclass=0,mProtocol=0,mEndpoints=[
01-01 00:00:08.611  2309  2456 D UsbHostManager: UsbEndpoint[mAddress=129,mAttributes=3,mMaxPacketSize=4,mInterval=12]]]]
01-01 00:00:08.612  2309  2456 W ContextImpl: Calling a method in the system process without a qualified user: android.app.ContextImpl.sendBroadcast:1367 com.android.server.usb.UsbSettingsManager.deviceAttached:741 com.android.server.usb.UsbHostManager.endUsbDeviceAdded:239 com.android.server.usb.UsbHostManager.monitorUsbHostBus:-2 com.android.server.usb.UsbHostManager.access$000:56 
01-01 00:00:08.644  2309  2309 I ActivityManager: Start proc 2517:com.garmin.android.locationprovider/u0a6 for service com.garmin.android.locationprovider/.GarminLocationProviderService
01-01 00:00:08.651  2309  2309 E LocationManagerService: no geocoder provider found
01-01 00:00:08.652  2309  2309 E LocationManagerService: FLP HAL not supported
01-01 00:00:08.654  2309  2309 E LocationManagerService: Unable to bind FLP Geofence proxy.
01-01 00:00:08.654  2309  2309 E LocationManagerService: Hardware Activity-Recognition not supported.
01-01 00:00:08.676  2309  2309 I MmsServiceBroker: Delay connecting to MmsService until an API is called
01-01 00:00:08.716  2309  2309 I ActivityManager: Start proc 2535:com.redbend.client/1000 for added application com.redbend.client
01-01 00:00:08.722  2309  2309 I ActivityManager: START u0 {act=android.intent.action.MAIN cat=[android.intent.category.HOME] flg=0x10000000 cmp=com.honda.tjba.launcher/.ui.HomeActivity} from uid 0 on display 0
01-01 00:00:08.722  2495  2495 W ResourcesManager: Asset path '/system/framework/com.honda.ui.jar' does not exist or contains no resources.
01-01 00:00:08.723  2495  2495 W ResourcesManager: Asset path '/system/framework/com.broadcom.bt.jar' does not exist or contains no resources.
01-01 00:00:08.737  2309  2309 W ResourcesManager: Asset path '/system/framework/com.honda.ui.jar' does not exist or contains no resources.
01-01 00:00:08.739  2309  2309 V WindowManager: addAppToken: AppWindowToken{208619d5 token=Token{1c035e8c ActivityRecord{1cc277bf u0 com.honda.tjba.launcher/.ui.HomeActivity t1}}} to stack=0 task=1 at 0
01-01 00:00:08.766  2309  2309 I ActivityManager: Start proc 2558:com.honda.tjba.launcher/u0a36 for activity com.honda.tjba.launcher/.ui.HomeActivity
01-01 00:00:08.767  2309  2309 I SystemServer: StartupManagerService
01-01 00:00:08.776  2309  2309 I SystemServer: Enabled StrictMode for system server main thread.
01-01 00:00:08.817  2309  2512 I ActivityManager: Start proc 2579:com.honda.usbmediaservice/1000 for broadcast com.honda.usbmediaservice/.UsbMediaReceiver
01-01 00:00:08.826  2309  2568 D ActivityManager: Setting maxAdj for com.honda.auto.media.hmcmservice
01-01 00:00:08.851  2517  2517 W ResourcesManager: Asset path '/system/framework/com.android.location.provider.jar' does not exist or contains no resources.
01-01 00:00:08.886  2309  2568 I ActivityManager: Start proc 2600:com.honda.auto.media.hmcmservice/1000 for service com.honda.auto.media.hmcmservice/.HMCMService
01-01 00:00:08.887  2309  2577 D ActivityManager: Setting maxAdj for com.honda.auto.shadowvcsprocess
01-01 00:00:08.887  2309  2577 D ActivityManager: Setting maxAdj for com.honda.auto.shadowvcsprocess
01-01 00:00:08.887  2309  2577 D ActivityManager: Setting maxAdj for com.honda.auto.shadowvcsprocess
01-01 00:00:08.887  2309  2577 D ActivityManager: Setting maxAdj for com.honda.auto.shadowvcsprocess
01-01 00:00:08.887  2309  2577 D ActivityManager: Setting maxAdj for com.honda.auto.shadowvcsprocess
01-01 00:00:08.887  2309  2577 D ActivityManager: Setting maxAdj for com.honda.auto.shadowvcsprocess
01-01 00:00:08.887  2309  2577 D ActivityManager: Setting maxAdj for com.honda.auto.shadowvcsprocess
01-01 00:00:08.887  2309  2577 D ActivityManager: Setting maxAdj for com.honda.auto.shadowvcsprocess
01-01 00:00:08.887  2309  2577 D ActivityManager: Setting maxAdj for com.honda.auto.shadowvcsprocess
01-01 00:00:08.887  2309  2577 D ActivityManager: Setting maxAdj for com.honda.auto.shadowvcsprocess
01-01 00:00:08.887  2309  2577 D ActivityManager: Setting maxAdj for com.honda.auto.shadowvcsprocess
01-01 00:00:08.887  2309  2577 D ActivityManager: Setting maxAdj for com.honda.auto.shadowvcsprocess
01-01 00:00:08.887  2309  2577 D ActivityManager: Setting maxAdj for com.honda.auto.shadowvcsprocess
01-01 00:00:08.887  2309  2577 D ActivityManager: Setting maxAdj for com.honda.auto.shadowvcsprocess
01-01 00:00:08.887  2309  2577 D ActivityManager: Setting maxAdj for com.honda.auto.shadowvcsprocess
01-01 00:00:08.887  2309  2577 D ActivityManager: Setting maxAdj for com.honda.auto.shadowvcsprocess
01-01 00:00:08.887  2309  2577 D ActivityManager: Setting maxAdj for com.honda.auto.shadowvcsprocess
01-01 00:00:08.887  2309  2577 D ActivityManager: Setting maxAdj for com.honda.auto.shadowvcsprocess
01-01 00:00:08.887  2309  2577 D ActivityManager: Setting maxAdj for com.honda.auto.shadowvcsprocess
01-01 00:00:08.887  2309  2577 D ActivityManager: Setting maxAdj for com.honda.auto.shadowvcsprocess
01-01 00:00:08.887  2309  2577 D ActivityManager: Setting maxAdj for com.honda.auto.shadowvcsprocess
01-01 00:00:08.887  2309  2577 D ActivityManager: Setting maxAdj for com.honda.auto.shadowvcsprocess
01-01 00:00:08.887  2309  2577 D ActivityManager: Setting maxAdj for com.honda.auto.shadowvcsprocess
01-01 00:00:08.887  2309  2577 D ActivityManager: Setting maxAdj for com.honda.auto.shadowvcsprocess
01-01 00:00:08.888  2309  2577 D ActivityManager: Setting maxAdj for com.honda.auto.shadowvcsprocess
01-01 00:00:08.888  2309  2577 D ActivityManager: Setting maxAdj for com.honda.auto.shadowvcsprocess
01-01 00:00:08.888  2309  2577 D ActivityManager: Setting maxAdj for com.honda.auto.shadowvcsprocess
01-01 00:00:08.888  2309  2577 D ActivityManager: Setting maxAdj for com.honda.auto.shadowvcsprocess
01-01 00:00:08.888  2309  2577 D ActivityManager: Setting maxAdj for com.honda.auto.shadowvcsprocess
01-01 00:00:08.888  2309  2577 D ActivityManager: Setting maxAdj for com.honda.auto.shadowvcsprocess
01-01 00:00:08.888  2309  2577 D ActivityManager: Setting maxAdj for com.honda.auto.shadowvcsprocess
01-01 00:00:08.888  2309  2577 D ActivityManager: Setting maxAdj for com.honda.auto.shadowvcsprocess
01-01 00:00:08.888  2309  2577 D ActivityManager: Setting maxAdj for com.honda.auto.shadowvcsprocess
01-01 00:00:08.888  2309  2577 D ActivityManager: Setting maxAdj for com.honda.auto.shadowvcsprocess
01-01 00:00:08.888  2309  2577 D ActivityManager: Setting maxAdj for com.honda.auto.shadowvcsprocess
01-01 00:00:08.888  2309  2577 D ActivityManager: Setting maxAdj for com.honda.auto.shadowvcsprocess
01-01 00:00:08.888  2309  2577 D ActivityManager: Setting maxAdj for com.honda.auto.shadowvcsprocess
01-01 00:00:08.888  2309  2577 D ActivityManager: Setting maxAdj for com.honda.auto.shadowvcsprocess
01-01 00:00:08.888  2309  2577 D ActivityManager: Setting maxAdj for com.honda.auto.shadowvcsprocess
01-01 00:00:08.888  2309  2577 D ActivityManager: Setting maxAdj for com.honda.auto.shadowvcsprocess
01-01 00:00:08.888  2309  2577 D ActivityManager: Setting maxAdj for com.honda.auto.shadowvcsprocess
01-01 00:00:08.888  2309  2577 D ActivityManager: Setting maxAdj for com.honda.auto.shadowvcsprocess
01-01 00:00:08.888  2309  2577 D ActivityManager: Setting maxAdj for com.honda.auto.shadowvcsprocess
01-01 00:00:08.925  2309  2577 I ActivityManager: Start proc 2617:com.honda.auto.shadowvcsprocess/1000 for service com.honda.auto.amplifierservice/.AmplifierService
01-01 00:00:08.934  2309  2595 D ActivityManager: Setting maxAdj for com.honda.auto.audio.vlsservice
01-01 00:00:08.939  2558  2558 W ResourcesManager: Asset path '/system/framework/com.honda.ui.jar' does not exist or contains no resources.
01-01 00:00:08.985  2309  2595 I ActivityManager: Start proc 2634:com.honda.auto.audio.vlsservice/1000 for service com.honda.auto.audio.vlsservice/.VLSService
01-01 00:00:08.986  2309  2597 D ActivityManager: Setting maxAdj for com.honda.auto.datetime
01-01 00:00:09.017  2309  2597 I ActivityManager: Start proc 2651:com.honda.auto.datetime/1000 for service com.honda.auto.datetime/.DateTimeService
01-01 00:00:09.024  2309  2309 V ActivityManager: Display changed displayId=0
01-01 00:00:09.024  2309  2309 V ActivityManager: Display changed displayId=0
01-01 00:00:09.025  2309  2309 V ActivityManager: Display changed displayId=0
01-01 00:00:09.026  2309  2586 D ActivityManager: Setting maxAdj for com.honda.auto.media.mass
01-01 00:00:09.028  2309  2309 V ActivityManager: Display changed displayId=0
01-01 00:00:09.035  2579  2579 W ResourcesManager: Asset path '/system/framework/honda-lib.jar' does not exist or contains no resources.
01-01 00:00:09.035  2579  2579 W ResourcesManager: Asset path '/system/framework/com.honda.applicationsicon.jar' does not exist or contains no resources.
01-01 00:00:09.066  2309  2586 I ActivityManager: Start proc 2668:com.honda.auto.media.mass/1000 for service com.honda.auto.media.mass/.MainAudioStateService
01-01 00:00:09.067  2309  2598 D ActivityManager: Setting maxAdj for com.honda.tjba.navigation
01-01 00:00:09.107  2309  2598 I ActivityManager: Start proc 2685:com.honda.tjba.navigation/u0a26 for service com.honda.tjba.navigation/.NavigationCoreService
01-01 00:00:09.139  2634  2634 W ResourcesManager: Asset path '/system/framework/com.honda.auto.media.jar' does not exist or contains no resources.
01-01 00:00:09.144  2309  2309 D ZenLog  : downtime: Autotrigger skipped: not in downtime
01-01 00:00:09.146  2309  2309 V WiredAccessoryManager: init()
01-01 00:00:09.163  2617  2617 W ResourcesManager: Asset path '/system/framework/com.honda.auto.media.jar' does not exist or contains no resources.
01-01 00:00:09.190  2600  2600 W ResourcesManager: Asset path '/system/framework/com.honda.auto.media.jar' does not exist or contains no resources.
01-01 00:00:09.208  2668  2668 W ResourcesManager: Asset path '/system/framework/com.honda.auto.media.jar' does not exist or contains no resources.
01-01 00:40:44.012  2685  2685 W ResourcesManager: Asset path '/system/framework/com.honda.auto.navigation.jar' does not exist or contains no resources.
01-01 00:40:44.022  2309  2355 W WindowManager: ***** BOOT TIMEOUT: forcing display enabled
01-01 00:40:44.064  2309  2350 I ActivityManager: Start proc 2726:com.android.deskclock/u0a17 for broadcast com.android.deskclock/.AlarmInitReceiver
01-01 00:40:44.072  2309  2309 V ActivityManager: Display changed displayId=0
01-01 00:40:44.205  2309  2327 I ActivityManager: Start proc 2753:android.process.acore/u0a43 for content provider com.honda.providers.tjba.shortcutsprovider/com.honda.provider.shortcutsprovider.core.ShortcutsProvider
01-01 00:40:44.237  2617  2617 W ResourcesManager: Asset path '/system/framework/com.honda.auto.media.jar' does not exist or contains no resources.
01-01 00:40:44.339  2600  2600 W ContextImpl: Calling a method in the system process without a qualified user: android.app.ContextImpl.sendBroadcast:1367 android.content.ContextWrapper.sendBroadcast:377 com.honda.auto.media.hmcmservice.HMCMReadyManager.run:57 android.os.Handler.handleCallback:739 android.os.Handler.dispatchMessage:95 
01-01 00:40:44.646  2634  2780 W ContextImpl: Calling a method in the system process without a qualified user: android.app.ContextImpl.sendBroadcast:1367 android.content.ContextWrapper.sendBroadcast:377 com.honda.auto.audio.vlsservice.most.server.VirtualLocalAudioServer.sendVLSBroadcastInit:443 com.honda.auto.audio.vlsservice.most.server.VirtualLocalAudioServer.run:191 java.lang.Thread.run:818 
01-01 00:40:44.681  2558  2558 W ResourcesManager: Asset path '/system/framework/com.honda.ui.jar' does not exist or contains no resources.
01-01 00:40:44.696  2558  2558 W ResourcesManager: Asset path '/system/framework/com.honda.auto.navigation.jar' does not exist or contains no resources.
01-01 00:40:44.714  2558  2558 W ResourcesManager: Asset path '/system/framework/com.honda.applicationsicon.jar' does not exist or contains no resources.
01-01 00:40:44.714  2558  2558 W ResourcesManager: Asset path '/system/framework/com.honda.mapconnection.jar' does not exist or contains no resources.
01-01 00:40:44.714  2558  2558 W ResourcesManager: Asset path '/system/framework/com.honda.ui.jar' does not exist or contains no resources.
01-01 00:40:44.714  2558  2558 W ResourcesManager: Asset path '/system/framework/com.broadcom.bt.jar' does not exist or contains no resources.
01-01 00:40:44.739  2558  2558 W ResourcesManager: Asset path '/system/framework/com.honda.ui.jar' does not exist or contains no resources.
01-01 00:40:44.754  2558  2558 W ResourcesManager: Asset path '/system/framework/com.honda.applicationsicon.jar' does not exist or contains no resources.
01-01 00:40:44.754  2558  2558 W ResourcesManager: Asset path '/system/framework/com.honda.ui.jar' does not exist or contains no resources.
01-01 00:40:44.754  2558  2558 W ResourcesManager: Asset path '/system/framework/com.broadcom.bt.jar' does not exist or contains no resources.
01-01 00:40:44.782  2558  2558 W ResourcesManager: Asset path '/system/framework/com.honda.touchbridge.jar' does not exist or contains no resources.
01-01 00:40:44.782  2558  2558 W ResourcesManager: Asset path '/system/framework/javax.obex.jar' does not exist or contains no resources.
01-01 00:40:44.782  2558  2558 W ResourcesManager: Asset path '/system/framework/com.honda.applicationsicon.jar' does not exist or contains no resources.
01-01 00:40:44.783  2558  2558 W ResourcesManager: Asset path '/system/framework/com.honda.ui.jar' does not exist or contains no resources.
01-01 00:40:44.783  2558  2558 W ResourcesManager: Asset path '/system/framework/com.broadcom.bt.jar' does not exist or contains no resources.
01-01 00:40:44.794  2558  2558 W ResourcesManager: Asset path '/system/framework/com.honda.ui.jar' does not exist or contains no resources.
01-01 00:40:44.794  2558  2558 W ResourcesManager: Asset path '/system/framework/com.broadcom.bt.jar' does not exist or contains no resources.
01-01 00:40:44.820  2558  2558 W ResourcesManager: Asset path '/system/framework/com.honda.ui.jar' does not exist or contains no resources.
01-01 00:40:44.820  2558  2558 W ResourcesManager: Asset path '/system/framework/com.broadcom.bt.jar' does not exist or contains no resources.
01-01 00:40:44.838  2558  2558 W ResourcesManager: Asset path '/system/framework/com.honda.ui.jar' does not exist or contains no resources.
01-01 00:40:44.854  2558  2558 W ResourcesManager: Asset path '/system/framework/com.honda.ipod.jar' does not exist or contains no resources.
01-01 00:40:44.854  2558  2558 W ResourcesManager: Asset path '/system/framework/com.honda.ui.jar' does not exist or contains no resources.
01-01 00:40:44.862  2558  2558 W ResourcesManager: Asset path '/system/framework/com.honda.ui.jar' does not exist or contains no resources.
01-01 00:40:44.898  2309  2325 I ActivityManager: Start proc 2798:com.honda.auto.diagnostics/1000 for broadcast com.honda.auto.diagnostics/.developer.audiomanager.AudioManagerTestHmcmReadyReceiver
01-01 00:40:44.964  2309  2570 I ActivityManager: Start proc 2814:com.honda.tjba.phone/u0a37 for service com.honda.tjba.phone/.service.PhoneShortcutService
01-01 00:40:45.041  2309  2512 V WindowManager: Based on layer: Adding window Window{10ea674 u0 com.honda.tjba.launcher/com.honda.tjba.launcher.ui.HomeActivity} at 1 of 1
01-01 00:40:45.057  2814  2814 W ResourcesManager: Asset path '/system/framework/com.honda.applicationsicon.jar' does not exist or contains no resources.
01-01 00:40:45.057  2814  2814 W ResourcesManager: Asset path '/system/framework/com.honda.mapconnection.jar' does not exist or contains no resources.
01-01 00:40:45.058  2814  2814 W ResourcesManager: Asset path '/system/framework/com.honda.ui.jar' does not exist or contains no resources.
01-01 00:40:45.058  2814  2814 W ResourcesManager: Asset path '/system/framework/com.broadcom.bt.jar' does not exist or contains no resources.
01-01 00:40:45.060  2798  2798 W ResourcesManager: Asset path '/system/framework/com.honda.touchbridge.jar' does not exist or contains no resources.
01-01 00:40:45.061  2798  2798 W ResourcesManager: Asset path '/system/framework/com.broadcom.bt.jar' does not exist or contains no resources.
01-01 00:40:45.096  2309  2325 I ActivityManager: Start proc 2834:com.honda.carplay/u0a15 for service com.honda.carplay/.service.IconItemService
