07-26 15:22:33.407  2309  2309 I notification_canceled: [0|com.honda.telephonyservice|4660|null|1000,2]
07-26 15:22:34.398  2309  2309 I notification_enqueue: [1000,2965,com.honda.telephonyservice,4660,NULL,0,Notification(pri=0 contentView=null vibrate=null sound=null defaults=0x0 flags=0x0 color=0x00000000 category=call vis=PRIVATE),0]
07-26 15:22:34.405  2309  2309 I notification_cancel: [10010,2495,com.honda.telephonyservice,4660,NULL,0,0,66,2,NULL]
07-26 15:22:34.405  2309  2309 I notification_canceled: [0|com.honda.telephonyservice|4660|null|1000,2]
07-26 15:22:35.396  2309  2309 I notification_enqueue: [1000,2965,com.honda.telephonyservice,4660,NULL,0,Notification(pri=0 contentView=null vibrate=null sound=null defaults=0x0 flags=0x0 color=0x00000000 category=call vis=PRIVATE),0]
07-26 15:22:35.405  2309  2309 I notification_cancel: [10010,2495,com.honda.telephonyservice,4660,NULL,0,0,66,2,NULL]
07-26 15:22:35.405  2309  2309 I notification_canceled: [0|com.honda.telephonyservice|4660|null|1000,2]
07-26 15:22:36.396  2309  2309 I notification_enqueue: [1000,2965,com.honda.telephonyservice,4660,NULL,0,Notification(pri=0 contentView=null vibrate=null sound=null defaults=0x0 flags=0x0 color=0x00000000 category=call vis=PRIVATE),0]
07-26 15:22:36.405  2309  2309 I notification_cancel: [10010,2495,com.honda.telephonyservice,4660,NULL,0,0,66,2,NULL]
07-26 15:22:36.405  2309  2309 I notification_canceled: [0|com.honda.telephonyservice|4660|null|1000,2]
07-26 15:22:37.395  2309  2309 I notification_enqueue: [1000,2965,com.honda.telephonyservice,4660,NULL,0,Notification(pri=0 contentView=null vibrate=null sound=null defaults=0x0 flags=0x0 color=0x00000000 category=call vis=PRIVATE),0]
07-26 15:22:37.403  2309  2309 I notification_cancel: [10010,2495,com.honda.telephonyservice,4660,NULL,0,0,66,2,NULL]
07-26 15:22:37.404  2309  2309 I notification_canceled: [0|com.honda.telephonyservice|4660|null|1000,2]
07-26 15:22:38.396  2309  2309 I notification_enqueue: [1000,2965,com.honda.telephonyservice,4660,NULL,0,Notification(pri=0 contentView=null vibrate=null sound=null defaults=0x0 flags=0x0 color=0x00000000 category=call vis=PRIVATE),0]
07-26 15:22:38.402  2309  2309 I notification_cancel: [10010,2495,com.honda.telephonyservice,4660,NULL,0,0,66,2,NULL]
07-26 15:22:38.402  2309  2309 I notification_canceled: [0|com.honda.telephonyservice|4660|null|1000,2]
07-26 15:22:39.395  2309  2309 I notification_enqueue: [1000,2965,com.honda.telephonyservice,4660,NULL,0,Notification(pri=0 contentView=null vibrate=null sound=null defaults=0x0 flags=0x0 color=0x00000000 category=call vis=PRIVATE),0]
07-26 15:22:39.404  2309  2309 I notification_cancel: [10010,2495,com.honda.telephonyservice,4660,NULL,0,0,66,2,NULL]
07-26 15:22:39.404  2309  2309 I notification_canceled: [0|com.honda.telephonyservice|4660|null|1000,2]
07-26 15:22:40.212  2374  2374 I auditd  : type=1400 audit(0.0:34): avc: denied { write } for comm="Binder_1" name="dr_playback_commands" dev="tmpfs" ino=5078 scontext=u:r:system_server:s0 tcontext=u:object_r:socket_device:s0 tclass=sock_file permissive=1
07-26 15:22:40.395  2309  2309 I notification_enqueue: [1000,2965,com.honda.telephonyservice,4660,NULL,0,Notification(pri=0 contentView=null vibrate=null sound=null defaults=0x0 flags=0x0 color=0x00000000 category=call vis=PRIVATE),0]
07-26 15:22:40.405  2309  2309 I notification_cancel: [10010,2495,com.honda.telephonyservice,4660,NULL,0,0,66,2,NULL]
07-26 15:22:40.405  2309  2309 I notification_canceled: [0|com.honda.telephonyservice|4660|null|1000,2]
07-26 15:22:41.397  2309  2309 I notification_enqueue: [1000,2965,com.honda.telephonyservice,4660,NULL,0,Notification(pri=0 contentView=null vibrate=null sound=null defaults=0x0 flags=0x0 color=0x00000000 category=call vis=PRIVATE),0]
07-26 15:22:41.410  2309  2309 I notification_cancel: [10010,2495,com.honda.telephonyservice,4660,NULL,0,0,66,2,NULL]
07-26 15:22:41.410  2309  2309 I notification_canceled: [0|com.honda.telephonyservice|4660|null|1000,2]
07-26 15:22:42.399  2309  2309 I notification_enqueue: [1000,2965,com.honda.telephonyservice,4660,NULL,0,Notification(pri=0 contentView=null vibrate=null sound=null defaults=0x0 flags=0x0 color=0x00000000 category=call vis=PRIVATE),0]
07-26 15:22:42.409  2309  2309 I notification_cancel: [10010,2495,com.honda.telephonyservice,4660,NULL,0,0,66,2,NULL]
07-26 15:22:42.410  2309  2309 I notification_canceled: [0|com.honda.telephonyservice|4660|null|1000,2]
07-26 15:22:43.397  2309  2309 I notification_enqueue: [1000,2965,com.honda.telephonyservice,4660,NULL,0,Notification(pri=0 contentView=null vibrate=null sound=null defaults=0x0 flags=0x0 color=0x00000000 category=call vis=PRIVATE),0]
07-26 15:22:43.410  2309  2309 I notification_cancel: [10010,2495,com.honda.telephonyservice,4660,NULL,0,0,66,2,NULL]
07-26 15:22:43.411  2309  2309 I notification_canceled: [0|com.honda.telephonyservice|4660|null|1000,2]
07-26 15:22:44.398  2309  2309 I notification_enqueue: [1000,2965,com.honda.telephonyservice,4660,NULL,0,Notification(pri=0 contentView=null vibrate=null sound=null defaults=0x0 flags=0x0 color=0x00000000 category=call vis=PRIVATE),0]
07-26 15:22:44.415  2309  2309 I notification_cancel: [10010,2495,com.honda.telephonyservice,4660,NULL,0,0,66,2,NULL]
07-26 15:22:44.416  2309  2309 I notification_canceled: [0|com.honda.telephonyservice|4660|null|1000,2]
07-26 15:22:45.398  2309  2309 I notification_enqueue: [1000,2965,com.honda.telephonyservice,4660,NULL,0,Notification(pri=0 contentView=null vibrate=null sound=null defaults=0x0 flags=0x0 color=0x00000000 category=call vis=PRIVATE),0]
07-26 15:22:45.406  2309  2309 I notification_cancel: [10010,2495,com.honda.telephonyservice,4660,NULL,0,0,66,2,NULL]
07-26 15:22:45.407  2309  2309 I notification_canceled: [0|com.honda.telephonyservice|4660|null|1000,2]
07-26 15:22:46.398  2309  2309 I notification_enqueue: [1000,2965,com.honda.telephonyservice,4660,NULL,0,Notification(pri=0 contentView=null vibrate=null sound=null defaults=0x0 flags=0x0 color=0x00000000 category=call vis=PRIVATE),0]
07-26 15:22:46.406  2309  2309 I notification_cancel: [10010,2495,com.honda.telephonyservice,4660,NULL,0,0,66,2,NULL]
07-26 15:22:46.406  2309  2309 I notification_canceled: [0|com.honda.telephonyservice|4660|null|1000,2]
07-26 15:22:47.395  2309  2309 I notification_enqueue: [1000,2965,com.honda.telephonyservice,4660,NULL,0,Notification(pri=0 contentView=null vibrate=null sound=null defaults=0x0 flags=0x0 color=0x00000000 category=call vis=PRIVATE),0]
07-26 15:22:47.411  2309  2309 I notification_cancel: [10010,2495,com.honda.telephonyservice,4660,NULL,0,0,66,2,NULL]
07-26 15:22:47.411  2309  2309 I notification_canceled: [0|com.honda.telephonyservice|4660|null|1000,2]
07-26 15:22:48.400  2309  2309 I notification_enqueue: [1000,2965,com.honda.telephonyservice,4660,NULL,0,Notification(pri=0 contentView=null vibrate=null sound=null defaults=0x0 flags=0x0 color=0x00000000 category=call vis=PRIVATE),0]
07-26 15:22:48.413  2309  2309 I notification_cancel: [10010,2495,com.honda.telephonyservice,4660,NULL,0,0,66,2,NULL]
07-26 15:22:48.413  2309  2309 I notification_canceled: [0|com.honda.telephonyservice|4660|null|1000,2]
07-26 15:22:49.400  2309  2309 I notification_enqueue: [1000,2965,com.honda.telephonyservice,4660,NULL,0,Notification(pri=0 contentView=null vibrate=null sound=null defaults=0x0 flags=0x0 color=0x00000000 category=call vis=PRIVATE),0]
07-26 15:22:49.413  2309  2309 I notification_cancel: [10010,2495,com.honda.telephonyservice,4660,NULL,0,0,66,2,NULL]
07-26 15:22:49.413  2309  2309 I notification_canceled: [0|com.honda.telephonyservice|4660|null|1000,2]
07-26 15:22:50.398  2309  2309 I notification_enqueue: [1000,2965,com.honda.telephonyservice,4660,NULL,0,Notification(pri=0 contentView=null vibrate=null sound=null defaults=0x0 flags=0x0 color=0x00000000 category=call vis=PRIVATE),0]
07-26 15:22:50.407  2309  2309 I notification_cancel: [10010,2495,com.honda.telephonyservice,4660,NULL,0,0,66,2,NULL]
07-26 15:22:50.407  2309  2309 I notification_canceled: [0|com.honda.telephonyservice|4660|null|1000,2]
07-26 15:22:51.396  2309  2309 I notification_enqueue: [1000,2965,com.honda.telephonyservice,4660,NULL,0,Notification(pri=0 contentView=null vibrate=null sound=null defaults=0x0 flags=0x0 color=0x00000000 category=call vis=PRIVATE),0]
07-26 15:22:51.402  2309  2309 I notification_cancel: [10010,2495,com.honda.telephonyservice,4660,NULL,0,0,66,2,NULL]
07-26 15:22:51.403  2309  2309 I notification_canceled: [0|com.honda.telephonyservice|4660|null|1000,2]
07-26 15:22:52.102  2387  2387 I auditd  : type=1400 audit(0.0:35): avc: denied { connectto } for comm="dr_hal_service" path="/dev/socket/dr_recording_commands" scontext=u:r:gpsd:s0 tcontext=u:r:init:s0 tclass=unix_stream_socket permissive=1
07-26 15:22:52.398  2309  2309 I notification_enqueue: [1000,2965,com.honda.telephonyservice,4660,NULL,0,Notification(pri=0 contentView=null vibrate=null sound=null defaults=0x0 flags=0x0 color=0x00000000 category=call vis=PRIVATE),0]
07-26 15:22:52.404  2309  2309 I notification_cancel: [10010,2495,com.honda.telephonyservice,4660,NULL,0,0,66,2,NULL]
07-26 15:22:52.404  2309  2309 I notification_canceled: [0|com.honda.telephonyservice|4660|null|1000,2]
07-26 15:22:52.807  2309  2700 I force_gc: Binder
07-26 15:22:53.256  3313  6215 I force_gc: Binder
07-26 15:22:53.398  2309  2309 I notification_enqueue: [1000,2965,com.honda.telephonyservice,4660,NULL,0,Notification(pri=0 contentView=null vibrate=null sound=null defaults=0x0 flags=0x0 color=0x00000000 category=call vis=PRIVATE),0]
07-26 15:22:53.415  2309  2309 I notification_cancel: [10010,2495,com.honda.telephonyservice,4660,NULL,0,0,66,2,NULL]
07-26 15:22:53.415  2309  2309 I notification_canceled: [0|com.honda.telephonyservice|4660|null|1000,2]
07-26 15:22:54.398  2309  2309 I notification_enqueue: [1000,2965,com.honda.telephonyservice,4660,NULL,0,Notification(pri=0 contentView=null vibrate=null sound=null defaults=0x0 flags=0x0 color=0x00000000 category=call vis=PRIVATE),0]
07-26 15:22:54.405  2309  2309 I notification_cancel: [10010,2495,com.honda.telephonyservice,4660,NULL,0,0,66,2,NULL]
07-26 15:22:54.405  2309  2309 I notification_canceled: [0|com.honda.telephonyservice|4660|null|1000,2]
07-26 15:22:55.398  2309  2309 I notification_enqueue: [1000,2965,com.honda.telephonyservice,4660,NULL,0,Notification(pri=0 contentView=null vibrate=null sound=null defaults=0x0 flags=0x0 color=0x00000000 category=call vis=PRIVATE),0]
07-26 15:22:55.404  2309  2309 I notification_cancel: [10010,2495,com.honda.telephonyservice,4660,NULL,0,0,66,2,NULL]
07-26 15:22:55.404  2309  2309 I notification_canceled: [0|com.honda.telephonyservice|4660|null|1000,2]
07-26 15:22:55.902  2309  2325 I dvm_lock_sample: [system_server,1,Binder_1,5,LocationManagerService.java,919,-,2280,1]
07-26 15:22:56.398  2309  2309 I notification_enqueue: [1000,2965,com.honda.telephonyservice,4660,NULL,0,Notification(pri=0 contentView=null vibrate=null sound=null defaults=0x0 flags=0x0 color=0x00000000 category=call vis=PRIVATE),0]
07-26 15:22:56.405  2309  2309 I notification_cancel: [10010,2495,com.honda.telephonyservice,4660,NULL,0,0,66,2,NULL]
07-26 15:22:56.405  2309  2309 I notification_canceled: [0|com.honda.telephonyservice|4660|null|1000,2]
07-26 15:22:57.403  2309  2309 I notification_enqueue: [1000,2965,com.honda.telephonyservice,4660,NULL,0,Notification(pri=0 contentView=null vibrate=null sound=null defaults=0x0 flags=0x0 color=0x00000000 category=call vis=PRIVATE),0]
07-26 15:22:57.416  2309  2309 I notification_cancel: [10010,2495,com.honda.telephonyservice,4660,NULL,0,0,66,2,NULL]
07-26 15:22:57.416  2309  2309 I notification_canceled: [0|com.honda.telephonyservice|4660|null|1000,2]
07-26 15:22:58.402  2309  2309 I notification_enqueue: [1000,2965,com.honda.telephonyservice,4660,NULL,0,Notification(pri=0 contentView=null vibrate=null sound=null defaults=0x0 flags=0x0 color=0x00000000 category=call vis=PRIVATE),0]
07-26 15:22:58.434  2309  2309 I notification_cancel: [10010,2495,com.honda.telephonyservice,4660,NULL,0,0,66,2,NULL]
07-26 15:22:58.434  2309  2309 I notification_canceled: [0|com.honda.telephonyservice|4660|null|1000,2]
07-26 15:22:59.398  2309  2309 I notification_enqueue: [1000,2965,com.honda.telephonyservice,4660,NULL,0,Notification(pri=0 contentView=null vibrate=null sound=null defaults=0x0 flags=0x0 color=0x00000000 category=call vis=PRIVATE),0]
07-26 15:22:59.403  2309  2309 I notification_cancel: [10010,2495,com.honda.telephonyservice,4660,NULL,0,0,66,2,NULL]
07-26 15:22:59.404  2309  2309 I notification_canceled: [0|com.honda.telephonyservice|4660|null|1000,2]
07-26 15:23:00.398  2309  2309 I notification_enqueue: [1000,2965,com.honda.telephonyservice,4660,NULL,0,Notification(pri=0 contentView=null vibrate=null sound=null defaults=0x0 flags=0x0 color=0x00000000 category=call vis=PRIVATE),0]
07-26 15:23:00.407  2309  2309 I notification_cancel: [10010,2495,com.honda.telephonyservice,4660,NULL,0,0,66,2,NULL]
07-26 15:23:00.407  2309  2309 I notification_canceled: [0|com.honda.telephonyservice|4660|null|1000,2]
07-26 15:23:00.567  2309  2657 I am_proc_start: [0,9498,1000,com.honda.auto.linkmanager.helperservice:lmsrv,service,com.honda.auto.linkmanager.helperservice/uie.linkmanager.LinkManagerService]
07-26 15:23:00.609  2309  3176 I am_proc_bound: [0,9498,com.honda.auto.linkmanager.helperservice:lmsrv]
07-26 15:23:00.699  2309  2570 I force_gc: Binder
07-26 15:23:01.329  2309  2512 I am_proc_died: [0,9498,com.honda.auto.linkmanager.helperservice:lmsrv]
07-26 15:23:01.402  2309  2309 I notification_enqueue: [1000,2965,com.honda.telephonyservice,4660,NULL,0,Notification(pri=0 contentView=null vibrate=null sound=null defaults=0x0 flags=0x0 color=0x00000000 category=call vis=PRIVATE),0]
07-26 15:23:01.408  2309  2309 I notification_cancel: [10010,2495,com.honda.telephonyservice,4660,NULL,0,0,66,2,NULL]
07-26 15:23:01.408  2309  2309 I notification_canceled: [0|com.honda.telephonyservice|4660|null|1000,2]
07-26 15:23:02.399  2309  2309 I notification_enqueue: [1000,2965,com.honda.telephonyservice,4660,NULL,0,Notification(pri=0 contentView=null vibrate=null sound=null defaults=0x0 flags=0x0 color=0x00000000 category=call vis=PRIVATE),0]
07-26 15:23:02.406  2309  2309 I notification_cancel: [10010,2495,com.honda.telephonyservice,4660,NULL,0,0,66,2,NULL]
07-26 15:23:02.407  2309  2309 I notification_canceled: [0|com.honda.telephonyservice|4660|null|1000,2]
07-26 15:23:03.396  2309  2309 I notification_enqueue: [1000,2965,com.honda.telephonyservice,4660,NULL,0,Notification(pri=0 contentView=null vibrate=null sound=null defaults=0x0 flags=0x0 color=0x00000000 category=call vis=PRIVATE),0]
07-26 15:23:03.406  2309  2309 I notification_cancel: [10010,2495,com.honda.telephonyservice,4660,NULL,0,0,66,2,NULL]
07-26 15:23:03.406  2309  2309 I notification_canceled: [0|com.honda.telephonyservice|4660|null|1000,2]
07-26 15:23:04.399  2309  2309 I notification_enqueue: [1000,2965,com.honda.telephonyservice,4660,NULL,0,Notification(pri=0 contentView=null vibrate=null sound=null defaults=0x0 flags=0x0 color=0x00000000 category=call vis=PRIVATE),0]
07-26 15:23:04.411  2309  2309 I notification_cancel: [10010,2495,com.honda.telephonyservice,4660,NULL,0,0,66,2,NULL]
07-26 15:23:04.411  2309  2309 I notification_canceled: [0|com.honda.telephonyservice|4660|null|1000,2]
07-26 15:23:05.408  2309  2309 I notification_enqueue: [1000,2965,com.honda.telephonyservice,4660,NULL,0,Notification(pri=0 contentView=null vibrate=null sound=null defaults=0x0 flags=0x0 color=0x00000000 category=call vis=PRIVATE),0]
07-26 15:23:05.481  2309  2309 I notification_cancel: [10010,2495,com.honda.telephonyservice,4660,NULL,0,0,66,2,NULL]
07-26 15:23:05.481  2309  2309 I notification_canceled: [0|com.honda.telephonyservice|4660|null|1000,2]
07-26 15:23:06.404  2309  2309 I notification_enqueue: [1000,2965,com.honda.telephonyservice,4660,NULL,0,Notification(pri=0 contentView=null vibrate=null sound=null defaults=0x0 flags=0x0 color=0x00000000 category=call vis=PRIVATE),0]
07-26 15:23:06.437  2309  2309 I notification_cancel: [10010,2495,com.honda.telephonyservice,4660,NULL,0,0,66,2,NULL]
07-26 15:23:06.438  2309  2309 I notification_canceled: [0|com.honda.telephonyservice|4660|null|1000,2]
07-26 15:23:07.413  2309  2309 I notification_enqueue: [1000,2965,com.honda.telephonyservice,4660,NULL,0,Notification(pri=0 contentView=null vibrate=null sound=null defaults=0x0 flags=0x0 color=0x00000000 category=call vis=PRIVATE),0]
07-26 15:23:07.454  2309  2309 I notification_cancel: [10010,2495,com.honda.telephonyservice,4660,NULL,0,0,66,2,NULL]
07-26 15:23:07.454  2309  2309 I notification_canceled: [0|com.honda.telephonyservice|4660|null|1000,2]
07-26 15:23:08.404  2309  2309 I notification_enqueue: [1000,2965,com.honda.telephonyservice,4660,NULL,0,Notification(pri=0 contentView=null vibrate=null sound=null defaults=0x0 flags=0x0 color=0x00000000 category=call vis=PRIVATE),0]
07-26 15:23:08.417  2309  2309 I notification_cancel: [10010,2495,com.honda.telephonyservice,4660,NULL,0,0,66,2,NULL]
07-26 15:23:08.418  2309  2309 I notification_canceled: [0|com.honda.telephonyservice|4660|null|1000,2]
07-26 15:23:09.406  2309  2309 I notification_enqueue: [1000,2965,com.honda.telephonyservice,4660,NULL,0,Notification(pri=0 contentView=null vibrate=null sound=null defaults=0x0 flags=0x0 color=0x00000000 category=call vis=PRIVATE),0]
07-26 15:23:09.431  2309  2309 I notification_cancel: [10010,2495,com.honda.telephonyservice,4660,NULL,0,0,66,2,NULL]
07-26 15:23:09.431  2309  2309 I notification_canceled: [0|com.honda.telephonyservice|4660|null|1000,2]
07-26 15:23:10.421  2309  2309 I notification_enqueue: [1000,2965,com.honda.telephonyservice,4660,NULL,0,Notification(pri=0 contentView=null vibrate=null sound=null defaults=0x0 flags=0x0 color=0x00000000 category=call vis=PRIVATE),0]
07-26 15:23:10.438  2309  2309 I notification_cancel: [10010,2495,com.honda.telephonyservice,4660,NULL,0,0,66,2,NULL]
07-26 15:23:10.439  2309  2309 I notification_canceled: [0|com.honda.telephonyservice|4660|null|1000,2]
07-26 15:23:11.400  2309  2309 I notification_enqueue: [1000,2965,com.honda.telephonyservice,4660,NULL,0,Notification(pri=0 contentView=null vibrate=null sound=null defaults=0x0 flags=0x0 color=0x00000000 category=call vis=PRIVATE),0]
07-26 15:23:11.412  2309  2309 I notification_cancel: [10010,2495,com.honda.telephonyservice,4660,NULL,0,0,66,2,NULL]
07-26 15:23:11.412  2309  2309 I notification_canceled: [0|com.honda.telephonyservice|4660|null|1000,2]
07-26 15:23:12.396  2309  2309 I notification_enqueue: [1000,2965,com.honda.telephonyservice,4660,NULL,0,Notification(pri=0 contentView=null vibrate=null sound=null defaults=0x0 flags=0x0 color=0x00000000 category=call vis=PRIVATE),0]
07-26 15:23:12.408  2309  2309 I notification_cancel: [10010,2495,com.honda.telephonyservice,4660,NULL,0,0,66,2,NULL]
07-26 15:23:12.408  2309  2309 I notification_canceled: [0|com.honda.telephonyservice|4660|null|1000,2]
07-26 15:23:13.166  2309  9760 I dvm_lock_sample: [system_server,1,Binder_F,66,LocationManagerService.java,1715,-,2280,13]
07-26 15:23:13.403  2309  2309 I notification_enqueue: [1000,2965,com.honda.telephonyservice,4660,NULL,0,Notification(pri=0 contentView=null vibrate=null sound=null defaults=0x0 flags=0x0 color=0x00000000 category=call vis=PRIVATE),0]
07-26 15:23:13.426  2309  2309 I notification_cancel: [10010,2495,com.honda.telephonyservice,4660,NULL,0,0,66,2,NULL]
07-26 15:23:13.426  2309  2309 I notification_canceled: [0|com.honda.telephonyservice|4660|null|1000,2]
07-26 15:23:14.446  2309  2309 I notification_enqueue: [1000,2965,com.honda.telephonyservice,4660,NULL,0,Notification(pri=0 contentView=null vibrate=null sound=null defaults=0x0 flags=0x0 color=0x00000000 category=call vis=PRIVATE),0]
07-26 15:23:14.476  2309  2309 I notification_cancel: [10010,2495,com.honda.telephonyservice,4660,NULL,0,0,66,2,NULL]
07-26 15:23:14.477  2309  2309 I notification_canceled: [0|com.honda.telephonyservice|4660|null|1000,2]
07-26 15:23:15.401  2309  2309 I notification_enqueue: [1000,2965,com.honda.telephonyservice,4660,NULL,0,Notification(pri=0 contentView=null vibrate=null sound=null defaults=0x0 flags=0x0 color=0x00000000 category=call vis=PRIVATE),0]
07-26 15:23:15.425  2309  2309 I notification_cancel: [10010,2495,com.honda.telephonyservice,4660,NULL,0,0,66,2,NULL]
07-26 15:23:15.425  2309  2309 I notification_canceled: [0|com.honda.telephonyservice|4660|null|1000,2]
07-26 15:23:16.398  2309  2309 I notification_enqueue: [1000,2965,com.honda.telephonyservice,4660,NULL,0,Notification(pri=0 contentView=null vibrate=null sound=null defaults=0x0 flags=0x0 color=0x00000000 category=call vis=PRIVATE),0]
07-26 15:23:16.419  2309  2309 I notification_cancel: [10010,2495,com.honda.telephonyservice,4660,NULL,0,0,66,2,NULL]
07-26 15:23:16.420  2309  2309 I notification_canceled: [0|com.honda.telephonyservice|4660|null|1000,2]
07-26 15:23:17.396  2309  2309 I notification_enqueue: [1000,2965,com.honda.telephonyservice,4660,NULL,0,Notification(pri=0 contentView=null vibrate=null sound=null defaults=0x0 flags=0x0 color=0x00000000 category=call vis=PRIVATE),0]
07-26 15:23:17.422  2309  2309 I notification_cancel: [10010,2495,com.honda.telephonyservice,4660,NULL,0,0,66,2,NULL]
07-26 15:23:17.422  2309  2309 I notification_canceled: [0|com.honda.telephonyservice|4660|null|1000,2]
07-26 15:23:18.428  2309  2309 I notification_enqueue: [1000,2965,com.honda.telephonyservice,4660,NULL,0,Notification(pri=0 contentView=null vibrate=null sound=null defaults=0x0 flags=0x0 color=0x00000000 category=call vis=PRIVATE),0]
07-26 15:23:18.442  2309  2309 I notification_cancel: [10010,2495,com.honda.telephonyservice,4660,NULL,0,0,66,2,NULL]
07-26 15:23:18.442  2309  2309 I notification_canceled: [0|com.honda.telephonyservice|4660|null|1000,2]
07-26 15:23:19.399  2309  2309 I notification_enqueue: [1000,2965,com.honda.telephonyservice,4660,NULL,0,Notification(pri=0 contentView=null vibrate=null sound=null defaults=0x0 flags=0x0 color=0x00000000 category=call vis=PRIVATE),0]
07-26 15:23:19.404  2309  2309 I notification_cancel: [10010,2495,com.honda.telephonyservice,4660,NULL,0,0,66,2,NULL]
07-26 15:23:19.404  2309  2309 I notification_canceled: [0|com.honda.telephonyservice|4660|null|1000,2]
07-26 15:23:20.399  2309  2309 I notification_enqueue: [1000,2965,com.honda.telephonyservice,4660,NULL,0,Notification(pri=0 contentView=null vibrate=null sound=null defaults=0x0 flags=0x0 color=0x00000000 category=call vis=PRIVATE),0]
07-26 15:23:20.417  2309  2309 I notification_cancel: [10010,2495,com.honda.telephonyservice,4660,NULL,0,0,66,2,NULL]
07-26 15:23:20.417  2309  2309 I notification_canceled: [0|com.honda.telephonyservice|4660|null|1000,2]
07-26 15:23:20.872  9565  9565 I auditd  : type=1400 audit(0.0:36): avc: denied { call } for comm="dumpsys" scontext=u:r:dumpstate:s0 tcontext=u:r:init:s0 tclass=binder permissive=1
07-26 15:23:21.406  2309  2309 I notification_enqueue: [1000,2965,com.honda.telephonyservice,4660,NULL,0,Notification(pri=0 contentView=null vibrate=null sound=null defaults=0x0 flags=0x0 color=0x00000000 category=call vis=PRIVATE),0]
07-26 15:23:21.416  2309  2309 I notification_cancel: [10010,2495,com.honda.telephonyservice,4660,NULL,0,0,66,2,NULL]
07-26 15:23:21.417  2309  2309 I notification_canceled: [0|com.honda.telephonyservice|4660|null|1000,2]
07-26 15:23:22.398  2309  2309 I notification_enqueue: [1000,2965,com.honda.telephonyservice,4660,NULL,0,Notification(pri=0 contentView=null vibrate=null sound=null defaults=0x0 flags=0x0 color=0x00000000 category=call vis=PRIVATE),0]
07-26 15:23:22.410  2309  2309 I notification_cancel: [10010,2495,com.honda.telephonyservice,4660,NULL,0,0,66,2,NULL]
07-26 15:23:22.410  2309  2309 I notification_canceled: [0|com.honda.telephonyservice|4660|null|1000,2]
07-26 15:23:22.947  2309  3185 I dvm_lock_sample: [system_server,1,Binder_E,30,LocationManagerService.java,919,-,2280,6]
07-26 15:23:23.283  2309  3177 I force_gc: Binder
07-26 15:23:23.413  2309  2309 I notification_enqueue: [1000,2965,com.honda.telephonyservice,4660,NULL,0,Notification(pri=0 contentView=null vibrate=null sound=null defaults=0x0 flags=0x0 color=0x00000000 category=call vis=PRIVATE),0]
07-26 15:23:23.464  2309  2309 I notification_cancel: [10010,2495,com.honda.telephonyservice,4660,NULL,0,0,66,2,NULL]
07-26 15:23:23.465  2309  2309 I notification_canceled: [0|com.honda.telephonyservice|4660|null|1000,2]
07-26 15:23:24.400  2309  2309 I notification_enqueue: [1000,2965,com.honda.telephonyservice,4660,NULL,0,Notification(pri=0 contentView=null vibrate=null sound=null defaults=0x0 flags=0x0 color=0x00000000 category=call vis=PRIVATE),0]
07-26 15:23:24.418  2309  2309 I notification_cancel: [10010,2495,com.honda.telephonyservice,4660,NULL,0,0,66,2,NULL]
07-26 15:23:24.418  2309  2309 I notification_canceled: [0|com.honda.telephonyservice|4660|null|1000,2]
07-26 15:23:25.410  2309  2309 I notification_enqueue: [1000,2965,com.honda.telephonyservice,4660,NULL,0,Notification(pri=0 contentView=null vibrate=null sound=null defaults=0x0 flags=0x0 color=0x00000000 category=call vis=PRIVATE),0]
07-26 15:23:25.435  2309  2309 I notification_cancel: [10010,2495,com.honda.telephonyservice,4660,NULL,0,0,66,2,NULL]
07-26 15:23:25.436  2309  2309 I notification_canceled: [0|com.honda.telephonyservice|4660|null|1000,2]
07-26 15:23:26.403  2309  2309 I notification_enqueue: [1000,2965,com.honda.telephonyservice,4660,NULL,0,Notification(pri=0 contentView=null vibrate=null sound=null defaults=0x0 flags=0x0 color=0x00000000 category=call vis=PRIVATE),0]
07-26 15:23:26.428  2309  2309 I notification_cancel: [10010,2495,com.honda.telephonyservice,4660,NULL,0,0,66,2,NULL]
07-26 15:23:26.429  2309  2309 I notification_canceled: [0|com.honda.telephonyservice|4660|null|1000,2]
07-26 15:23:27.401  2309  2309 I notification_enqueue: [1000,2965,com.honda.telephonyservice,4660,NULL,0,Notification(pri=0 contentView=null vibrate=null sound=null defaults=0x0 flags=0x0 color=0x00000000 category=call vis=PRIVATE),0]
07-26 15:23:27.412  2309  2309 I notification_cancel: [10010,2495,com.honda.telephonyservice,4660,NULL,0,0,66,2,NULL]
07-26 15:23:27.412  2309  2309 I notification_canceled: [0|com.honda.telephonyservice|4660|null|1000,2]
07-26 15:23:28.400  2309  2309 I notification_enqueue: [1000,2965,com.honda.telephonyservice,4660,NULL,0,Notification(pri=0 contentView=null vibrate=null sound=null defaults=0x0 flags=0x0 color=0x00000000 category=call vis=PRIVATE),0]
07-26 15:23:28.405  2309  2309 I notification_cancel: [10010,2495,com.honda.telephonyservice,4660,NULL,0,0,66,2,NULL]
07-26 15:23:28.406  2309  2309 I notification_canceled: [0|com.honda.telephonyservice|4660|null|1000,2]
07-26 15:23:29.407  2309  2309 I notification_enqueue: [1000,2965,com.honda.telephonyservice,4660,NULL,0,Notification(pri=0 contentView=null vibrate=null sound=null defaults=0x0 flags=0x0 color=0x00000000 category=call vis=PRIVATE),0]
07-26 15:23:29.421  2309  2309 I notification_cancel: [10010,2495,com.honda.telephonyservice,4660,NULL,0,0,66,2,NULL]
07-26 15:23:29.422  2309  2309 I notification_canceled: [0|com.honda.telephonyservice|4660|null|1000,2]
07-26 15:23:30.401  2309  2309 I notification_enqueue: [1000,2965,com.honda.telephonyservice,4660,NULL,0,Notification(pri=0 contentView=null vibrate=null sound=null defaults=0x0 flags=0x0 color=0x00000000 category=call vis=PRIVATE),0]
07-26 15:23:30.409  2309  2309 I notification_cancel: [10010,2495,com.honda.telephonyservice,4660,NULL,0,0,66,2,NULL]
07-26 15:23:30.409  2309  2309 I notification_canceled: [0|com.honda.telephonyservice|4660|null|1000,2]
07-26 15:23:31.100  2309  2325 I am_proc_start: [0,9810,1000,com.honda.auto.linkmanager.helperservice:lmsrv,service,com.honda.auto.linkmanager.helperservice/uie.linkmanager.LinkManagerService]
07-26 15:23:31.159  2309  3185 I am_proc_bound: [0,9810,com.honda.auto.linkmanager.helperservice:lmsrv]
07-26 15:23:31.401  2309  2309 I notification_enqueue: [1000,2965,com.honda.telephonyservice,4660,NULL,0,Notification(pri=0 contentView=null vibrate=null sound=null defaults=0x0 flags=0x0 color=0x00000000 category=call vis=PRIVATE),0]
07-26 15:23:31.406  2309  2309 I notification_cancel: [10010,2495,com.honda.telephonyservice,4660,NULL,0,0,66,2,NULL]
07-26 15:23:31.409  2309  2309 I notification_canceled: [0|com.honda.telephonyservice|4660|null|1000,2]
07-26 15:23:31.512  2376  2376 I auditd  : type=1400 audit(0.0:37): avc: denied { write } for comm="Binder_1" name="dr_playback_commands" dev="tmpfs" ino=5078 scontext=u:r:system_server:s0 tcontext=u:object_r:socket_device:s0 tclass=sock_file permissive=1
07-26 15:23:31.735  2309  3175 I am_proc_died: [0,9810,com.honda.auto.linkmanager.helperservice:lmsrv]
07-26 15:23:32.434  2309  2309 I notification_enqueue: [1000,2965,com.honda.telephonyservice,4660,NULL,0,Notification(pri=0 contentView=null vibrate=null sound=null defaults=0x0 flags=0x0 color=0x00000000 category=call vis=PRIVATE),0]
07-26 15:23:32.488  2309  2309 I notification_cancel: [10010,2495,com.honda.telephonyservice,4660,NULL,0,0,66,2,NULL]
07-26 15:23:32.488  2309  2309 I notification_canceled: [0|com.honda.telephonyservice|4660|null|1000,2]
07-26 15:23:33.407  2309  2309 I notification_enqueue: [1000,2965,com.honda.telephonyservice,4660,NULL,0,Notification(pri=0 contentView=null vibrate=null sound=null defaults=0x0 flags=0x0 color=0x00000000 category=call vis=PRIVATE),0]
07-26 15:23:33.436  2309  2309 I notification_cancel: [10010,2495,com.honda.telephonyservice,4660,NULL,0,0,66,2,NULL]
07-26 15:23:33.436  2309  2309 I notification_canceled: [0|com.honda.telephonyservice|4660|null|1000,2]
07-26 15:23:34.407  2309  2309 I notification_enqueue: [1000,2965,com.honda.telephonyservice,4660,NULL,0,Notification(pri=0 contentView=null vibrate=null sound=null defaults=0x0 flags=0x0 color=0x00000000 category=call vis=PRIVATE),0]
07-26 15:23:34.423  2309  2309 I notification_cancel: [10010,2495,com.honda.telephonyservice,4660,NULL,0,0,66,2,NULL]
07-26 15:23:34.424  2309  2309 I notification_canceled: [0|com.honda.telephonyservice|4660|null|1000,2]
07-26 15:23:35.378  1837  1837 I sf_frame_dur: [,10002,66,8,2,0,2,0]
07-26 15:23:35.400  2309  2309 I notification_enqueue: [1000,2965,com.honda.telephonyservice,4660,NULL,0,Notification(pri=0 contentView=null vibrate=null sound=null defaults=0x0 flags=0x0 color=0x00000000 category=call vis=PRIVATE),0]
07-26 15:23:35.406  2309  2309 I notification_cancel: [10010,2495,com.honda.telephonyservice,4660,NULL,0,0,66,2,NULL]
07-26 15:23:35.406  2309  2309 I notification_canceled: [0|com.honda.telephonyservice|4660|null|1000,2]
07-26 15:23:36.399  2309  2309 I notification_enqueue: [1000,2965,com.honda.telephonyservice,4660,NULL,0,Notification(pri=0 contentView=null vibrate=null sound=null defaults=0x0 flags=0x0 color=0x00000000 category=call vis=PRIVATE),0]
07-26 15:23:36.405  2309  2309 I notification_cancel: [10010,2495,com.honda.telephonyservice,4660,NULL,0,0,66,2,NULL]
07-26 15:23:36.406  2309  2309 I notification_canceled: [0|com.honda.telephonyservice|4660|null|1000,2]
07-26 15:23:37.397  2309  2309 I notification_enqueue: [1000,2965,com.honda.telephonyservice,4660,NULL,0,Notification(pri=0 contentView=null vibrate=null sound=null defaults=0x0 flags=0x0 color=0x00000000 category=call vis=PRIVATE),0]
07-26 15:23:37.404  2309  2309 I notification_cancel: [10010,2495,com.honda.telephonyservice,4660,NULL,0,0,66,2,NULL]
07-26 15:23:37.404  2309  2309 I notification_canceled: [0|com.honda.telephonyservice|4660|null|1000,2]
07-26 15:23:38.395  2309  2309 I notification_enqueue: [1000,2965,com.honda.telephonyservice,4660,NULL,0,Notification(pri=0 contentView=null vibrate=null sound=null defaults=0x0 flags=0x0 color=0x00000000 category=call vis=PRIVATE),0]
07-26 15:23:38.401  2309  2309 I notification_cancel: [10010,2495,com.honda.telephonyservice,4660,NULL,0,0,66,2,NULL]
07-26 15:23:38.401  2309  2309 I notification_canceled: [0|com.honda.telephonyservice|4660|null|1000,2]
07-26 15:23:39.397  2309  2309 I notification_enqueue: [1000,2965,com.honda.telephonyservice,4660,NULL,0,Notification(pri=0 contentView=null vibrate=null sound=null defaults=0x0 flags=0x0 color=0x00000000 category=call vis=PRIVATE),0]
07-26 15:23:39.403  2309  2309 I notification_cancel: [10010,2495,com.honda.telephonyservice,4660,NULL,0,0,66,2,NULL]
07-26 15:23:39.403  2309  2309 I notification_canceled: [0|com.honda.telephonyservice|4660|null|1000,2]
07-26 15:23:40.398  2309  2309 I notification_enqueue: [1000,2965,com.honda.telephonyservice,4660,NULL,0,Notification(pri=0 contentView=null vibrate=null sound=null defaults=0x0 flags=0x0 color=0x00000000 category=call vis=PRIVATE),0]
07-26 15:23:40.405  2309  2309 I notification_cancel: [10010,2495,com.honda.telephonyservice,4660,NULL,0,0,66,2,NULL]
07-26 15:23:40.406  2309  2309 I notification_canceled: [0|com.honda.telephonyservice|4660|null|1000,2]
07-26 15:23:41.398  2309  2309 I notification_enqueue: [1000,2965,com.honda.telephonyservice,4660,NULL,0,Notification(pri=0 contentView=null vibrate=null sound=null defaults=0x0 flags=0x0 color=0x00000000 category=call vis=PRIVATE),0]
07-26 15:23:41.406  2309  2309 I notification_cancel: [10010,2495,com.honda.telephonyservice,4660,NULL,0,0,66,2,NULL]
07-26 15:23:41.406  2309  2309 I notification_canceled: [0|com.honda.telephonyservice|4660|null|1000,2]
07-26 15:23:42.397  2309  2309 I notification_enqueue: [1000,2965,com.honda.telephonyservice,4660,NULL,0,Notification(pri=0 contentView=null vibrate=null sound=null defaults=0x0 flags=0x0 color=0x00000000 category=call vis=PRIVATE),0]
07-26 15:23:42.405  2309  2309 I notification_cancel: [10010,2495,com.honda.telephonyservice,4660,NULL,0,0,66,2,NULL]
07-26 15:23:42.406  2309  2309 I notification_canceled: [0|com.honda.telephonyservice|4660|null|1000,2]
07-26 15:23:43.401  2309  2309 I notification_enqueue: [1000,2965,com.honda.telephonyservice,4660,NULL,0,Notification(pri=0 contentView=null vibrate=null sound=null defaults=0x0 flags=0x0 color=0x00000000 category=call vis=PRIVATE),0]
07-26 15:23:43.406  2309  2309 I notification_cancel: [10010,2495,com.honda.telephonyservice,4660,NULL,0,0,66,2,NULL]
07-26 15:23:43.406  2309  2309 I notification_canceled: [0|com.honda.telephonyservice|4660|null|1000,2]
07-26 15:23:44.397  2309  2309 I notification_enqueue: [1000,2965,com.honda.telephonyservice,4660,NULL,0,Notification(pri=0 contentView=null vibrate=null sound=null defaults=0x0 flags=0x0 color=0x00000000 category=call vis=PRIVATE),0]
07-26 15:23:44.404  2309  2309 I notification_cancel: [10010,2495,com.honda.telephonyservice,4660,NULL,0,0,66,2,NULL]
07-26 15:23:44.404  2309  2309 I notification_canceled: [0|com.honda.telephonyservice|4660|null|1000,2]
07-26 15:23:45.399  2309  2309 I notification_enqueue: [1000,2965,com.honda.telephonyservice,4660,NULL,0,Notification(pri=0 contentView=null vibrate=null sound=null defaults=0x0 flags=0x0 color=0x00000000 category=call vis=PRIVATE),0]
07-26 15:23:45.407  2309  2309 I notification_cancel: [10010,2495,com.honda.telephonyservice,4660,NULL,0,0,66,2,NULL]
07-26 15:23:45.407  2309  2309 I notification_canceled: [0|com.honda.telephonyservice|4660|null|1000,2]
07-26 15:23:46.397  2309  2309 I notification_enqueue: [1000,2965,com.honda.telephonyservice,4660,NULL,0,Notification(pri=0 contentView=null vibrate=null sound=null defaults=0x0 flags=0x0 color=0x00000000 category=call vis=PRIVATE),0]
07-26 15:23:46.405  2309  2309 I notification_cancel: [10010,2495,com.honda.telephonyservice,4660,NULL,0,0,66,2,NULL]
07-26 15:23:46.405  2309  2309 I notification_canceled: [0|com.honda.telephonyservice|4660|null|1000,2]
07-26 15:23:47.399  2309  2309 I notification_enqueue: [1000,2965,com.honda.telephonyservice,4660,NULL,0,Notification(pri=0 contentView=null vibrate=null sound=null defaults=0x0 flags=0x0 color=0x00000000 category=call vis=PRIVATE),0]
07-26 15:23:47.406  2309  2309 I notification_cancel: [10010,2495,com.honda.telephonyservice,4660,NULL,0,0,66,2,NULL]
07-26 15:23:47.407  2309  2309 I notification_canceled: [0|com.honda.telephonyservice|4660|null|1000,2]
07-26 15:23:48.402  2309  2309 I notification_enqueue: [1000,2965,com.honda.telephonyservice,4660,NULL,0,Notification(pri=0 contentView=null vibrate=null sound=null defaults=0x0 flags=0x0 color=0x00000000 category=call vis=PRIVATE),0]
07-26 15:23:48.408  2309  2309 I notification_cancel: [10010,2495,com.honda.telephonyservice,4660,NULL,0,0,66,2,NULL]
07-26 15:23:48.408  2309  2309 I notification_canceled: [0|com.honda.telephonyservice|4660|null|1000,2]
07-26 15:23:49.397  2309  2309 I notification_enqueue: [1000,2965,com.honda.telephonyservice,4660,NULL,0,Notification(pri=0 contentView=null vibrate=null sound=null defaults=0x0 flags=0x0 color=0x00000000 category=call vis=PRIVATE),0]
07-26 15:23:49.406  2309  2309 I notification_cancel: [10010,2495,com.honda.telephonyservice,4660,NULL,0,0,66,2,NULL]
07-26 15:23:49.406  2309  2309 I notification_canceled: [0|com.honda.telephonyservice|4660|null|1000,2]
07-26 15:23:50.397  2309  2309 I notification_enqueue: [1000,2965,com.honda.telephonyservice,4660,NULL,0,Notification(pri=0 contentView=null vibrate=null sound=null defaults=0x0 flags=0x0 color=0x00000000 category=call vis=PRIVATE),0]
07-26 15:23:50.404  2309  2309 I notification_cancel: [10010,2495,com.honda.telephonyservice,4660,NULL,0,0,66,2,NULL]
07-26 15:23:50.405  2309  2309 I notification_canceled: [0|com.honda.telephonyservice|4660|null|1000,2]
07-26 15:23:51.397  2309  2309 I notification_enqueue: [1000,2965,com.honda.telephonyservice,4660,NULL,0,Notification(pri=0 contentView=null vibrate=null sound=null defaults=0x0 flags=0x0 color=0x00000000 category=call vis=PRIVATE),0]
07-26 15:23:51.403  2309  2309 I notification_cancel: [10010,2495,com.honda.telephonyservice,4660,NULL,0,0,66,2,NULL]
07-26 15:23:51.404  2309  2309 I notification_canceled: [0|com.honda.telephonyservice|4660|null|1000,2]
07-26 15:23:52.401  2309  2309 I notification_enqueue: [1000,2965,com.honda.telephonyservice,4660,NULL,0,Notification(pri=0 contentView=null vibrate=null sound=null defaults=0x0 flags=0x0 color=0x00000000 category=call vis=PRIVATE),0]
07-26 15:23:52.407  2309  2309 I notification_cancel: [10010,2495,com.honda.telephonyservice,4660,NULL,0,0,66,2,NULL]
07-26 15:23:52.407  2309  2309 I notification_canceled: [0|com.honda.telephonyservice|4660|null|1000,2]
07-26 15:23:52.531  2309  3175 I force_gc: Binder
07-26 15:23:52.736  3313  3428 I force_gc: Binder
07-26 15:23:53.398  2309  2309 I notification_enqueue: [1000,2965,com.honda.telephonyservice,4660,NULL,0,Notification(pri=0 contentView=null vibrate=null sound=null defaults=0x0 flags=0x0 color=0x00000000 category=call vis=PRIVATE),0]
07-26 15:23:53.405  2309  2309 I notification_cancel: [10010,2495,com.honda.telephonyservice,4660,NULL,0,0,66,2,NULL]
07-26 15:23:53.407  2309  2309 I notification_canceled: [0|com.honda.telephonyservice|4660|null|1000,2]
07-26 15:23:54.397  2309  2309 I notification_enqueue: [1000,2965,com.honda.telephonyservice,4660,NULL,0,Notification(pri=0 contentView=null vibrate=null sound=null defaults=0x0 flags=0x0 color=0x00000000 category=call vis=PRIVATE),0]
07-26 15:23:54.407  2309  2309 I notification_cancel: [10010,2495,com.honda.telephonyservice,4660,NULL,0,0,66,2,NULL]
07-26 15:23:54.408  2309  2309 I notification_canceled: [0|com.honda.telephonyservice|4660|null|1000,2]
07-26 15:23:55.394  2309  2309 I notification_enqueue: [1000,2965,com.honda.telephonyservice,4660,NULL,0,Notification(pri=0 contentView=null vibrate=null sound=null defaults=0x0 flags=0x0 color=0x00000000 category=call vis=PRIVATE),0]
07-26 15:23:55.402  2309  2309 I notification_cancel: [10010,2495,com.honda.telephonyservice,4660,NULL,0,0,66,2,NULL]
07-26 15:23:55.403  2309  2309 I notification_canceled: [0|com.honda.telephonyservice|4660|null|1000,2]
07-26 15:23:56.396  2309  2309 I notification_enqueue: [1000,2965,com.honda.telephonyservice,4660,NULL,0,Notification(pri=0 contentView=null vibrate=null sound=null defaults=0x0 flags=0x0 color=0x00000000 category=call vis=PRIVATE),0]
07-26 15:23:56.401  2309  2309 I notification_cancel: [10010,2495,com.honda.telephonyservice,4660,NULL,0,0,66,2,NULL]
07-26 15:23:56.401  2309  2309 I notification_canceled: [0|com.honda.telephonyservice|4660|null|1000,2]
07-26 15:23:57.395  2309  2309 I notification_enqueue: [1000,2965,com.honda.telephonyservice,4660,NULL,0,Notification(pri=0 contentView=null vibrate=null sound=null defaults=0x0 flags=0x0 color=0x00000000 category=call vis=PRIVATE),0]
07-26 15:23:57.401  2309  2309 I notification_cancel: [10010,2495,com.honda.telephonyservice,4660,NULL,0,0,66,2,NULL]
07-26 15:23:57.402  2309  2309 I notification_canceled: [0|com.honda.telephonyservice|4660|null|1000,2]
07-26 15:23:58.397  2309  2309 I notification_enqueue: [1000,2965,com.honda.telephonyservice,4660,NULL,0,Notification(pri=0 contentView=null vibrate=null sound=null defaults=0x0 flags=0x0 color=0x00000000 category=call vis=PRIVATE),0]
07-26 15:23:58.405  2309  2309 I notification_cancel: [10010,2495,com.honda.telephonyservice,4660,NULL,0,0,66,2,NULL]
07-26 15:23:58.405  2309  2309 I notification_canceled: [0|com.honda.telephonyservice|4660|null|1000,2]
07-26 15:23:59.397  2309  2309 I notification_enqueue: [1000,2965,com.honda.telephonyservice,4660,NULL,0,Notification(pri=0 contentView=null vibrate=null sound=null defaults=0x0 flags=0x0 color=0x00000000 category=call vis=PRIVATE),0]
07-26 15:23:59.407  2309  2309 I notification_cancel: [10010,2495,com.honda.telephonyservice,4660,NULL,0,0,66,2,NULL]
07-26 15:23:59.408  2309  2309 I notification_canceled: [0|com.honda.telephonyservice|4660|null|1000,2]
07-26 15:24:00.395  2309  2309 I notification_enqueue: [1000,2965,com.honda.telephonyservice,4660,NULL,0,Notification(pri=0 contentView=null vibrate=null sound=null defaults=0x0 flags=0x0 color=0x00000000 category=call vis=PRIVATE),0]
07-26 15:24:00.404  2309  2309 I notification_cancel: [10010,2495,com.honda.telephonyservice,4660,NULL,0,0,66,2,NULL]
07-26 15:24:00.404  2309  2309 I notification_canceled: [0|com.honda.telephonyservice|4660|null|1000,2]
07-26 15:24:01.397  2309  2309 I notification_enqueue: [1000,2965,com.honda.telephonyservice,4660,NULL,0,Notification(pri=0 contentView=null vibrate=null sound=null defaults=0x0 flags=0x0 color=0x00000000 category=call vis=PRIVATE),0]
07-26 15:24:01.403  2309  2309 I notification_cancel: [10010,2495,com.honda.telephonyservice,4660,NULL,0,0,66,2,NULL]
07-26 15:24:01.403  2309  2309 I notification_canceled: [0|com.honda.telephonyservice|4660|null|1000,2]
07-26 15:24:01.574  2309  3185 I am_proc_start: [0,10014,1000,com.honda.auto.linkmanager.helperservice:lmsrv,service,com.honda.auto.linkmanager.helperservice/uie.linkmanager.LinkManagerService]
07-26 15:24:01.604  2309  2657 I am_proc_bound: [0,10014,com.honda.auto.linkmanager.helperservice:lmsrv]
07-26 15:24:01.972  2309  3176 I am_proc_died: [0,10014,com.honda.auto.linkmanager.helperservice:lmsrv]
07-26 15:24:02.399  2309  2309 I notification_enqueue: [1000,2965,com.honda.telephonyservice,4660,NULL,0,Notification(pri=0 contentView=null vibrate=null sound=null defaults=0x0 flags=0x0 color=0x00000000 category=call vis=PRIVATE),0]
07-26 15:24:02.405  2309  2309 I notification_cancel: [10010,2495,com.honda.telephonyservice,4660,NULL,0,0,66,2,NULL]
07-26 15:24:02.405  2309  2309 I notification_canceled: [0|com.honda.telephonyservice|4660|null|1000,2]
07-26 15:24:03.395  2309  2309 I notification_enqueue: [1000,2965,com.honda.telephonyservice,4660,NULL,0,Notification(pri=0 contentView=null vibrate=null sound=null defaults=0x0 flags=0x0 color=0x00000000 category=call vis=PRIVATE),0]
07-26 15:24:03.402  2309  2309 I notification_cancel: [10010,2495,com.honda.telephonyservice,4660,NULL,0,0,66,2,NULL]
07-26 15:24:03.402  2309  2309 I notification_canceled: [0|com.honda.telephonyservice|4660|null|1000,2]
07-26 15:24:04.397  2309  2309 I notification_enqueue: [1000,2965,com.honda.telephonyservice,4660,NULL,0,Notification(pri=0 contentView=null vibrate=null sound=null defaults=0x0 flags=0x0 color=0x00000000 category=call vis=PRIVATE),0]
07-26 15:24:04.402  2309  2309 I notification_cancel: [10010,2495,com.honda.telephonyservice,4660,NULL,0,0,66,2,NULL]
07-26 15:24:04.403  2309  2309 I notification_canceled: [0|com.honda.telephonyservice|4660|null|1000,2]
07-26 15:24:05.397  2309  2309 I notification_enqueue: [1000,2965,com.honda.telephonyservice,4660,NULL,0,Notification(pri=0 contentView=null vibrate=null sound=null defaults=0x0 flags=0x0 color=0x00000000 category=call vis=PRIVATE),0]
07-26 15:24:05.403  2309  2309 I notification_cancel: [10010,2495,com.honda.telephonyservice,4660,NULL,0,0,66,2,NULL]
07-26 15:24:05.403  2309  2309 I notification_canceled: [0|com.honda.telephonyservice|4660|null|1000,2]
07-26 15:24:06.397  2309  2309 I notification_enqueue: [1000,2965,com.honda.telephonyservice,4660,NULL,0,Notification(pri=0 contentView=null vibrate=null sound=null defaults=0x0 flags=0x0 color=0x00000000 category=call vis=PRIVATE),0]
07-26 15:24:06.405  2309  2309 I notification_cancel: [10010,2495,com.honda.telephonyservice,4660,NULL,0,0,66,2,NULL]
07-26 15:24:06.405  2309  2309 I notification_canceled: [0|com.honda.telephonyservice|4660|null|1000,2]
07-26 15:24:07.395  2309  2309 I notification_enqueue: [1000,2965,com.honda.telephonyservice,4660,NULL,0,Notification(pri=0 contentView=null vibrate=null sound=null defaults=0x0 flags=0x0 color=0x00000000 category=call vis=PRIVATE),0]
07-26 15:24:07.402  2309  2309 I notification_cancel: [10010,2495,com.honda.telephonyservice,4660,NULL,0,0,66,2,NULL]
07-26 15:24:07.402  2309  2309 I notification_canceled: [0|com.honda.telephonyservice|4660|null|1000,2]
07-26 15:24:08.398  2309  2309 I notification_enqueue: [1000,2965,com.honda.telephonyservice,4660,NULL,0,Notification(pri=0 contentView=null vibrate=null sound=null defaults=0x0 flags=0x0 color=0x00000000 category=call vis=PRIVATE),0]
07-26 15:24:08.404  2309  2309 I notification_cancel: [10010,2495,com.honda.telephonyservice,4660,NULL,0,0,66,2,NULL]
07-26 15:24:08.404  2309  2309 I notification_canceled: [0|com.honda.telephonyservice|4660|null|1000,2]
07-26 15:24:09.397  2309  2309 I notification_enqueue: [1000,2965,com.honda.telephonyservice,4660,NULL,0,Notification(pri=0 contentView=null vibrate=null sound=null defaults=0x0 flags=0x0 color=0x00000000 category=call vis=PRIVATE),0]
07-26 15:24:09.404  2309  2309 I notification_cancel: [10010,2495,com.honda.telephonyservice,4660,NULL,0,0,66,2,NULL]
07-26 15:24:09.404  2309  2309 I notification_canceled: [0|com.honda.telephonyservice|4660|null|1000,2]
07-26 15:24:10.399  2309  2309 I notification_enqueue: [1000,2965,com.honda.telephonyservice,4660,NULL,0,Notification(pri=0 contentView=null vibrate=null sound=null defaults=0x0 flags=0x0 color=0x00000000 category=call vis=PRIVATE),0]
07-26 15:24:10.405  2309  2309 I notification_cancel: [10010,2495,com.honda.telephonyservice,4660,NULL,0,0,66,2,NULL]
07-26 15:24:10.405  2309  2309 I notification_canceled: [0|com.honda.telephonyservice|4660|null|1000,2]
07-26 15:24:11.394  2309  2309 I notification_enqueue: [1000,2965,com.honda.telephonyservice,4660,NULL,0,Notification(pri=0 contentView=null vibrate=null sound=null defaults=0x0 flags=0x0 color=0x00000000 category=call vis=PRIVATE),0]
07-26 15:24:11.406  2309  2309 I notification_cancel: [10010,2495,com.honda.telephonyservice,4660,NULL,0,0,66,2,NULL]
07-26 15:24:11.407  2309  2309 I notification_canceled: [0|com.honda.telephonyservice|4660|null|1000,2]
07-26 15:24:12.396  2309  2309 I notification_enqueue: [1000,2965,com.honda.telephonyservice,4660,NULL,0,Notification(pri=0 contentView=null vibrate=null sound=null defaults=0x0 flags=0x0 color=0x00000000 category=call vis=PRIVATE),0]
07-26 15:24:12.401  2309  2309 I notification_cancel: [10010,2495,com.honda.telephonyservice,4660,NULL,0,0,66,2,NULL]
07-26 15:24:12.401  2309  2309 I notification_canceled: [0|com.honda.telephonyservice|4660|null|1000,2]
07-26 15:24:13.398  2309  2309 I notification_enqueue: [1000,2965,com.honda.telephonyservice,4660,NULL,0,Notification(pri=0 contentView=null vibrate=null sound=null defaults=0x0 flags=0x0 color=0x00000000 category=call vis=PRIVATE),0]
07-26 15:24:13.403  2309  2309 I notification_cancel: [10010,2495,com.honda.telephonyservice,4660,NULL,0,0,66,2,NULL]
07-26 15:24:13.403  2309  2309 I notification_canceled: [0|com.honda.telephonyservice|4660|null|1000,2]
07-26 15:24:14.396  2309  2309 I notification_enqueue: [1000,2965,com.honda.telephonyservice,4660,NULL,0,Notification(pri=0 contentView=null vibrate=null sound=null defaults=0x0 flags=0x0 color=0x00000000 category=call vis=PRIVATE),0]
07-26 15:24:14.402  2309  2309 I notification_cancel: [10010,2495,com.honda.telephonyservice,4660,NULL,0,0,66,2,NULL]
07-26 15:24:14.402  2309  2309 I notification_canceled: [0|com.honda.telephonyservice|4660|null|1000,2]
07-26 15:24:15.397  2309  2309 I notification_enqueue: [1000,2965,com.honda.telephonyservice,4660,NULL,0,Notification(pri=0 contentView=null vibrate=null sound=null defaults=0x0 flags=0x0 color=0x00000000 category=call vis=PRIVATE),0]
07-26 15:24:15.404  2309  2309 I notification_cancel: [10010,2495,com.honda.telephonyservice,4660,NULL,0,0,66,2,NULL]
07-26 15:24:15.404  2309  2309 I notification_canceled: [0|com.honda.telephonyservice|4660|null|1000,2]
07-26 15:24:16.396  2309  2309 I notification_enqueue: [1000,2965,com.honda.telephonyservice,4660,NULL,0,Notification(pri=0 contentView=null vibrate=null sound=null defaults=0x0 flags=0x0 color=0x00000000 category=call vis=PRIVATE),0]
07-26 15:24:16.397  2309  2309 I force_gc: Binder
07-26 15:24:16.480  2309  2309 I notification_cancel: [10010,2495,com.honda.telephonyservice,4660,NULL,0,0,66,2,NULL]
